simulated_sales_data.csv.csv
;global_id;date_placed;offer_dummy;sales;price;avg_price;promo_dummy;elasticity
0;0;0;0;481.7641334295554;29.752109390507318;35.45253370035623;1;2.8484424945598703
1;0;1;0;364.23693074233614;35.734720580960655;35.45253370035623;0;2.8484424945598703
2;0;2;0;379.12873502597955;36.00674582777414;35.45253370035623;0;2.8484424945598703
3;0;3;0;401.13884517536803;35.316357944448626;35.45253370035623;0;2.8484424945598703
4;0;4;0;358.22557524952447;36.66241216178759;35.45253370035623;0;2.8484424945598703
5;0;5;0;256.86089670052974;35.730060951067365;35.45253370035623;0;2.8484424945598703
6;0;6;0;616.580522897018;16.65854259009542;35.45253370035623;1;2.8484424945598703
7;0;7;0;579.7648868766306;29.713421203108606;35.45253370035623;1;2.8484424945598703
8;0;8;0;273.5407543292464;36.29134710692719;35.45253370035623;0;2.8484424945598703
9;0;9;0;725.4325011223211;25.144286601528528;35.45253370035623;1;2.8484424945598703
10;0;10;0;393.6938262741552;34.80187093192531;35.45253370035623;0;2.8484424945598703
11;0;11;0;243.6641973184032;36.2292036428255;35.45253370035623;0;2.8484424945598703
12;0;12;0;574.4336022678049;29.880646822222346;35.45253370035623;1;2.8484424945598703
13;0;13;0;832.2794259302827;21.792834847887104;35.45253370035623;1;2.8484424945598703
14;0;14;0;518.2604231973335;30.241835275588468;35.45253370035623;1;2.8484424945598703
15;0;15;0;482.05070150623794;32.77840766391542;35.45253370035623;0;2.8484424945598703
16;0;16;0;332.22992449007023;37.47781391042389;35.45253370035623;0;2.8484424945598703
17;0;17;0;441.357110182784;30.99341392164817;35.45253370035623;1;2.8484424945598703
18;0;18;0;501.58686722974824;32.16561963102475;35.45253370035623;0;2.8484424945598703
19;0;19;0;591.0803670079767;21.184585818413662;35.45253370035623;1;2.8484424945598703
20;0;20;0;985.1668607010517;16.997237199258734;35.45253370035623;1;2.8484424945598703
21;0;21;0;379.39663759359354;35.99834256739347;35.45253370035623;0;2.8484424945598703
22;0;22;0;413.1508653512243;33.02767448901407;35.45253370035623;0;2.8484424945598703
23;0;23;0;428.30740399662204;34.46416576138809;35.45253370035623;0;2.8484424945598703
24;0;24;0;284.61838540506733;37.817710726391795;35.45253370035623;0;2.8484424945598703
25;0;25;1;0.0;;35.45253370035623;0;2.8484424945598703
26;0;26;0;444.02527813763123;33.97114551819364;35.45253370035623;0;2.8484424945598703
27;0;27;0;402.01203911248973;35.28896859883016;35.45253370035623;0;2.8484424945598703
28;0;28;0;439.67495335509426;34.107601514915565;35.45253370035623;0;2.8484424945598703
29;0;29;0;341.28154223870854;34.15819588343719;35.45253370035623;0;2.8484424945598703
30;0;30;0;380.91821220211637;35.95061556075107;35.45253370035623;0;2.8484424945598703
31;0;31;0;626.1747342973919;26.872761350719987;35.45253370035623;1;2.8484424945598703
32;0;32;0;399.1265350962513;34.73389411658563;35.45253370035623;0;2.8484424945598703
33;0;33;0;299.62981778511624;36.454861828376416;35.45253370035623;0;2.8484424945598703
34;0;34;1;0.0;;35.45253370035623;0;2.8484424945598703
35;0;35;0;873.2549262015932;20.5075623659;35.45253370035623;1;2.8484424945598703
36;0;36;0;458.17186836446007;33.52741150611078;35.45253370035623;0;2.8484424945598703
37;0;37;0;337.7908674775887;34.12669100565117;35.45253370035623;0;2.8484424945598703
38;0;38;0;497.27698358821084;32.30080711643326;35.45253370035623;0;2.8484424945598703
39;0;39;0;391.7205534122257;35.6117801150223;35.45253370035623;0;2.8484424945598703
40;0;40;0;269.4270131633758;35.85663676313874;35.45253370035623;0;2.8484424945598703
41;0;41;0;430.2364699588986;34.40365703346932;35.45253370035623;0;2.8484424945598703
42;0;42;0;428.74249371112177;34.450518366394995;35.45253370035623;0;2.8484424945598703
43;0;43;0;381.55278908744947;35.93071088105165;35.45253370035623;0;2.8484424945598703
44;0;44;0;604.4388953657887;26.41526531528555;35.45253370035623;1;2.8484424945598703
45;0;45;0;370.99859370979505;36.26176277300164;35.45253370035623;0;2.8484424945598703
46;0;46;0;884.4262662855122;20.157152586843964;35.45253370035623;1;2.8484424945598703
47;0;47;0;826.2851752776442;21.98085562525303;35.45253370035623;1;2.8484424945598703
48;0;48;0;467.9996766379677;33.219144091471584;35.45253370035623;0;2.8484424945598703
49;0;49;0;463.71130527633403;33.35365680436477;35.45253370035623;0;2.8484424945598703
50;0;50;0;389.2782609626191;34.45993596851802;35.45253370035623;0;2.8484424945598703
51;0;51;0;392.2363326411021;34.80647317773198;35.45253370035623;0;2.8484424945598703
52;0;52;0;317.26071589355956;34.97522005996477;35.45253370035623;0;2.8484424945598703
53;0;53;0;812.1792956265078;21.240947251436264;35.45253370035623;1;2.8484424945598703
54;0;54;0;501.54900187936596;30.77402167975612;35.45253370035623;1;2.8484424945598703
55;0;55;0;346.4644462454573;37.03132176303563;35.45253370035623;0;2.8484424945598703
56;0;56;0;593.4257640686765;18.533230089739046;35.45253370035623;1;2.8484424945598703
57;0;57;0;413.73011116340695;34.43929763791985;35.45253370035623;0;2.8484424945598703
58;0;58;0;554.3910678931375;25.54472634062584;35.45253370035623;1;2.8484424945598703
59;0;59;0;696.2692760631317;20.026380643338577;35.45253370035623;1;2.8484424945598703
60;0;60;0;816.1716922226266;22.298083758688612;35.45253370035623;1;2.8484424945598703
61;0;61;0;394.911424223238;35.51169254025652;35.45253370035623;0;2.8484424945598703
62;0;62;0;637.752481746921;27.894532855439454;35.45253370035623;1;2.8484424945598703
63;0;63;0;330.24660593049634;36.060962425244455;35.45253370035623;0;2.8484424945598703
64;0;64;0;523.7628010677809;31.470030380480658;35.45253370035623;1;2.8484424945598703
65;0;65;0;792.2727470158545;23.04771845306447;35.45253370035623;1;2.8484424945598703
66;0;66;0;671.4231884821929;25.6341200578535;35.45253370035623;1;2.8484424945598703
67;0;67;0;846.1643703674793;21.357307840751485;35.45253370035623;1;2.8484424945598703
68;0;68;0;446.86015252341343;33.16868413752299;35.45253370035623;0;2.8484424945598703
69;0;69;1;0.0;;35.45253370035623;0;2.8484424945598703
70;0;70;0;391.2308266997967;30.534263990632354;35.45253370035623;1;2.8484424945598703
71;0;71;0;320.36219900227013;37.85006710787725;35.45253370035623;0;2.8484424945598703
72;0;72;0;854.2119372504469;21.104880995608827;35.45253370035623;1;2.8484424945598703
73;0;73;0;687.9393310182189;18.639965638596223;35.45253370035623;1;2.8484424945598703
74;0;74;0;963.8746213662964;14.851846604394401;35.45253370035623;1;2.8484424945598703
75;0;75;0;917.1286159831209;18.03417548237416;35.45253370035623;1;2.8484424945598703
76;0;76;0;383.7712093736354;35.861126018671996;35.45253370035623;0;2.8484424945598703
77;0;77;0;883.2383934930215;20.194412417771726;35.45253370035623;1;2.8484424945598703
78;0;78;0;660.3362647890117;26.18249104818268;35.45253370035623;1;2.8484424945598703
79;0;79;0;303.22004150800586;38.38776263723954;35.45253370035623;0;2.8484424945598703
80;0;80;0;353.74665923129214;35.71841232828786;35.45253370035623;0;2.8484424945598703
81;0;81;0;284.854736533224;34.44367031981724;35.45253370035623;0;2.8484424945598703
82;0;82;0;340.4258634423554;35.92081021648348;35.45253370035623;0;2.8484424945598703
83;0;83;0;436.2933937558741;26.960104489984147;35.45253370035623;1;2.8484424945598703
84;0;84;0;680.8321424096239;17.10308942820414;35.45253370035623;1;2.8484424945598703
85;0;85;0;937.9978399663396;18.476780925416783;35.45253370035623;1;2.8484424945598703
86;0;86;0;322.19682843111735;36.846499214973846;35.45253370035623;0;2.8484424945598703
87;0;87;0;364.99381867673293;36.45011366705825;35.45253370035623;0;2.8484424945598703
88;0;88;0;793.1527612190291;23.020115177165234;35.45253370035623;1;2.8484424945598703
89;0;89;0;375.3982954589109;36.12375797624146;35.45253370035623;0;2.8484424945598703
90;0;90;0;511.7682426945312;31.8462619263715;35.45253370035623;1;2.8484424945598703
91;0;91;0;232.6997518836978;37.83734723183513;35.45253370035623;0;2.8484424945598703
92;0;92;0;316.0416670132214;35.60310937996769;35.45253370035623;0;2.8484424945598703
93;0;93;0;346.53660960848924;37.02905822545589;35.45253370035623;0;2.8484424945598703
94;0;94;1;0.0;;35.45253370035623;0;2.8484424945598703
95;0;95;0;1085.8445678824821;13.83929438628355;35.45253370035623;1;2.8484424945598703
96;0;96;0;360.0981559073452;36.60367520009433;35.45253370035623;0;2.8484424945598703
97;0;97;0;911.0628704459075;19.321646147282333;35.45253370035623;1;2.8484424945598703
98;0;98;0;381.88864608078256;35.92017610420803;35.45253370035623;0;2.8484424945598703
99;0;99;0;205.3644915219278;38.67856757873073;35.45253370035623;0;2.8484424945598703
100;0;100;0;365.3985137330793;36.43741965683081;35.45253370035623;0;2.8484424945598703
101;0;101;0;972.3158272314661;17.400333673351533;35.45253370035623;1;2.8484424945598703
102;0;102;0;1036.9432977388794;15.373173324518168;35.45253370035623;1;2.8484424945598703
103;0;103;0;550.2930040825379;30.63786140998311;35.45253370035623;1;2.8484424945598703
104;0;104;0;490.7401182682804;30.289420997845983;35.45253370035623;1;2.8484424945598703
105;0;105;0;318.35280152920916;37.91309558246327;35.45253370035623;0;2.8484424945598703
106;0;106;1;0.0;;35.45253370035623;0;2.8484424945598703
107;0;107;0;853.5010417131693;19.403683940208758;35.45253370035623;1;2.8484424945598703
108;0;108;0;643.2957126326717;27.72065914867364;35.45253370035623;1;2.8484424945598703
109;0;109;0;369.17236007845736;32.81271551239223;35.45253370035623;0;2.8484424945598703
110;0;110;0;254.30873295641192;37.086772966534895;35.45253370035623;0;2.8484424945598703
111;0;111;0;411.9573599798306;34.977015183967886;35.45253370035623;0;2.8484424945598703
112;0;112;0;466.2032052212662;33.27549374580831;35.45253370035623;0;2.8484424945598703
113;0;113;0;708.6285544823346;25.67137352083763;35.45253370035623;1;2.8484424945598703
114;0;114;1;0.0;;35.45253370035623;0;2.8484424945598703
115;0;115;0;281.6576260230259;39.06410774796468;35.45253370035623;0;2.8484424945598703
116;0;116;0;394.8141868001162;35.514742572186094;35.45253370035623;0;2.8484424945598703
117;0;117;0;595.7286321264731;27.5527831574889;35.45253370035623;1;2.8484424945598703
118;0;118;1;0.0;;35.45253370035623;0;2.8484424945598703
119;0;119;0;281.6511479426216;35.185079710939654;35.45253370035623;0;2.8484424945598703
120;0;120;0;553.0095624960657;18.953615234562374;35.45253370035623;1;2.8484424945598703
121;0;121;0;1012.5589275046178;14.34261724091887;35.45253370035623;1;2.8484424945598703
122;0;122;0;394.7742393933023;35.51599559661202;35.45253370035623;0;2.8484424945598703
123;0;123;0;334.83395331104214;34.76214210105321;35.45253370035623;0;2.8484424945598703
124;0;124;0;859.9283019270656;16.92638834004811;35.45253370035623;1;2.8484424945598703
125;0;125;0;442.3991301930762;34.022152661265416;35.45253370035623;0;2.8484424945598703
126;0;126;1;0.0;;35.45253370035623;0;2.8484424945598703
127;0;127;0;252.87215280701486;37.31016506070933;35.45253370035623;0;2.8484424945598703
128;0;128;0;409.6699504232993;35.04876402262947;35.45253370035623;0;2.8484424945598703
129;0;129;0;773.5023581912319;23.636486474754182;35.45253370035623;1;2.8484424945598703
130;0;130;0;375.7270607452341;35.34666911047744;35.45253370035623;0;2.8484424945598703
131;0;131;0;478.6187305285665;22.72262652964964;35.45253370035623;1;2.8484424945598703
132;0;132;0;262.3671543161971;38.40264752554685;35.45253370035623;0;2.8484424945598703
133;0;133;0;285.81016954245626;37.15736984178186;35.45253370035623;0;2.8484424945598703
134;0;134;0;738.8399151875205;24.723738219238903;35.45253370035623;1;2.8484424945598703
135;0;135;0;290.73249765949106;36.24331052874744;35.45253370035623;0;2.8484424945598703
136;0;136;0;275.41015970844677;35.63936762752405;35.45253370035623;0;2.8484424945598703
137;0;137;1;0.0;;35.45253370035623;0;2.8484424945598703
138;0;138;0;376.4939160943912;29.227801851025564;35.45253370035623;1;2.8484424945598703
139;0;139;0;333.73581930649203;36.81022226585081;35.45253370035623;0;2.8484424945598703
140;0;140;0;228.9527777860951;38.23470320160024;35.45253370035623;0;2.8484424945598703
141;0;141;0;877.7076333521743;14.52712976279458;35.45253370035623;1;2.8484424945598703
142;0;142;0;793.8675201326648;22.99769543959356;35.45253370035623;1;2.8484424945598703
143;0;143;0;693.2609224498196;26.153407771399895;35.45253370035623;1;2.8484424945598703
144;0;144;0;330.4001993671766;35.730606999450856;35.45253370035623;0;2.8484424945598703
145;0;145;0;459.3364361418669;33.490882680158705;35.45253370035623;0;2.8484424945598703
146;0;146;0;1042.622381503405;14.076322042069325;35.45253370035623;1;2.8484424945598703
147;0;147;0;663.8048068654515;22.29680021244129;35.45253370035623;1;2.8484424945598703
148;0;148;0;605.3240097717578;24.628392650516272;35.45253370035623;1;2.8484424945598703
149;0;149;0;360.5643797343561;36.589051225979645;35.45253370035623;0;2.8484424945598703
150;0;150;0;444.9027948670173;30.599430152108223;35.45253370035623;1;2.8484424945598703
151;0;151;0;655.1743778110804;27.3480628075562;35.45253370035623;1;2.8484424945598703
152;0;152;0;491.2245498324588;22.661277111923724;35.45253370035623;1;2.8484424945598703
153;0;153;0;450.3372808126469;33.7731578599415;35.45253370035623;0;2.8484424945598703
154;0;154;0;417.6933595683632;34.7970949296936;35.45253370035623;0;2.8484424945598703
155;0;155;0;334.5411721213914;37.40531734638133;35.45253370035623;0;2.8484424945598703
156;0;156;0;697.4073632629404;26.023346973117864;35.45253370035623;1;2.8484424945598703
157;0;157;0;276.84660523140826;36.35596040194941;35.45253370035623;0;2.8484424945598703
158;0;158;0;804.5307173549379;22.66322450283761;35.45253370035623;1;2.8484424945598703
159;0;159;0;299.0472466411077;32.450780847125785;35.45253370035623;0;2.8484424945598703
160;0;160;0;249.12380955032106;37.158463642379395;35.45253370035623;0;2.8484424945598703
161;0;161;0;427.6511458725398;34.484750513310054;35.45253370035623;0;2.8484424945598703
162;0;162;0;659.5924085869993;17.967310223221045;35.45253370035623;1;2.8484424945598703
163;0;163;0;771.4775789806367;23.699997426035956;35.45253370035623;1;2.8484424945598703
164;0;164;0;343.4988439748811;35.63592396772504;35.45253370035623;0;2.8484424945598703
165;0;165;0;624.370274165248;17.53358469701487;35.45253370035623;1;2.8484424945598703
166;0;166;0;901.0887892301275;19.634501683758163;35.45253370035623;1;2.8484424945598703
167;0;167;0;427.34728664070457;34.49428162108152;35.45253370035623;0;2.8484424945598703
168;0;168;0;794.1166074703075;21.326561797010502;35.45253370035623;1;2.8484424945598703
169;0;169;0;540.8400248765037;29.93047953384641;35.45253370035623;1;2.8484424945598703
170;0;170;0;204.48399715858258;37.264288381016804;35.45253370035623;0;2.8484424945598703
171;0;171;1;0.0;;35.45253370035623;0;2.8484424945598703
172;0;172;0;890.9425624870688;17.227037345982747;35.45253370035623;1;2.8484424945598703
173;0;173;0;310.3036805301682;38.165571175335906;35.45253370035623;0;2.8484424945598703
174;0;174;0;479.53771431392596;32.857232163054626;35.45253370035623;1;2.8484424945598703
175;0;175;0;803.3491182990824;22.700287546392353;35.45253370035623;1;2.8484424945598703
176;0;176;0;378.5852031676328;35.242286751086624;35.45253370035623;0;2.8484424945598703
177;0;177;0;425.58087020850434;34.549688545146005;35.45253370035623;0;2.8484424945598703
178;0;178;0;393.9213838999194;34.43978593641442;35.45253370035623;0;2.8484424945598703
179;0;179;0;365.7628779138967;36.42599069923602;35.45253370035623;0;2.8484424945598703
180;0;180;0;371.2760190000457;36.25306081478257;35.45253370035623;0;2.8484424945598703
181;0;181;0;358.2229999425196;36.662492941063114;35.45253370035623;0;2.8484424945598703
182;0;182;0;365.4965117544203;36.43434576732892;35.45253370035623;0;2.8484424945598703
183;0;183;0;605.8917667820224;23.84242424876904;35.45253370035623;1;2.8484424945598703
184;0;184;1;0.0;;35.45253370035623;0;2.8484424945598703
185;0;185;0;263.3274218013024;34.819192808384265;35.45253370035623;0;2.8484424945598703
186;0;186;0;334.2364408525479;33.49542150573311;35.45253370035623;0;2.8484424945598703
187;0;187;0;430.9563336882136;34.38107717389609;35.45253370035623;0;2.8484424945598703
188;0;188;0;376.7295300704015;36.082001336251984;35.45253370035623;0;2.8484424945598703
189;0;189;0;959.9964817639342;13.978680165233866;35.45253370035623;1;2.8484424945598703
190;0;190;0;399.65914520732804;32.80610053714077;35.45253370035623;0;2.8484424945598703
191;0;191;0;406.3389667716676;35.15324649623062;35.45253370035623;0;2.8484424945598703
192;0;192;0;844.9530891195768;21.39530192125246;35.45253370035623;1;2.8484424945598703
193;0;193;0;301.27226936053853;33.62573953521493;35.45253370035623;0;2.8484424945598703
194;0;194;0;746.9303236127254;19.096279818097237;35.45253370035623;1;2.8484424945598703
195;0;195;0;406.2005504420021;35.15758818085677;35.45253370035623;0;2.8484424945598703
196;0;196;0;254.944759926925;35.30227121595861;35.45253370035623;0;2.8484424945598703
197;0;197;0;676.5811485351339;26.676599783123102;35.45253370035623;1;2.8484424945598703
198;0;198;0;1000.9333995283209;14.307691537651563;35.45253370035623;1;2.8484424945598703
199;0;199;0;746.2351186930214;24.491773960074763;35.45253370035623;1;2.8484424945598703
200;0;200;0;794.2782203145131;22.984813067478967;35.45253370035623;1;2.8484424945598703
201;0;201;0;621.7641825033494;20.499367153452273;35.45253370035623;1;2.8484424945598703
202;0;202;0;904.7898307587138;19.51841165923407;35.45253370035623;1;2.8484424945598703
203;0;203;0;333.5638935403575;32.27264225278853;35.45253370035623;1;2.8484424945598703
204;0;204;0;387.4965852117141;35.7442727034461;35.45253370035623;0;2.8484424945598703
205;0;205;0;420.8852988170642;34.6969738414002;35.45253370035623;0;2.8484424945598703
206;0;206;0;396.7152291069608;35.455112858139834;35.45253370035623;0;2.8484424945598703
207;0;207;0;559.5901907240137;30.34623792592394;35.45253370035623;0;2.8484424945598703
208;0;208;0;976.0268389517846;17.283930915291826;35.45253370035623;1;2.8484424945598703
209;0;209;0;254.29542742154564;34.8312733673066;35.45253370035623;0;2.8484424945598703
