simulated_sales_data.csv.csv
;global_id;date_placed;offer_dummy;sales;price;avg_price;promo_dummy;elasticity
210;0;210;0;716.4997612201255;25.424478538393757;35.45253370035623;1;2.8484424945598703
211;0;211;0;1027.708003753533;15.662855430748312;35.45253370035623;1;2.8484424945598703
212;0;212;0;515.8905146577276;28.42841890036493;35.45253370035623;1;2.8484424945598703
213;0;213;0;432.5529979032162;34.33099484262671;35.45253370035623;0;2.8484424945598703
214;0;214;0;396.45056823530336;35.46341443672088;35.45253370035623;0;2.8484424945598703
215;0;215;0;212.9249320420318;37.35755931205508;35.45253370035623;0;2.8484424945598703
216;0;216;0;640.9585255718232;27.79396935098173;35.45253370035623;1;2.8484424945598703
217;0;217;0;642.3390914860511;27.750665343284993;35.45253370035623;1;2.8484424945598703
218;0;218;0;673.3981355848687;17.082265004681084;35.45253370035623;1;2.8484424945598703
219;0;219;0;842.9127555610862;20.236982722899636;35.45253370035623;1;2.8484424945598703
220;0;220;0;840.9866649551757;21.519716163827628;35.45253370035623;1;2.8484424945598703
221;0;221;0;350.9372766537639;36.891023150393266;35.45253370035623;0;2.8484424945598703
222;0;222;0;281.89819613984065;38.626946200641726;35.45253370035623;0;2.8484424945598703
223;0;223;1;0.0;;35.45253370035623;0;2.8484424945598703
224;0;224;0;423.27066883713036;34.6221522913069;35.45253370035623;0;2.8484424945598703
225;0;225;0;429.7437940376545;33.28489069254125;35.45253370035623;0;2.8484424945598703
226;0;226;0;532.5969680918602;28.4947527582118;35.45253370035623;1;2.8484424945598703
227;0;227;0;386.6097677337463;33.73999768510156;35.45253370035623;0;2.8484424945598703
228;0;228;0;219.62698289090847;37.0028872607641;35.45253370035623;0;2.8484424945598703
229;0;229;0;692.8699782589543;21.83858928272501;35.45253370035623;1;2.8484424945598703
230;0;230;0;881.1703064724451;20.259281798750646;35.45253370035623;1;2.8484424945598703
231;0;231;0;831.3870254465648;21.820826642423842;35.45253370035623;1;2.8484424945598703
232;0;232;1;0.0;;35.45253370035623;0;2.8484424945598703
233;0;233;0;330.9992763118952;36.190837619960284;35.45253370035623;0;2.8484424945598703
234;0;234;0;355.7889739895117;33.683144931108075;35.45253370035623;0;2.8484424945598703
235;0;235;0;723.5860421907573;25.202204206881596;35.45253370035623;1;2.8484424945598703
236;0;236;0;315.4732697987382;37.20055810420141;35.45253370035623;0;2.8484424945598703
237;0;237;0;338.1228818941294;35.287814272992776;35.45253370035623;0;2.8484424945598703
238;0;238;0;605.1553362678776;20.349482965633452;35.45253370035623;1;2.8484424945598703
239;0;239;0;777.1272108369349;16.668035090461906;35.45253370035623;1;2.8484424945598703
240;0;240;0;384.7299006688585;35.83105489001433;35.45253370035623;0;2.8484424945598703
241;0;241;0;424.24413672368064;34.59161766748542;35.45253370035623;0;2.8484424945598703
242;0;242;0;423.5029007690644;34.6148679065019;35.45253370035623;0;2.8484424945598703
243;0;243;0;450.0414713954633;33.78243647036239;35.45253370035623;0;2.8484424945598703
244;0;244;0;373.2445252104196;34.78865834842299;35.45253370035623;0;2.8484424945598703
245;0;245;0;525.1273845008423;23.282749161314296;35.45253370035623;1;2.8484424945598703
246;0;246;0;432.53710369219493;33.49682133815853;35.45253370035623;1;2.8484424945598703
247;0;247;0;533.5247736779901;31.163828023395624;35.45253370035623;1;2.8484424945598703
248;0;248;0;351.3487679745112;36.87811596274135;35.45253370035623;0;2.8484424945598703
249;0;249;0;195.3697789048111;37.57298056988432;35.45253370035623;0;2.8484424945598703
250;0;250;0;350.9828880016895;32.8259723700361;35.45253370035623;0;2.8484424945598703
251;0;251;0;484.41896050323896;24.667394930026322;35.45253370035623;1;2.8484424945598703
252;0;252;0;660.3107727578338;27.186950263768612;35.45253370035623;1;2.8484424945598703
253;0;253;0;378.33889891409035;35.04903730694122;35.45253370035623;0;2.8484424945598703
254;0;254;1;0.0;;35.45253370035623;0;2.8484424945598703
255;0;255;0;545.140872131335;26.914832833826523;35.45253370035623;1;2.8484424945598703
256;0;256;0;708.5131790943;20.563312295552205;35.45253370035623;1;2.8484424945598703
257;0;257;0;284.03957427042104;36.44303291219984;35.45253370035623;0;2.8484424945598703
258;0;258;0;419.82826013721774;28.988563896264477;35.45253370035623;1;2.8484424945598703
259;0;259;0;738.2927639337857;24.740900632028346;35.45253370035623;1;2.8484424945598703
260;0;260;1;0.0;;35.45253370035623;0;2.8484424945598703
261;0;261;0;408.76671720762164;30.868334719750788;35.45253370035623;1;2.8484424945598703
262;0;262;0;729.5071007497093;20.813656398970327;35.45253370035623;1;2.8484424945598703
263;0;263;0;444.6435272541989;33.951752989212274;35.45253370035623;0;2.8484424945598703
264;0;264;0;867.2407361798223;20.69620857852076;35.45253370035623;1;2.8484424945598703
265;0;265;0;629.8617933554998;27.174937789000612;35.45253370035623;1;2.8484424945598703
266;0;266;0;469.0282284516692;28.31945356360125;35.45253370035623;1;2.8484424945598703
267;0;267;0;307.0756531786636;38.266824233834754;35.45253370035623;0;2.8484424945598703
268;0;268;0;418.78479401886335;34.76286006603526;35.45253370035623;0;2.8484424945598703
269;0;269;0;895.9272056548687;16.021522372580556;35.45253370035623;1;2.8484424945598703
270;0;270;0;370.07559591715926;36.290714308820725;35.45253370035623;0;2.8484424945598703
271;0;271;0;329.522531857466;35.18535388604417;35.45253370035623;0;2.8484424945598703
272;0;272;0;414.12135521445725;34.909137464164566;35.45253370035623;0;2.8484424945598703
273;0;273;0;753.0881397269386;24.27681625864214;35.45253370035623;1;2.8484424945598703
274;0;274;0;545.7670478410198;30.02145901698908;35.45253370035623;1;2.8484424945598703
275;0;275;1;0.0;;35.45253370035623;0;2.8484424945598703
276;0;276;0;317.141945153979;34.67817482285722;35.45253370035623;0;2.8484424945598703
277;0;277;0;225.52282163227187;37.610445422137715;35.45253370035623;0;2.8484424945598703
278;0;278;1;0.0;;35.45253370035623;0;2.8484424945598703
279;0;279;0;343.2978354367704;35.21491001663703;35.45253370035623;0;2.8484424945598703
280;0;280;0;525.170711615167;22.33955331178976;35.45253370035623;1;2.8484424945598703
281;0;281;0;240.75311110860264;35.73387098828548;35.45253370035623;0;2.8484424945598703
282;0;282;0;335.0972487497371;37.38787497268103;35.45253370035623;0;2.8484424945598703
283;0;283;0;428.3383588596381;32.49685312091298;35.45253370035623;1;2.8484424945598703
284;0;284;0;380.35119731671693;34.107709587614046;35.45253370035623;0;2.8484424945598703
285;0;285;0;354.66209181867447;36.77418742172006;35.45253370035623;0;2.8484424945598703
286;0;286;0;394.85804057346115;35.51336701733653;35.45253370035623;0;2.8484424945598703
287;0;287;0;307.1722860405257;38.26379316508917;35.45253370035623;0;2.8484424945598703
288;0;288;0;743.780306892683;24.56877368026222;35.45253370035623;1;2.8484424945598703
289;0;289;0;412.72286066593153;34.50803736488541;35.45253370035623;0;2.8484424945598703
290;0;290;0;428.99947725015704;34.44245760157556;35.45253370035623;0;2.8484424945598703
291;0;291;0;413.0300993733768;34.94336672540754;35.45253370035623;0;2.8484424945598703
292;0;292;0;233.56200040112407;36.27480675349619;35.45253370035623;0;2.8484424945598703
293;0;293;0;505.50098678005315;32.042846019576324;35.45253370035623;0;2.8484424945598703
294;0;294;0;652.3669876576105;27.436121801017293;35.45253370035623;1;2.8484424945598703
295;0;295;0;369.69560276764963;36.3026334979746;35.45253370035623;0;2.8484424945598703
296;0;296;0;834.4367068182895;16.936799892235072;35.45253370035623;1;2.8484424945598703
297;0;297;0;685.9829332371578;16.25773212664827;35.45253370035623;1;2.8484424945598703
298;0;298;0;388.0672190937143;35.726373714514466;35.45253370035623;0;2.8484424945598703
299;0;299;0;652.8373050283367;27.421369425319803;35.45253370035623;1;2.8484424945598703
300;0;300;0;419.2184999884093;34.74925607476633;35.45253370035623;0;2.8484424945598703
301;0;301;0;428.7537619746671;34.450164916432;35.45253370035623;0;2.8484424945598703
302;0;302;0;393.0699073442285;34.87113906245593;35.45253370035623;0;2.8484424945598703
303;0;303;0;699.984249013458;25.942518177314632;35.45253370035623;1;2.8484424945598703
304;0;304;1;0.0;;35.45253370035623;0;2.8484424945598703
305;0;305;0;399.1370904835243;35.37914668904186;35.45253370035623;0;2.8484424945598703
306;0;306;0;402.45946836815;35.2749341512669;35.45253370035623;0;2.8484424945598703
307;0;307;0;1014.6039612784768;16.073888001051596;35.45253370035623;1;2.8484424945598703
308;0;308;0;428.3331768526336;34.463357348009495;35.45253370035623;0;2.8484424945598703
309;0;309;0;419.84025124865957;33.79720007228918;35.45253370035623;0;2.8484424945598703
310;0;310;0;1030.8121920956041;14.324529145099874;35.45253370035623;1;2.8484424945598703
311;0;311;1;0.0;;35.45253370035623;0;2.8484424945598703
312;0;312;1;0.0;;35.45253370035623;0;2.8484424945598703
313;0;313;0;680.3205775083497;26.55930566527716;35.45253370035623;1;2.8484424945598703
314;0;314;0;997.8787741853016;16.598504481255862;35.45253370035623;1;2.8484424945598703
315;0;315;0;506.4544017963152;32.01294039118372;35.45253370035623;0;2.8484424945598703
316;0;316;0;714.1299582898827;25.49881179787335;35.45253370035623;1;2.8484424945598703
317;0;317;1;0.0;;35.45253370035623;0;2.8484424945598703
318;0;318;0;691.7806406537032;19.872543317362066;35.45253370035623;1;2.8484424945598703
319;0;319;0;999.2095934431895;16.556760869601668;35.45253370035623;1;2.8484424945598703
320;0;320;0;985.2211906672055;14.83558869775478;35.45253370035623;1;2.8484424945598703
321;0;321;0;650.7668414737665;22.238650280259467;35.45253370035623;1;2.8484424945598703
322;0;322;0;628.1851558096741;19.476188371432528;35.45253370035623;1;2.8484424945598703
323;0;323;1;0.0;;35.45253370035623;0;2.8484424945598703
324;0;324;0;593.7585784824234;21.741891127086298;35.45253370035623;1;2.8484424945598703
325;0;325;0;304.19417350353956;33.76606057578468;35.45253370035623;0;2.8484424945598703
326;0;326;0;403.6938655925026;34.431412366338336;35.45253370035623;0;2.8484424945598703
327;0;327;0;571.9030327033863;18.434861816834783;35.45253370035623;1;2.8484424945598703
328;0;328;0;284.27887687395366;34.747345937498906;35.45253370035623;0;2.8484424945598703
329;0;329;0;337.6858445075364;36.57534377896422;35.45253370035623;0;2.8484424945598703
330;0;330;0;211.84200810658876;37.788081959398326;35.45253370035623;0;2.8484424945598703
331;0;331;0;385.8821141185217;29.119568149216143;35.45253370035623;1;2.8484424945598703
332;0;332;1;0.0;;35.45253370035623;0;2.8484424945598703
333;0;333;0;931.135433046459;18.69203303255203;35.45253370035623;1;2.8484424945598703
334;0;334;1;0.0;;35.45253370035623;0;2.8484424945598703
335;0;335;0;271.8277822732059;37.55787499136823;35.45253370035623;0;2.8484424945598703
336;0;336;0;317.8829561205355;37.92783315419657;35.45253370035623;0;2.8484424945598703
337;0;337;0;348.52130484256764;36.9668045823618;35.45253370035623;0;2.8484424945598703
338;0;338;0;1054.5714076470888;14.82023499736053;35.45253370035623;1;2.8484424945598703
339;0;339;0;580.1684542528272;27.06108879057783;35.45253370035623;1;2.8484424945598703
340;0;340;0;709.2107338822966;25.653112385344553;35.45253370035623;1;2.8484424945598703
341;0;341;0;389.44754859528314;35.68307712233879;35.45253370035623;0;2.8484424945598703
342;0;342;0;357.00080307097573;36.70082941032316;35.45253370035623;0;2.8484424945598703
343;0;343;0;511.01290555681584;21.779847775792298;35.45253370035623;1;2.8484424945598703
344;0;344;0;534.5081379935893;31.13298297974175;35.45253370035623;0;2.8484424945598703
345;0;345;0;266.7285738652534;36.51892075902568;35.45253370035623;0;2.8484424945598703
346;0;346;0;927.9126091524054;14.941391354914211;35.45253370035623;1;2.8484424945598703
347;0;347;0;319.3095080213133;36.8431345455451;35.45253370035623;0;2.8484424945598703
348;0;348;0;289.30067127056964;35.08057190419681;35.45253370035623;0;2.8484424945598703
349;0;349;0;581.672875545672;27.935839516383865;35.45253370035623;1;2.8484424945598703
350;0;350;0;856.2391328816564;21.041294248817543;35.45253370035623;1;2.8484424945598703
351;0;351;0;405.16930342891754;35.18993515403032;35.45253370035623;0;2.8484424945598703
352;0;352;0;830.5727963161356;21.84636644763534;35.45253370035623;1;2.8484424945598703
353;0;353;0;338.29053454696026;36.515243241313996;35.45253370035623;0;2.8484424945598703
354;0;354;0;615.6762911839812;27.858265754396086;35.45253370035623;1;2.8484424945598703
355;0;355;0;672.8402231074747;25.761662830670026;35.45253370035623;1;2.8484424945598703
356;0;356;0;822.4096498614122;22.102418660182277;35.45253370035623;1;2.8484424945598703
357;0;357;0;983.2829814741536;15.44914244097332;35.45253370035623;1;2.8484424945598703
358;0;358;0;505.1416079100933;31.247617330015068;35.45253370035623;1;2.8484424945598703
359;0;359;1;0.0;;35.45253370035623;0;2.8484424945598703
360;0;360;0;371.47408862728844;30.63757471807189;35.45253370035623;0;2.8484424945598703
361;0;361;0;666.4851947537434;25.031323986130882;35.45253370035623;1;2.8484424945598703
362;0;362;0;339.3397225863814;30.48188120614609;35.45253370035623;1;2.8484424945598703
363;0;363;0;853.2388002064727;21.135405241939946;35.45253370035623;1;2.8484424945598703
364;0;364;0;744.4718193212759;16.457715872524016;35.45253370035623;1;2.8484424945598703
365;0;365;0;344.7781456685564;36.487659599601095;35.45253370035623;0;2.8484424945598703
366;0;366;0;549.3376558086688;27.828081433600815;35.45253370035623;1;2.8484424945598703
367;0;367;0;730.4508156789585;23.543702163873533;35.45253370035623;1;2.8484424945598703
368;0;368;0;589.8674468081844;28.36147640452271;35.45253370035623;1;2.8484424945598703
369;0;369;0;296.47882252249053;38.599213460286556;35.45253370035623;0;2.8484424945598703
370;0;370;0;1034.2903369823914;13.718343987783221;35.45253370035623;1;2.8484424945598703
371;0;371;0;903.2116174170408;18.568636464845714;35.45253370035623;1;2.8484424945598703
372;0;372;0;340.1124831391593;31.959038504057805;35.45253370035623;1;2.8484424945598703
373;0;373;0;323.3664938872315;37.37712175172561;35.45253370035623;0;2.8484424945598703
374;0;374;0;239.422556421456;38.008632898229294;35.45253370035623;0;2.8484424945598703
375;0;375;0;708.4517589154112;22.478880962040726;35.45253370035623;1;2.8484424945598703
376;0;376;0;377.7813585360892;28.294606335784465;35.45253370035623;1;2.8484424945598703
377;0;377;0;945.1830904040706;15.081606594625411;35.45253370035623;1;2.8484424945598703
378;0;378;0;934.6014704127115;18.583314348975577;35.45253370035623;1;2.8484424945598703
379;0;379;0;437.06278793896854;34.189536922793806;35.45253370035623;0;2.8484424945598703
380;0;380;0;259.3390570431844;38.07335015909035;35.45253370035623;0;2.8484424945598703
381;0;381;0;492.12078369488;27.24161286184453;35.45253370035623;1;2.8484424945598703
382;0;382;0;325.33319142666306;37.074440139988646;35.45253370035623;0;2.8484424945598703
383;0;383;0;304.4787906737705;36.8895954234002;35.45253370035623;0;2.8484424945598703
384;0;384;0;439.9265893482958;34.09970848577869;35.45253370035623;0;2.8484424945598703
385;0;385;0;482.71188202171425;32.13024689640953;35.45253370035623;0;2.8484424945598703
386;0;386;0;384.72464650207894;33.66880663158352;35.45253370035623;0;2.8484424945598703
387;0;387;0;279.1985069121785;37.85105698303348;35.45253370035623;0;2.8484424945598703
388;0;388;0;672.9909743833454;26.78921224696814;35.45253370035623;1;2.8484424945598703
389;0;389;0;570.4616105523703;25.758014743964146;35.45253370035623;1;2.8484424945598703
390;0;390;1;0.0;;35.45253370035623;0;2.8484424945598703
391;0;391;0;450.46041218195705;33.76929561641559;35.45253370035623;0;2.8484424945598703
392;0;392;0;209.0300988028803;36.81037797201403;35.45253370035623;0;2.8484424945598703
393;0;393;0;327.00898209549734;32.29549909015634;35.45253370035623;0;2.8484424945598703
394;0;394;0;1048.1502630428965;15.021646094430327;35.45253370035623;1;2.8484424945598703
395;0;395;0;373.3211112186282;36.188912708371035;35.45253370035623;0;2.8484424945598703
396;0;396;0;647.8153658301229;27.578891852500412;35.45253370035623;1;2.8484424945598703
397;0;397;0;393.76675092771336;35.54759733892553;35.45253370035623;0;2.8484424945598703
398;0;398;0;830.4190565144471;21.85118878135154;35.45253370035623;1;2.8484424945598703
399;0;399;0;931.231421969014;18.689022162155847;35.45253370035623;1;2.8484424945598703
400;0;400;0;353.3241800901876;36.81615350185492;35.45253370035623;0;2.8484424945598703
401;0;401;0;687.3394569735178;26.339145506859737;35.45253370035623;1;2.8484424945598703
402;0;402;0;489.3823176132325;32.54843794131483;35.45253370035623;0;2.8484424945598703
403;0;403;0;508.4356074550884;31.95079620508427;35.45253370035623;0;2.8484424945598703
404;0;404;0;515.2081162473083;22.887502105594386;35.45253370035623;1;2.8484424945598703
405;0;405;0;846.707671513209;21.34026619373278;35.45253370035623;1;2.8484424945598703
406;0;406;0;365.6949080990839;36.428122698406405;35.45253370035623;0;2.8484424945598703
407;0;407;0;428.98946566760594;34.4427716334109;35.45253370035623;0;2.8484424945598703
408;0;408;0;225.1335604821894;36.36574426437099;35.45253370035623;0;2.8484424945598703
409;0;409;0;331.40008362585723;33.823148017485146;35.45253370035623;0;2.8484424945598703
410;0;410;0;411.5486943641556;34.98983373814498;35.45253370035623;0;2.8484424945598703
411;0;411;1;0.0;;35.45253370035623;0;2.8484424945598703
412;0;412;0;900.7204348431151;19.646055801562987;35.45253370035623;1;2.8484424945598703
413;0;413;0;356.93631400592494;35.97670217770925;35.45253370035623;0;2.8484424945598703
414;0;414;0;390.90661228021094;35.63731088662995;35.45253370035623;0;2.8484424945598703
415;0;415;0;295.7257989742873;37.1711916594351;35.45253370035623;0;2.8484424945598703
416;0;416;1;0.0;;35.45253370035623;0;2.8484424945598703
417;0;417;0;421.35532848954637;34.68223048989116;35.45253370035623;0;2.8484424945598703
418;0;418;0;885.6702469885101;20.118132827351104;35.45253370035623;1;2.8484424945598703
419;0;419;0;323.3552100603306;37.06000774248179;35.45253370035623;0;2.8484424945598703
