simulated_sales_data.csv.csv
;global_id;date_placed;offer_dummy;sales;price;avg_price;promo_dummy;elasticity
420;0;420;1;0.0;;35.45253370035623;0;2.8484424945598703
421;0;421;0;338.24070957970036;37.2892744998081;35.45253370035623;0;2.8484424945598703
422;0;422;0;735.7151664673838;24.821751752118896;35.45253370035623;1;2.8484424945598703
423;0;423;0;322.44288856357815;37.78480242485935;35.45253370035623;0;2.8484424945598703
424;0;424;0;295.4163695519145;36.333617589147366;35.45253370035623;0;2.8484424945598703
425;0;425;0;252.49911435457847;35.87123684903196;35.45253370035623;0;2.8484424945598703
426;0;426;0;332.9428792414634;36.98037891704265;35.45253370035623;0;2.8484424945598703
427;0;427;0;247.41653579006933;35.490161853860485;35.45253370035623;0;2.8484424945598703
428;0;428;0;1064.0389028372201;14.523269470139358;35.45253370035623;1;2.8484424945598703
429;0;429;1;0.0;;35.45253370035623;0;2.8484424945598703
430;0;430;0;323.52013895629443;34.73789888739935;35.45253370035623;0;2.8484424945598703
431;0;431;0;366.90298169442235;35.728847877126924;35.45253370035623;0;2.8484424945598703
432;0;432;0;262.6982788736408;34.85684750775112;35.45253370035623;1;2.8484424945598703
433;0;433;0;453.80997095492876;26.054661111783574;35.45253370035623;1;2.8484424945598703
434;0;434;0;395.5918778559838;34.797247030630714;35.45253370035623;0;2.8484424945598703
435;0;435;0;553.6724394528183;30.531859158459252;35.45253370035623;0;2.8484424945598703
436;0;436;0;475.4014843788607;32.98697267822859;35.45253370035623;0;2.8484424945598703
437;0;437;0;400.26775572633534;35.34368127889916;35.45253370035623;0;2.8484424945598703
438;0;438;0;482.2216931470307;26.203388636874465;35.45253370035623;1;2.8484424945598703
439;0;439;0;838.6284092868589;21.59368722204311;35.45253370035623;1;2.8484424945598703
440;0;440;0;278.80912284251775;38.06302799257851;35.45253370035623;0;2.8484424945598703
441;0;441;1;0.0;;35.45253370035623;0;2.8484424945598703
442;0;442;1;0.0;;35.45253370035623;0;2.8484424945598703
443;0;443;0;352.20623278376945;36.85121999035993;35.45253370035623;0;2.8484424945598703
444;0;444;0;390.0973808097841;35.662693930976225;35.45253370035623;0;2.8484424945598703
445;0;445;0;953.4018582252372;17.99360535345067;35.45253370035623;1;2.8484424945598703
446;0;446;0;474.7698478412823;33.00678512847305;35.45253370035623;0;2.8484424945598703
447;0;447;0;437.40602197384334;34.178770751374664;35.45253370035623;0;2.8484424945598703
448;0;448;1;0.0;;35.45253370035623;0;2.8484424945598703
449;0;449;0;802.2968451749617;20.79335907204369;35.45253370035623;1;2.8484424945598703
450;0;450;1;0.0;;35.45253370035623;0;2.8484424945598703
451;0;451;0;324.41542254669537;37.72293024193301;35.45253370035623;0;2.8484424945598703
452;0;452;0;428.3387124902967;33.79832228798889;35.45253370035623;0;2.8484424945598703
453;0;453;0;889.6866859089355;17.026824456556277;35.45253370035623;1;2.8484424945598703
454;0;454;0;307.6535988846994;37.52613501419928;35.45253370035623;0;2.8484424945598703
455;0;455;0;426.5078698263563;34.035787724261226;35.45253370035623;0;2.8484424945598703
456;0;456;0;624.0400575060698;28.32464844698572;35.45253370035623;1;2.8484424945598703
457;0;457;0;450.1798569868022;33.77809574990081;35.45253370035623;0;2.8484424945598703
458;0;458;0;987.9183288942343;16.91093230168958;35.45253370035623;1;2.8484424945598703
459;0;459;0;602.1185355968248;29.012257596030256;35.45253370035623;1;2.8484424945598703
460;0;460;0;733.6998517490497;23.89996088230652;35.45253370035623;1;2.8484424945598703
461;0;461;0;584.9701551624357;22.123001799361234;35.45253370035623;1;2.8484424945598703
462;0;462;0;372.6816229192786;35.12630845130488;35.45253370035623;0;2.8484424945598703
463;0;463;0;415.7812513652744;34.85707174607752;35.45253370035623;0;2.8484424945598703
464;0;464;0;354.28945970190875;34.99677100694363;35.45253370035623;0;2.8484424945598703
465;0;465;0;318.64840741111055;37.9038233563036;35.45253370035623;0;2.8484424945598703
466;0;466;0;902.5904672970726;19.587398769004995;35.45253370035623;1;2.8484424945598703
467;0;467;0;491.2830474375128;32.48881802886314;35.45253370035623;0;2.8484424945598703
468;0;468;0;1014.4207578178143;16.07963451701931;35.45253370035623;1;2.8484424945598703
469;0;469;0;528.9462174164337;31.307442923305178;35.45253370035623;0;2.8484424945598703
470;0;470;0;396.22077347038;35.47062237526721;35.45253370035623;0;2.8484424945598703
471;0;471;0;251.31523241936;38.45362667468846;35.45253370035623;0;2.8484424945598703
472;0;472;0;284.4406656714032;36.687385859893624;35.45253370035623;0;2.8484424945598703
473;0;473;0;318.9070539423651;37.89571042865215;35.45253370035623;0;2.8484424945598703
474;0;474;0;343.8848154309434;36.3844851491986;35.45253370035623;0;2.8484424945598703
475;0;475;1;0.0;;35.45253370035623;0;2.8484424945598703
476;0;476;0;522.9600467813686;31.49521025594993;35.45253370035623;1;2.8484424945598703
477;0;477;0;257.6515100577412;37.12089497592734;35.45253370035623;0;2.8484424945598703
478;0;478;0;697.8828969136882;26.008430979133205;35.45253370035623;1;2.8484424945598703
479;0;479;0;791.5176596831991;23.071403166215823;35.45253370035623;1;2.8484424945598703
480;0;480;0;428.3160796826883;34.46389363242103;35.45253370035623;0;2.8484424945598703
481;0;481;0;792.6310548642543;23.036479463556617;35.45253370035623;1;2.8484424945598703
482;0;482;0;367.5037612910247;36.37138466674938;35.45253370035623;0;2.8484424945598703
483;0;483;0;375.4798856791861;36.121198747818994;35.45253370035623;0;2.8484424945598703
484;0;484;0;349.96795686353596;36.921427661488345;35.45253370035623;0;2.8484424945598703
485;0;485;0;724.494574214958;25.173706416690447;35.45253370035623;1;2.8484424945598703
486;0;486;1;0.0;;35.45253370035623;0;2.8484424945598703
487;0;487;0;504.0092791236479;29.52649413395855;35.45253370035623;1;2.8484424945598703
488;0;488;0;589.2216517476415;27.342405827637876;35.45253370035623;1;2.8484424945598703
489;0;489;0;279.1942414076118;34.754729431782856;35.45253370035623;0;2.8484424945598703
490;0;490;0;380.80544276690165;35.95415278301635;35.45253370035623;0;2.8484424945598703
491;0;491;0;344.3908670629653;34.50395912223614;35.45253370035623;0;2.8484424945598703
492;0;492;0;846.9114733921103;14.601418414761222;35.45253370035623;1;2.8484424945598703
493;0;493;0;648.6719038261933;26.691630652605234;35.45253370035623;1;2.8484424945598703
494;0;494;1;0.0;;35.45253370035623;0;2.8484424945598703
495;0;495;0;230.0476528557535;35.54774846936228;35.45253370035623;0;2.8484424945598703
496;0;496;1;0.0;;35.45253370035623;0;2.8484424945598703
497;0;497;0;416.90984985127864;34.82167116359118;35.45253370035623;0;2.8484424945598703
498;0;498;1;0.0;;35.45253370035623;0;2.8484424945598703
499;0;499;0;261.11557929876363;38.38982349021238;35.45253370035623;0;2.8484424945598703
500;0;500;0;354.172225859041;36.78955297512661;35.45253370035623;0;2.8484424945598703
501;0;501;0;247.8595775038078;35.58311045384723;35.45253370035623;0;2.8484424945598703
502;0;502;0;929.2118131593772;18.75237093423227;35.45253370035623;1;2.8484424945598703
503;0;503;0;541.2450437639784;27.98415057014235;35.45253370035623;1;2.8484424945598703
504;0;504;1;0.0;;35.45253370035623;0;2.8484424945598703
505;0;505;0;750.0090180263952;16.096545408765262;35.45253370035623;1;2.8484424945598703
506;0;506;0;345.0383665441021;37.07605339498975;35.45253370035623;0;2.8484424945598703
507;0;507;1;0.0;;35.45253370035623;0;2.8484424945598703
508;0;508;0;936.2201569375237;16.59552964686851;35.45253370035623;1;2.8484424945598703
509;0;509;0;291.13287609607556;35.50454175647228;35.45253370035623;0;2.8484424945598703
510;0;510;0;309.5410433945573;38.189492702044596;35.45253370035623;0;2.8484424945598703
511;0;511;0;381.89721866310515;35.91990720928092;35.45253370035623;0;2.8484424945598703
512;0;512;0;444.10646038075595;26.175659085257028;35.45253370035623;1;2.8484424945598703
513;0;513;0;403.5575443552044;35.24049096350965;35.45253370035623;0;2.8484424945598703
514;0;514;0;340.4054158259121;36.8110299933977;35.45253370035623;0;2.8484424945598703
515;0;515;0;415.8745739937106;34.854144508936265;35.45253370035623;0;2.8484424945598703
516;0;516;0;372.0654040303661;36.22830029080006;35.45253370035623;0;2.8484424945598703
517;0;517;0;362.29803031282813;36.53467206362318;35.45253370035623;0;2.8484424945598703
518;0;518;0;275.6011294667536;36.17340158063786;35.45253370035623;0;2.8484424945598703
519;0;519;0;278.9624780562157;37.642652612204586;35.45253370035623;0;2.8484424945598703
520;0;520;0;381.0172369699297;35.9475094654438;35.45253370035623;0;2.8484424945598703
521;0;521;0;310.69000880880355;37.21142366195433;35.45253370035623;0;2.8484424945598703
522;0;522;0;392.97185392193006;35.57253075623056;35.45253370035623;0;2.8484424945598703
523;0;523;0;626.8583232262101;23.531520750825596;35.45253370035623;1;2.8484424945598703
524;0;524;0;707.992541496217;15.616756356820654;35.45253370035623;1;2.8484424945598703
525;0;525;0;739.0046055056548;24.71857240228619;35.45253370035623;1;2.8484424945598703
526;0;526;0;360.62925631716416;35.81519386411421;35.45253370035623;0;2.8484424945598703
527;0;527;0;608.1114245310055;28.82427953148664;35.45253370035623;1;2.8484424945598703
528;0;528;0;519.0849864547572;30.403340756241082;35.45253370035623;1;2.8484424945598703
529;0;529;0;299.3745138556527;36.00368636998756;35.45253370035623;0;2.8484424945598703
530;0;530;0;388.4694826638346;28.21451193033984;35.45253370035623;1;2.8484424945598703
531;0;531;0;851.744016717262;21.182291895488785;35.45253370035623;1;2.8484424945598703
532;0;532;0;479.0584379214822;32.87226555506681;35.45253370035623;0;2.8484424945598703
533;0;533;1;0.0;;35.45253370035623;0;2.8484424945598703
534;0;534;0;582.5864957295042;27.374668609699356;35.45253370035623;1;2.8484424945598703
535;0;535;0;728.073663174644;17.175902816214897;35.45253370035623;1;2.8484424945598703
536;0;536;0;869.002147716398;16.945363372473707;35.45253370035623;1;2.8484424945598703
537;0;537;0;329.8868586366675;37.08695025547943;35.45253370035623;0;2.8484424945598703
538;0;538;0;239.254234180423;38.57874105983527;35.45253370035623;0;2.8484424945598703
539;0;539;0;1080.4833122145917;14.007460103192722;35.45253370035623;1;2.8484424945598703
540;0;540;0;241.80850907301573;36.16584124665374;35.45253370035623;0;2.8484424945598703
541;0;541;0;598.4998865547228;28.36580241407199;35.45253370035623;1;2.8484424945598703
542;0;542;0;390.1916345331517;35.12458783071713;35.45253370035623;0;2.8484424945598703
543;0;543;0;403.8531463820512;35.23121885827091;35.45253370035623;0;2.8484424945598703
544;0;544;0;846.9242154771853;21.333473891108135;35.45253370035623;1;2.8484424945598703
545;0;545;0;212.25802736579575;36.58729847025631;35.45253370035623;0;2.8484424945598703
546;0;546;0;398.48218800067485;34.122947684065664;35.45253370035623;0;2.8484424945598703
547;0;547;1;0.0;;35.45253370035623;0;2.8484424945598703
548;0;548;1;0.0;;35.45253370035623;0;2.8484424945598703
549;0;549;0;440.0317114254378;34.09641113706775;35.45253370035623;0;2.8484424945598703
550;0;550;0;650.6697473738038;16.65434680447779;35.45253370035623;1;2.8484424945598703
551;0;551;0;484.66598633113324;32.69637441000174;35.45253370035623;0;2.8484424945598703
552;0;552;0;570.8202857982084;27.7115390724355;35.45253370035623;1;2.8484424945598703
553;0;553;0;251.17106497001382;36.509510749437986;35.45253370035623;0;2.8484424945598703
554;0;554;0;1055.32318522169;13.034566327114755;35.45253370035623;1;2.8484424945598703
555;0;555;0;726.5549973689889;25.109077427084696;35.45253370035623;1;2.8484424945598703
556;0;556;0;420.64377880467003;33.948050983996204;35.45253370035623;0;2.8484424945598703
557;0;557;0;426.27726470684854;34.527844841484;35.45253370035623;0;2.8484424945598703
558;0;558;0;463.44378024581533;33.36204822259497;35.45253370035623;0;2.8484424945598703
559;0;559;0;353.786868026424;36.801640437505384;35.45253370035623;0;2.8484424945598703
560;0;560;0;286.5766063836951;35.16838583918056;35.45253370035623;0;2.8484424945598703
561;0;561;0;334.38812678019946;36.60570442627976;35.45253370035623;0;2.8484424945598703
562;0;562;0;730.5152557939746;21.154881200489804;35.45253370035623;1;2.8484424945598703
563;0;563;0;446.38806704504884;33.89703226653495;35.45253370035623;0;2.8484424945598703
564;0;564;1;0.0;;35.45253370035623;0;2.8484424945598703
565;0;565;0;424.9414168654893;34.569746183975305;35.45253370035623;0;2.8484424945598703
566;0;566;0;430.88814918923623;34.38321590703305;35.45253370035623;0;2.8484424945598703
567;0;567;0;934.6144805044567;18.58290626334398;35.45253370035623;1;2.8484424945598703
568;0;568;0;380.5078889411341;35.96348611004437;35.45253370035623;0;2.8484424945598703
569;0;569;0;269.5614719288269;35.907032082771835;35.45253370035623;0;2.8484424945598703
570;0;570;0;359.95683205965844;36.60810808441002;35.45253370035623;0;2.8484424945598703
571;0;571;0;969.1338709234795;16.146334719655325;35.45253370035623;1;2.8484424945598703
572;0;572;0;711.4720971161685;25.58218053784963;35.45253370035623;1;2.8484424945598703
573;0;573;1;0.0;;35.45253370035623;0;2.8484424945598703
574;0;574;0;457.7150563024122;33.54174026278007;35.45253370035623;0;2.8484424945598703
575;0;575;0;827.1271097755738;21.9544467898597;35.45253370035623;1;2.8484424945598703
576;0;576;0;293.33518274905714;34.234867196096616;35.45253370035623;0;2.8484424945598703
577;0;577;0;327.27906994182024;37.633106635858695;35.45253370035623;0;2.8484424945598703
578;0;578;0;750.2793222740604;24.364920021993555;35.45253370035623;1;2.8484424945598703
579;0;579;0;432.95912432140454;34.318255935083194;35.45253370035623;0;2.8484424945598703
580;0;580;0;873.7918828111032;17.96398818666077;35.45253370035623;1;2.8484424945598703
581;0;581;0;328.26446280910403;34.79513350778279;35.45253370035623;0;2.8484424945598703
582;0;582;0;205.93541322138407;38.50554524997149;35.45253370035623;0;2.8484424945598703
583;0;583;0;389.4323340387197;33.387310059470735;35.45253370035623;0;2.8484424945598703
584;0;584;0;268.50234864930775;35.76063781233592;35.45253370035623;0;2.8484424945598703
585;0;585;0;985.4196429315141;16.98930821626653;35.45253370035623;1;2.8484424945598703
586;0;586;0;476.9540374812293;32.93827397373235;35.45253370035623;0;2.8484424945598703
587;0;587;0;687.4362371900869;26.336109816060763;35.45253370035623;1;2.8484424945598703
588;0;588;0;720.1706637913176;25.30933387810727;35.45253370035623;1;2.8484424945598703
589;0;589;0;1031.8690007789387;15.532338049899423;35.45253370035623;1;2.8484424945598703
590;0;590;1;0.0;;35.45253370035623;0;2.8484424945598703
591;0;591;0;754.6350501117527;24.228294548436356;35.45253370035623;1;2.8484424945598703
592;0;592;0;725.8215039137564;25.132084808263347;35.45253370035623;1;2.8484424945598703
593;0;593;0;280.126037289656;36.61980797375141;35.45253370035623;0;2.8484424945598703
594;0;594;0;351.93001535043203;36.8598840619091;35.45253370035623;0;2.8484424945598703
595;0;595;0;233.35493193228004;40.57921123930983;35.45253370035623;0;2.8484424945598703
596;0;596;0;408.46788511501137;35.08646902810992;35.45253370035623;0;2.8484424945598703
597;0;597;0;365.00030425772457;33.67026440419481;35.45253370035623;0;2.8484424945598703
598;0;598;0;356.59403780753405;36.71358835643164;35.45253370035623;0;2.8484424945598703
599;0;599;0;325.23509876751484;36.55341932301726;35.45253370035623;0;2.8484424945598703
600;0;600;0;649.5492274062965;21.92045281648346;35.45253370035623;1;2.8484424945598703
601;0;601;0;631.8476453112828;28.079748990229987;35.45253370035623;1;2.8484424945598703
602;0;602;0;1026.5154376840128;15.700262475005408;35.45253370035623;1;2.8484424945598703
603;0;603;0;431.58435316352285;34.36137817951109;35.45253370035623;0;2.8484424945598703
604;0;604;0;320.72990840905476;37.83853322107224;35.45253370035623;0;2.8484424945598703
605;0;605;0;382.3270750255564;35.90642396807075;35.45253370035623;0;2.8484424945598703
606;0;606;0;362.0106485416649;35.65420645112841;35.45253370035623;0;2.8484424945598703
607;0;607;0;377.7166589888636;36.05103820885458;35.45253370035623;0;2.8484424945598703
608;0;608;0;651.0123729759416;27.47861180022454;35.45253370035623;1;2.8484424945598703
609;0;609;0;247.59196348301555;35.28906452234106;35.45253370035623;0;2.8484424945598703
610;0;610;0;392.14722808420703;29.83186154883686;35.45253370035623;1;2.8484424945598703
611;0;611;0;306.2553827946594;36.247169238170805;35.45253370035623;0;2.8484424945598703
612;0;612;0;437.734778979739;34.16845867879128;35.45253370035623;0;2.8484424945598703
613;0;613;1;0.0;;35.45253370035623;0;2.8484424945598703
614;0;614;1;0.0;;35.45253370035623;0;2.8484424945598703
615;0;615;0;906.9161672349312;19.451715176159254;35.45253370035623;1;2.8484424945598703
616;0;616;0;478.06088630536294;32.903555609686535;35.45253370035623;0;2.8484424945598703
617;0;617;0;833.5267473511774;21.753710300588008;35.45253370035623;1;2.8484424945598703
618;0;618;0;385.2775173114816;35.36251532669285;35.45253370035623;0;2.8484424945598703
619;0;619;0;283.7490181451358;36.93444309634848;35.45253370035623;0;2.8484424945598703
620;0;620;0;213.35349939769725;37.43818639551324;35.45253370035623;0;2.8484424945598703
621;0;621;0;388.3664912956465;35.716986487434376;35.45253370035623;0;2.8484424945598703
622;0;622;0;444.3078296654206;33.9622827660367;35.45253370035623;0;2.8484424945598703
623;0;623;1;0.0;;35.45253370035623;0;2.8484424945598703
624;0;624;0;412.77505156979805;34.951366772298016;35.45253370035623;0;2.8484424945598703
625;0;625;1;0.0;;35.45253370035623;0;2.8484424945598703
626;0;626;1;0.0;;35.45253370035623;0;2.8484424945598703
627;0;627;0;255.01115962159628;35.798500631373734;35.45253370035623;0;2.8484424945598703
628;0;628;0;264.239991275575;35.18364545186253;35.45253370035623;0;2.8484424945598703
629;0;629;0;303.1813879624399;35.56335764716563;35.45253370035623;0;2.8484424945598703
630;0;630;0;572.2157636457882;23.338571749332857;35.45253370035623;1;2.8484424945598703
631;0;631;0;629.4690323797824;28.154358591721458;35.45253370035623;1;2.8484424945598703
