simulated_sales_data.csv.csv
;global_id;date_placed;offer_dummy;sales;price;avg_price;promo_dummy;elasticity
632;0;632;0;608.1766506452891;22.714779367238012;35.45253370035623;1;2.8484424945598703
633;0;633;0;333.0236929556626;37.452915891872806;35.45253370035623;0;2.8484424945598703
634;0;634;0;438.33207329509077;34.14972343597336;35.45253370035623;0;2.8484424945598703
635;0;635;0;696.4324918814971;24.029175521557175;35.45253370035623;1;2.8484424945598703
636;0;636;0;509.9281621319485;31.903979462364166;35.45253370035623;0;2.8484424945598703
637;0;637;0;399.8881505744643;31.204257552861975;35.45253370035623;1;2.8484424945598703
638;0;638;0;420.2660248689095;34.716398516123014;35.45253370035623;0;2.8484424945598703
639;0;639;0;399.5046166916746;35.36761854860143;35.45253370035623;0;2.8484424945598703
640;0;640;1;0.0;;35.45253370035623;0;2.8484424945598703
641;0;641;0;593.1035935612304;29.295027955106775;35.45253370035623;1;2.8484424945598703
642;0;642;0;429.63955755497733;34.422380296927656;35.45253370035623;0;2.8484424945598703
643;0;643;0;392.3232667916209;32.90978713597312;35.45253370035623;0;2.8484424945598703
644;0;644;0;412.3663551587596;34.96418629242874;35.45253370035623;0;2.8484424945598703
645;0;645;0;430.57748363184794;33.85739018297985;35.45253370035623;0;2.8484424945598703
646;0;646;0;778.6735934051682;23.474281101437274;35.45253370035623;1;2.8484424945598703
647;0;647;0;426.2287830620433;29.448905592643634;35.45253370035623;1;2.8484424945598703
648;0;648;0;268.2513133558356;36.32539821831949;35.45253370035623;0;2.8484424945598703
649;0;649;0;366.551989355627;35.75161166213378;35.45253370035623;0;2.8484424945598703
650;0;650;0;890.9369600994345;16.266932004523614;35.45253370035623;1;2.8484424945598703
651;0;651;1;0.0;;35.45253370035623;0;2.8484424945598703
652;0;652;0;619.6486062732657;28.46239445101592;35.45253370035623;1;2.8484424945598703
653;0;653;0;984.0718790127055;17.031583328604146;35.45253370035623;1;2.8484424945598703
654;0;654;1;0.0;;35.45253370035623;0;2.8484424945598703
655;0;655;0;318.4799171776818;35.886626287203654;35.45253370035623;0;2.8484424945598703
656;0;656;0;786.943660091842;23.214875137722355;35.45253370035623;1;2.8484424945598703
657;0;657;0;801.7825462664341;22.749425980609917;35.45253370035623;1;2.8484424945598703
658;0;658;0;561.9994481384535;20.849575003141066;35.45253370035623;1;2.8484424945598703
659;0;659;0;541.531355120008;25.623888006757664;35.45253370035623;1;2.8484424945598703
660;0;660;0;905.5278428743776;17.806816765319784;35.45253370035623;1;2.8484424945598703
661;0;661;0;894.1232184536349;19.852989716389406;35.45253370035623;1;2.8484424945598703
662;0;662;0;367.27405795609593;36.378589737424534;35.45253370035623;0;2.8484424945598703
663;0;663;0;709.2881570247964;25.65068386503693;35.45253370035623;1;2.8484424945598703
664;0;664;0;377.71835620525775;36.05098497251792;35.45253370035623;0;2.8484424945598703
665;0;665;0;1021.5133571830054;15.857161997355606;35.45253370035623;1;2.8484424945598703
666;0;666;0;354.8106349155288;36.769528092279;35.45253370035623;0;2.8484424945598703
667;0;667;0;344.88003297454134;32.014225663809654;35.45253370035623;1;2.8484424945598703
668;0;668;0;374.40345292267136;36.1549630555516;35.45253370035623;0;2.8484424945598703
669;0;669;0;980.243829742735;17.15165718624607;35.45253370035623;1;2.8484424945598703
670;0;670;1;0.0;;35.45253370035623;0;2.8484424945598703
671;0;671;0;532.1730951765825;31.20622592386907;35.45253370035623;0;2.8484424945598703
672;0;672;0;445.169304615246;33.93526100816674;35.45253370035623;0;2.8484424945598703
673;0;673;0;230.34429305861204;36.63164394187396;35.45253370035623;0;2.8484424945598703
674;0;674;0;387.7831359103063;33.35265897427334;35.45253370035623;0;2.8484424945598703
675;0;675;0;661.822151172354;20.579860243174227;35.45253370035623;1;2.8484424945598703
676;0;676;1;0.0;;35.45253370035623;0;2.8484424945598703
677;0;677;0;583.9936932561496;29.58077685623646;35.45253370035623;1;2.8484424945598703
678;0;678;0;701.4835416803667;25.895490085053073;35.45253370035623;1;2.8484424945598703
679;0;679;0;898.3783533706041;18.661732278860846;35.45253370035623;1;2.8484424945598703
680;0;680;0;210.3009378306291;38.4765611537951;35.45253370035623;0;2.8484424945598703
681;0;681;0;408.47431975034056;35.08626719385126;35.45253370035623;0;2.8484424945598703
682;0;682;0;291.4016957688667;33.624658652946515;35.45253370035623;0;2.8484424945598703
683;0;683;0;505.94093939249353;32.02904609077975;35.45253370035623;0;2.8484424945598703
684;0;684;0;301.83594035009764;38.431177534404114;35.45253370035623;0;2.8484424945598703
685;0;685;0;357.92156802926775;36.67194791149008;35.45253370035623;0;2.8484424945598703
686;0;686;0;852.053495208588;19.65248895897042;35.45253370035623;1;2.8484424945598703
687;0;687;0;1055.2371170755218;14.799353787767016;35.45253370035623;1;2.8484424945598703
688;0;688;0;448.6782909543451;33.825195150484696;35.45253370035623;1;2.8484424945598703
689;0;689;0;559.5369697456883;26.21689064406974;35.45253370035623;1;2.8484424945598703
690;0;690;1;0.0;;35.45253370035623;0;2.8484424945598703
691;0;691;0;340.9111320540106;37.2055117513661;35.45253370035623;0;2.8484424945598703
692;0;692;0;883.9003191067003;20.17364989453831;35.45253370035623;1;2.8484424945598703
693;0;693;1;0.0;;35.45253370035623;0;2.8484424945598703
694;0;694;0;430.17360389584803;34.405628944009884;35.45253370035623;0;2.8484424945598703
695;0;695;0;789.3278670916156;15.487071017641693;35.45253370035623;1;2.8484424945598703
696;0;696;0;694.9910258101432;26.09913987411264;35.45253370035623;1;2.8484424945598703
697;0;697;0;197.1770688509066;37.83109447083021;35.45253370035623;0;2.8484424945598703
698;0;698;0;745.8544197265817;24.503715288484322;35.45253370035623;1;2.8484424945598703
699;0;699;0;825.5628474646992;15.312631380040008;35.45253370035623;1;2.8484424945598703
700;0;700;0;220.1967840572902;37.87223046134364;35.45253370035623;0;2.8484424945598703
701;0;701;0;317.45979157334835;37.94110649422295;35.45253370035623;0;2.8484424945598703
702;0;702;0;887.6351261627664;20.056500751686873;35.45253370035623;1;2.8484424945598703
703;0;703;0;749.5148252637032;20.862664141088047;35.45253370035623;1;2.8484424945598703
704;0;704;0;309.1102116140899;35.51683612825265;35.45253370035623;0;2.8484424945598703
705;0;705;0;316.9432951395794;37.04492723518631;35.45253370035623;0;2.8484424945598703
706;0;706;0;918.5834737404766;15.050418201729743;35.45253370035623;1;2.8484424945598703
707;0;707;0;391.62506156361076;34.90463103843419;35.45253370035623;0;2.8484424945598703
708;0;708;0;277.9542243245074;36.319920316536184;35.45253370035623;0;2.8484424945598703
709;0;709;0;434.77040022525904;29.24609575323586;35.45253370035623;1;2.8484424945598703
710;0;710;0;403.79610097367254;34.63889853191697;35.45253370035623;0;2.8484424945598703
711;0;711;0;353.98320427455883;35.96200346369568;35.45253370035623;0;2.8484424945598703
712;0;712;0;978.8113371288632;17.196589971082577;35.45253370035623;1;2.8484424945598703
713;0;713;0;228.72002888781049;37.66579692104779;35.45253370035623;0;2.8484424945598703
714;0;714;0;802.2734474914662;22.734027954186082;35.45253370035623;1;2.8484424945598703
715;0;715;1;0.0;;35.45253370035623;0;2.8484424945598703
716;0;716;0;489.9174292288545;31.89458312270349;35.45253370035623;0;2.8484424945598703
717;0;717;0;361.5416919947722;35.90903664898542;35.45253370035623;0;2.8484424945598703
718;0;718;0;828.8416408081264;14.657317204180673;35.45253370035623;1;2.8484424945598703
719;0;719;0;387.81467958544835;35.73429508407529;35.45253370035623;0;2.8484424945598703
720;0;720;0;350.02823330405863;36.91953697925621;35.45253370035623;0;2.8484424945598703
721;0;721;0;400.416514794308;35.33901517512385;35.45253370035623;0;2.8484424945598703
722;0;722;0;346.5431431805646;30.650043720873196;35.45253370035623;1;2.8484424945598703
723;0;723;0;498.0194235854435;32.27751911038937;35.45253370035623;0;2.8484424945598703
724;0;724;0;446.52820691897585;33.8926365197498;35.45253370035623;0;2.8484424945598703
725;0;725;0;1012.8476926400087;16.128976620764686;35.45253370035623;1;2.8484424945598703
726;0;726;0;740.2506816556538;18.11339842155973;35.45253370035623;1;2.8484424945598703
727;0;727;0;359.1685744414916;36.632833245021565;35.45253370035623;0;2.8484424945598703
728;0;728;0;638.6492813037999;21.414327234813523;35.45253370035623;1;2.8484424945598703
729;0;729;0;819.7474120923825;19.43818669955168;35.45253370035623;1;2.8484424945598703
730;0;730;0;557.2548326925673;22.89624849235825;35.45253370035623;1;2.8484424945598703
731;0;731;0;430.58776328399813;34.3926380674807;35.45253370035623;0;2.8484424945598703
732;0;732;0;381.4438729641643;35.93412723704917;35.45253370035623;0;2.8484424945598703
733;0;733;1;0.0;;35.45253370035623;0;2.8484424945598703
734;0;734;0;857.4537574351668;21.003195299341975;35.45253370035623;1;2.8484424945598703
735;0;735;0;367.98059108606117;32.74629953170311;35.45253370035623;0;2.8484424945598703
736;0;736;0;637.8040335212303;26.257299450200502;35.45253370035623;1;2.8484424945598703
737;0;737;0;846.0604030583008;21.360568968025795;35.45253370035623;1;2.8484424945598703
738;0;738;0;378.03147503269196;36.041163420375085;35.45253370035623;0;2.8484424945598703
739;0;739;0;699.3951391724077;25.061525823617373;35.45253370035623;1;2.8484424945598703
740;0;740;0;932.7640712982482;18.640947776380013;35.45253370035623;1;2.8484424945598703
741;0;741;0;994.6820013416467;14.732826792051707;35.45253370035623;1;2.8484424945598703
742;0;742;0;386.2198502573618;34.20569329749385;35.45253370035623;0;2.8484424945598703
743;0;743;0;286.473638579315;37.15324424786664;35.45253370035623;0;2.8484424945598703
744;0;744;0;266.4479228727133;35.21186018735199;35.45253370035623;0;2.8484424945598703
745;0;745;0;356.0312842901282;36.731240163127694;35.45253370035623;0;2.8484424945598703
746;0;746;0;550.8349043842152;19.762968842016303;35.45253370035623;1;2.8484424945598703
747;0;747;0;373.9770806549411;36.16833701167581;35.45253370035623;0;2.8484424945598703
748;0;748;0;589.8986647949039;23.859524685071268;35.45253370035623;1;2.8484424945598703
749;0;749;1;0.0;;35.45253370035623;0;2.8484424945598703
750;0;750;0;392.23696678783784;35.59558185272874;35.45253370035623;0;2.8484424945598703
751;0;751;1;0.0;;35.45253370035623;0;2.8484424945598703
752;0;752;0;957.6029072428762;17.86183166766041;35.45253370035623;1;2.8484424945598703
753;0;753;0;490.28817277098807;23.351545960473246;35.45253370035623;1;2.8484424945598703
754;0;754;0;287.91986521431375;35.16967805898588;35.45253370035623;0;2.8484424945598703
755;0;755;0;942.3310147849461;18.340862869087548;35.45253370035623;1;2.8484424945598703
756;0;756;0;881.9921762855888;20.23350232936979;35.45253370035623;1;2.8484424945598703
757;0;757;1;0.0;;35.45253370035623;0;2.8484424945598703
758;0;758;0;270.91316738291545;38.69978919475301;35.45253370035623;0;2.8484424945598703
759;0;759;0;835.2730898561792;21.698933032441396;35.45253370035623;1;2.8484424945598703
760;0;760;0;410.33805911410667;35.02780755572643;35.45253370035623;0;2.8484424945598703
761;0;761;0;940.5327976974177;18.397267279624;35.45253370035623;1;2.8484424945598703
762;0;762;0;384.39604869044666;35.84152677585022;35.45253370035623;0;2.8484424945598703
763;0;763;0;718.584840012953;23.50064556466088;35.45253370035623;1;2.8484424945598703
764;0;764;0;369.8529798490471;35.67719890046976;35.45253370035623;0;2.8484424945598703
765;0;765;0;452.89399016633274;33.15567740768519;35.45253370035623;0;2.8484424945598703
766;0;766;0;715.8548221424929;16.667796315840555;35.45253370035623;1;2.8484424945598703
767;0;767;0;414.51391369584513;34.896824140096335;35.45253370035623;0;2.8484424945598703
768;0;768;0;897.395046681786;19.75036276224394;35.45253370035623;1;2.8484424945598703
769;0;769;0;368.2562366882909;36.34778188179069;35.45253370035623;0;2.8484424945598703
770;0;770;0;446.58488783524456;29.57989790835505;35.45253370035623;1;2.8484424945598703
771;0;771;0;364.81675025088794;36.455667746292434;35.45253370035623;0;2.8484424945598703
772;0;772;0;293.47170016131713;33.42558233728405;35.45253370035623;0;2.8484424945598703
773;0;773;0;344.0129327369031;37.10821802619048;35.45253370035623;0;2.8484424945598703
774;0;774;0;399.6898568525926;28.598184489074626;35.45253370035623;1;2.8484424945598703
775;0;775;0;338.55135809100926;37.279530433707336;35.45253370035623;0;2.8484424945598703
776;0;776;1;0.0;;35.45253370035623;0;2.8484424945598703
777;0;777;0;677.6704093077738;24.768676531864678;35.45253370035623;1;2.8484424945598703
778;0;778;0;437.164797955435;34.186337189631715;35.45253370035623;0;2.8484424945598703
779;0;779;0;563.2265852358282;25.865896125200077;35.45253370035623;1;2.8484424945598703
780;0;780;0;679.963367383407;18.692062580281842;35.45253370035623;1;2.8484424945598703
781;0;781;0;367.4903046368803;28.9246908509368;35.45253370035623;1;2.8484424945598703
782;0;782;0;338.70044397562344;37.27485407872256;35.45253370035623;0;2.8484424945598703
783;0;783;0;285.0308348377586;36.53081854327381;35.45253370035623;0;2.8484424945598703
784;0;784;0;422.8936185860481;27.190828196832843;35.45253370035623;1;2.8484424945598703
785;0;785;0;352.12910246607805;33.578211820258716;35.45253370035623;0;2.8484424945598703
786;0;786;0;276.5946565604464;35.13556682722937;35.45253370035623;0;2.8484424945598703
787;0;787;0;342.08242966506236;35.97623599437435;35.45253370035623;0;2.8484424945598703
788;0;788;0;327.5739069745462;36.86431316390073;35.45253370035623;0;2.8484424945598703
789;0;789;1;0.0;;35.45253370035623;0;2.8484424945598703
790;0;790;0;328.99983588319094;35.24361491328288;35.45253370035623;0;2.8484424945598703
791;0;791;0;272.5364438961557;34.538695646220056;35.45253370035623;0;2.8484424945598703
792;0;792;0;790.8028615512757;21.67340551381406;35.45253370035623;1;2.8484424945598703
793;0;793;0;520.157982922141;31.58310218032401;35.45253370035623;1;2.8484424945598703
794;0;794;0;898.6147213408998;18.454953421229256;35.45253370035623;1;2.8484424945598703
795;0;795;0;485.1849822233755;31.192095585516114;35.45253370035623;1;2.8484424945598703
796;0;796;0;639.4054270916074;27.842685162264576;35.45253370035623;1;2.8484424945598703
797;0;797;0;613.6947134273787;16.266444701610496;35.45253370035623;1;2.8484424945598703
798;0;798;0;279.42109178871;34.89647164210305;35.45253370035623;0;2.8484424945598703
799;0;799;0;415.73303511991395;34.85858413794428;35.45253370035623;0;2.8484424945598703
800;0;800;0;470.06604736208897;29.34156249741909;35.45253370035623;1;2.8484424945598703
801;0;801;0;354.2285691844193;35.89220089720462;35.45253370035623;0;2.8484424945598703
802;0;802;0;1052.896776824913;14.872762895713896;35.45253370035623;1;2.8484424945598703
803;0;803;0;1019.1718937246183;15.930606336795451;35.45253370035623;1;2.8484424945598703
804;0;804;0;647.6214265300184;27.584975117962692;35.45253370035623;1;2.8484424945598703
805;0;805;0;786.9872060247687;23.21350923885785;35.45253370035623;1;2.8484424945598703
806;0;806;0;268.00480497374326;36.68690174713998;35.45253370035623;0;2.8484424945598703
807;0;807;0;754.4540635929139;24.233971525916406;35.45253370035623;1;2.8484424945598703
808;0;808;0;454.615503847721;33.63896346811283;35.45253370035623;0;2.8484424945598703
809;0;809;1;0.0;;35.45253370035623;0;2.8484424945598703
810;0;810;0;413.76378748451503;34.92035323848577;35.45253370035623;0;2.8484424945598703
811;0;811;0;247.6825335103157;38.160916644868706;35.45253370035623;0;2.8484424945598703
812;0;812;0;278.34078498552924;39.16814661227123;35.45253370035623;0;2.8484424945598703
813;0;813;0;397.2078644138714;35.43966043902512;35.45253370035623;0;2.8484424945598703
814;0;814;0;424.29152622864257;33.74462810455575;35.45253370035623;0;2.8484424945598703
815;0;815;0;669.733599006288;25.73331812038137;35.45253370035623;1;2.8484424945598703
816;0;816;0;925.4807669780241;18.869402110280507;35.45253370035623;1;2.8484424945598703
817;0;817;0;472.2377972416221;33.08620758670282;35.45253370035623;0;2.8484424945598703
818;0;818;0;467.4994253509717;33.23483539991193;35.45253370035623;0;2.8484424945598703
819;0;819;0;367.48379913916483;32.78761203882926;35.45253370035623;0;2.8484424945598703
820;0;820;0;364.76707719979186;33.20625249938857;35.45253370035623;0;2.8484424945598703
821;0;821;0;279.39450744775775;37.8726767533593;35.45253370035623;0;2.8484424945598703
822;0;822;0;233.10924631201675;36.27895332323394;35.45253370035623;0;2.8484424945598703
823;0;823;0;332.86581780985705;37.457867938318856;35.45253370035623;0;2.8484424945598703
824;0;824;0;831.3054877020145;21.823384224847974;35.45253370035623;1;2.8484424945598703
825;0;825;0;345.1676279334057;36.59698890603666;35.45253370035623;0;2.8484424945598703
826;0;826;0;881.0429645739101;17.479169627102337;35.45253370035623;1;2.8484424945598703
827;0;827;0;453.14788452665164;26.329886140679722;35.45253370035623;1;2.8484424945598703
828;0;828;0;387.883926252459;27.74301190937347;35.45253370035623;1;2.8484424945598703
829;0;829;0;232.4152598720339;35.897339849798456;35.45253370035623;0;2.8484424945598703
830;0;830;0;804.4798523873199;22.664819976785303;35.45253370035623;1;2.8484424945598703
831;0;831;0;336.83499202046414;35.84422624194518;35.45253370035623;0;2.8484424945598703
832;0;832;1;0.0;;35.45253370035623;0;2.8484424945598703
833;0;833;0;272.42629089574416;33.82769108362925;35.45253370035623;0;2.8484424945598703
834;0;834;0;348.2130356065972;34.73059705504088;35.45253370035623;0;2.8484424945598703
835;0;835;0;359.8924360306086;34.82465200535444;35.45253370035623;0;2.8484424945598703
836;0;836;0;413.5053261883075;30.616619294822687;35.45253370035623;1;2.8484424945598703
837;0;837;0;373.8366201003851;34.79823791598451;35.45253370035623;0;2.8484424945598703
838;0;838;0;383.92242612303386;29.68213540569901;35.45253370035623;1;2.8484424945598703
839;0;839;0;447.59173543905325;25.14306124858666;35.45253370035623;1;2.8484424945598703
840;0;840;0;291.5708210304547;34.85643747865941;35.45253370035623;0;2.8484424945598703
841;0;841;0;847.6521619360944;14.94156265747936;35.45253370035623;1;2.8484424945598703
