simulated_sales_data.csv.csv
;global_id;date_placed;offer_dummy;sales;price;avg_price;promo_dummy;elasticity
842;0;842;0;341.1632571950355;35.000237725681906;35.45253370035623;0;2.8484424945598703
843;0;843;0;320.461068530034;35.064625768187966;35.45253370035623;0;2.8484424945598703
844;0;844;0;396.97639133746156;35.446921020920655;35.45253370035623;0;2.8484424945598703
845;0;845;0;387.43459174480046;31.884996625429064;35.45253370035623;1;2.8484424945598703
846;0;846;0;348.2481131813217;36.97537374496343;35.45253370035623;0;2.8484424945598703
847;0;847;0;628.5308528170525;27.317100578373097;35.45253370035623;1;2.8484424945598703
848;0;848;0;690.5063836649113;26.239808983767468;35.45253370035623;1;2.8484424945598703
849;0;849;0;466.00493060725216;33.28171299642347;35.45253370035623;0;2.8484424945598703
0;1;0;1;0.0;;28.087665858299893;0;2.802373888818599
1;1;1;1;0.0;;28.087665858299893;0;2.802373888818599
2;1;2;1;0.0;;28.087665858299893;0;2.802373888818599
3;1;3;1;0.0;;28.087665858299893;0;2.802373888818599
4;1;4;1;0.0;;28.087665858299893;0;2.802373888818599
5;1;5;1;0.0;;28.087665858299893;0;2.802373888818599
6;1;6;1;0.0;;28.087665858299893;0;2.802373888818599
7;1;7;1;0.0;;28.087665858299893;0;2.802373888818599
8;1;8;1;0.0;;28.087665858299893;0;2.802373888818599
9;1;9;1;0.0;;28.087665858299893;0;2.802373888818599
10;1;10;1;0.0;;28.087665858299893;0;2.802373888818599
11;1;11;1;0.0;;28.087665858299893;0;2.802373888818599
12;1;12;1;0.0;;28.087665858299893;0;2.802373888818599
13;1;13;1;0.0;;28.087665858299893;0;2.802373888818599
14;1;14;1;0.0;;28.087665858299893;0;2.802373888818599
15;1;15;1;0.0;;28.087665858299893;0;2.802373888818599
16;1;16;1;0.0;;28.087665858299893;0;2.802373888818599
17;1;17;1;0.0;;28.087665858299893;0;2.802373888818599
18;1;18;1;0.0;;28.087665858299893;0;2.802373888818599
19;1;19;1;0.0;;28.087665858299893;0;2.802373888818599
20;1;20;1;0.0;;28.087665858299893;0;2.802373888818599
21;1;21;1;0.0;;28.087665858299893;0;2.802373888818599
22;1;22;1;0.0;;28.087665858299893;0;2.802373888818599
23;1;23;1;0.0;;28.087665858299893;0;2.802373888818599
24;1;24;1;0.0;;28.087665858299893;0;2.802373888818599
25;1;25;1;0.0;;28.087665858299893;0;2.802373888818599
26;1;26;1;0.0;;28.087665858299893;0;2.802373888818599
27;1;27;1;0.0;;28.087665858299893;0;2.802373888818599
28;1;28;1;0.0;;28.087665858299893;0;2.802373888818599
29;1;29;1;0.0;;28.087665858299893;0;2.802373888818599
30;1;30;1;0.0;;28.087665858299893;0;2.802373888818599
31;1;31;1;0.0;;28.087665858299893;0;2.802373888818599
32;1;32;1;0.0;;28.087665858299893;0;2.802373888818599
33;1;33;1;0.0;;28.087665858299893;0;2.802373888818599
34;1;34;1;0.0;;28.087665858299893;0;2.802373888818599
35;1;35;1;0.0;;28.087665858299893;0;2.802373888818599
36;1;36;1;0.0;;28.087665858299893;0;2.802373888818599
37;1;37;1;0.0;;28.087665858299893;0;2.802373888818599
38;1;38;1;0.0;;28.087665858299893;0;2.802373888818599
39;1;39;1;0.0;;28.087665858299893;0;2.802373888818599
40;1;40;1;0.0;;28.087665858299893;0;2.802373888818599
41;1;41;1;0.0;;28.087665858299893;0;2.802373888818599
42;1;42;1;0.0;;28.087665858299893;0;2.802373888818599
43;1;43;1;0.0;;28.087665858299893;0;2.802373888818599
44;1;44;1;0.0;;28.087665858299893;0;2.802373888818599
45;1;45;1;0.0;;28.087665858299893;0;2.802373888818599
46;1;46;1;0.0;;28.087665858299893;0;2.802373888818599
47;1;47;1;0.0;;28.087665858299893;0;2.802373888818599
48;1;48;1;0.0;;28.087665858299893;0;2.802373888818599
49;1;49;1;0.0;;28.087665858299893;0;2.802373888818599
50;1;50;1;0.0;;28.087665858299893;0;2.802373888818599
51;1;51;1;0.0;;28.087665858299893;0;2.802373888818599
52;1;52;1;0.0;;28.087665858299893;0;2.802373888818599
53;1;53;1;0.0;;28.087665858299893;0;2.802373888818599
54;1;54;1;0.0;;28.087665858299893;0;2.802373888818599
55;1;55;1;0.0;;28.087665858299893;0;2.802373888818599
56;1;56;1;0.0;;28.087665858299893;0;2.802373888818599
57;1;57;1;0.0;;28.087665858299893;0;2.802373888818599
58;1;58;1;0.0;;28.087665858299893;0;2.802373888818599
59;1;59;1;0.0;;28.087665858299893;0;2.802373888818599
60;1;60;1;0.0;;28.087665858299893;0;2.802373888818599
61;1;61;1;0.0;;28.087665858299893;0;2.802373888818599
62;1;62;1;0.0;;28.087665858299893;0;2.802373888818599
63;1;63;1;0.0;;28.087665858299893;0;2.802373888818599
64;1;64;1;0.0;;28.087665858299893;0;2.802373888818599
65;1;65;1;0.0;;28.087665858299893;0;2.802373888818599
66;1;66;1;0.0;;28.087665858299893;0;2.802373888818599
67;1;67;1;0.0;;28.087665858299893;0;2.802373888818599
68;1;68;1;0.0;;28.087665858299893;0;2.802373888818599
69;1;69;1;0.0;;28.087665858299893;0;2.802373888818599
70;1;70;1;0.0;;28.087665858299893;0;2.802373888818599
71;1;71;1;0.0;;28.087665858299893;0;2.802373888818599
72;1;72;1;0.0;;28.087665858299893;0;2.802373888818599
73;1;73;1;0.0;;28.087665858299893;0;2.802373888818599
74;1;74;1;0.0;;28.087665858299893;0;2.802373888818599
75;1;75;1;0.0;;28.087665858299893;0;2.802373888818599
76;1;76;1;0.0;;28.087665858299893;0;2.802373888818599
77;1;77;1;0.0;;28.087665858299893;0;2.802373888818599
78;1;78;1;0.0;;28.087665858299893;0;2.802373888818599
79;1;79;1;0.0;;28.087665858299893;0;2.802373888818599
80;1;80;1;0.0;;28.087665858299893;0;2.802373888818599
81;1;81;1;0.0;;28.087665858299893;0;2.802373888818599
82;1;82;1;0.0;;28.087665858299893;0;2.802373888818599
83;1;83;1;0.0;;28.087665858299893;0;2.802373888818599
84;1;84;1;0.0;;28.087665858299893;0;2.802373888818599
85;1;85;1;0.0;;28.087665858299893;0;2.802373888818599
86;1;86;1;0.0;;28.087665858299893;0;2.802373888818599
87;1;87;1;0.0;;28.087665858299893;0;2.802373888818599
88;1;88;1;0.0;;28.087665858299893;0;2.802373888818599
89;1;89;1;0.0;;28.087665858299893;0;2.802373888818599
90;1;90;1;0.0;;28.087665858299893;0;2.802373888818599
91;1;91;1;0.0;;28.087665858299893;0;2.802373888818599
92;1;92;1;0.0;;28.087665858299893;0;2.802373888818599
93;1;93;1;0.0;;28.087665858299893;0;2.802373888818599
94;1;94;1;0.0;;28.087665858299893;0;2.802373888818599
95;1;95;1;0.0;;28.087665858299893;0;2.802373888818599
96;1;96;1;0.0;;28.087665858299893;0;2.802373888818599
97;1;97;1;0.0;;28.087665858299893;0;2.802373888818599
98;1;98;1;0.0;;28.087665858299893;0;2.802373888818599
99;1;99;1;0.0;;28.087665858299893;0;2.802373888818599
100;1;100;1;0.0;;28.087665858299893;0;2.802373888818599
101;1;101;1;0.0;;28.087665858299893;0;2.802373888818599
102;1;102;1;0.0;;28.087665858299893;0;2.802373888818599
103;1;103;1;0.0;;28.087665858299893;0;2.802373888818599
104;1;104;1;0.0;;28.087665858299893;0;2.802373888818599
105;1;105;1;0.0;;28.087665858299893;0;2.802373888818599
106;1;106;1;0.0;;28.087665858299893;0;2.802373888818599
107;1;107;1;0.0;;28.087665858299893;0;2.802373888818599
108;1;108;1;0.0;;28.087665858299893;0;2.802373888818599
109;1;109;1;0.0;;28.087665858299893;0;2.802373888818599
110;1;110;1;0.0;;28.087665858299893;0;2.802373888818599
111;1;111;1;0.0;;28.087665858299893;0;2.802373888818599
112;1;112;1;0.0;;28.087665858299893;0;2.802373888818599
113;1;113;1;0.0;;28.087665858299893;0;2.802373888818599
114;1;114;1;0.0;;28.087665858299893;0;2.802373888818599
115;1;115;1;0.0;;28.087665858299893;0;2.802373888818599
116;1;116;1;0.0;;28.087665858299893;0;2.802373888818599
117;1;117;1;0.0;;28.087665858299893;0;2.802373888818599
118;1;118;1;0.0;;28.087665858299893;0;2.802373888818599
119;1;119;1;0.0;;28.087665858299893;0;2.802373888818599
120;1;120;1;0.0;;28.087665858299893;0;2.802373888818599
121;1;121;1;0.0;;28.087665858299893;0;2.802373888818599
122;1;122;1;0.0;;28.087665858299893;0;2.802373888818599
123;1;123;1;0.0;;28.087665858299893;0;2.802373888818599
124;1;124;1;0.0;;28.087665858299893;0;2.802373888818599
125;1;125;1;0.0;;28.087665858299893;0;2.802373888818599
126;1;126;1;0.0;;28.087665858299893;0;2.802373888818599
127;1;127;1;0.0;;28.087665858299893;0;2.802373888818599
128;1;128;1;0.0;;28.087665858299893;0;2.802373888818599
129;1;129;1;0.0;;28.087665858299893;0;2.802373888818599
130;1;130;1;0.0;;28.087665858299893;0;2.802373888818599
131;1;131;1;0.0;;28.087665858299893;0;2.802373888818599
132;1;132;1;0.0;;28.087665858299893;0;2.802373888818599
133;1;133;1;0.0;;28.087665858299893;0;2.802373888818599
134;1;134;1;0.0;;28.087665858299893;0;2.802373888818599
135;1;135;1;0.0;;28.087665858299893;0;2.802373888818599
136;1;136;1;0.0;;28.087665858299893;0;2.802373888818599
137;1;137;1;0.0;;28.087665858299893;0;2.802373888818599
138;1;138;1;0.0;;28.087665858299893;0;2.802373888818599
139;1;139;1;0.0;;28.087665858299893;0;2.802373888818599
140;1;140;1;0.0;;28.087665858299893;0;2.802373888818599
141;1;141;1;0.0;;28.087665858299893;0;2.802373888818599
142;1;142;1;0.0;;28.087665858299893;0;2.802373888818599
143;1;143;1;0.0;;28.087665858299893;0;2.802373888818599
144;1;144;1;0.0;;28.087665858299893;0;2.802373888818599
145;1;145;1;0.0;;28.087665858299893;0;2.802373888818599
146;1;146;1;0.0;;28.087665858299893;0;2.802373888818599
147;1;147;1;0.0;;28.087665858299893;0;2.802373888818599
148;1;148;1;0.0;;28.087665858299893;0;2.802373888818599
149;1;149;1;0.0;;28.087665858299893;0;2.802373888818599
150;1;150;1;0.0;;28.087665858299893;0;2.802373888818599
151;1;151;1;0.0;;28.087665858299893;0;2.802373888818599
152;1;152;1;0.0;;28.087665858299893;0;2.802373888818599
153;1;153;1;0.0;;28.087665858299893;0;2.802373888818599
154;1;154;1;0.0;;28.087665858299893;0;2.802373888818599
155;1;155;1;0.0;;28.087665858299893;0;2.802373888818599
156;1;156;1;0.0;;28.087665858299893;0;2.802373888818599
157;1;157;1;0.0;;28.087665858299893;0;2.802373888818599
158;1;158;1;0.0;;28.087665858299893;0;2.802373888818599
159;1;159;1;0.0;;28.087665858299893;0;2.802373888818599
160;1;160;1;0.0;;28.087665858299893;0;2.802373888818599
161;1;161;1;0.0;;28.087665858299893;0;2.802373888818599
162;1;162;1;0.0;;28.087665858299893;0;2.802373888818599
163;1;163;1;0.0;;28.087665858299893;0;2.802373888818599
164;1;164;1;0.0;;28.087665858299893;0;2.802373888818599
165;1;165;1;0.0;;28.087665858299893;0;2.802373888818599
166;1;166;1;0.0;;28.087665858299893;0;2.802373888818599
167;1;167;1;0.0;;28.087665858299893;0;2.802373888818599
168;1;168;1;0.0;;28.087665858299893;0;2.802373888818599
169;1;169;1;0.0;;28.087665858299893;0;2.802373888818599
170;1;170;1;0.0;;28.087665858299893;0;2.802373888818599
171;1;171;1;0.0;;28.087665858299893;0;2.802373888818599
172;1;172;1;0.0;;28.087665858299893;0;2.802373888818599
173;1;173;1;0.0;;28.087665858299893;0;2.802373888818599
174;1;174;1;0.0;;28.087665858299893;0;2.802373888818599
175;1;175;1;0.0;;28.087665858299893;0;2.802373888818599
176;1;176;1;0.0;;28.087665858299893;0;2.802373888818599
177;1;177;1;0.0;;28.087665858299893;0;2.802373888818599
178;1;178;1;0.0;;28.087665858299893;0;2.802373888818599
179;1;179;1;0.0;;28.087665858299893;0;2.802373888818599
180;1;180;1;0.0;;28.087665858299893;0;2.802373888818599
181;1;181;1;0.0;;28.087665858299893;0;2.802373888818599
182;1;182;1;0.0;;28.087665858299893;0;2.802373888818599
183;1;183;1;0.0;;28.087665858299893;0;2.802373888818599
184;1;184;1;0.0;;28.087665858299893;0;2.802373888818599
185;1;185;1;0.0;;28.087665858299893;0;2.802373888818599
186;1;186;1;0.0;;28.087665858299893;0;2.802373888818599
187;1;187;1;0.0;;28.087665858299893;0;2.802373888818599
188;1;188;1;0.0;;28.087665858299893;0;2.802373888818599
189;1;189;1;0.0;;28.087665858299893;0;2.802373888818599
190;1;190;1;0.0;;28.087665858299893;0;2.802373888818599
191;1;191;1;0.0;;28.087665858299893;0;2.802373888818599
192;1;192;1;0.0;;28.087665858299893;0;2.802373888818599
193;1;193;1;0.0;;28.087665858299893;0;2.802373888818599
194;1;194;1;0.0;;28.087665858299893;0;2.802373888818599
195;1;195;1;0.0;;28.087665858299893;0;2.802373888818599
196;1;196;1;0.0;;28.087665858299893;0;2.802373888818599
197;1;197;1;0.0;;28.087665858299893;0;2.802373888818599
198;1;198;1;0.0;;28.087665858299893;0;2.802373888818599
199;1;199;1;0.0;;28.087665858299893;0;2.802373888818599
200;1;200;1;0.0;;28.087665858299893;0;2.802373888818599
201;1;201;1;0.0;;28.087665858299893;0;2.802373888818599
202;1;202;1;0.0;;28.087665858299893;0;2.802373888818599
203;1;203;1;0.0;;28.087665858299893;0;2.802373888818599
204;1;204;1;0.0;;28.087665858299893;0;2.802373888818599
205;1;205;1;0.0;;28.087665858299893;0;2.802373888818599
206;1;206;1;0.0;;28.087665858299893;0;2.802373888818599
207;1;207;1;0.0;;28.087665858299893;0;2.802373888818599
208;1;208;1;0.0;;28.087665858299893;0;2.802373888818599
209;1;209;1;0.0;;28.087665858299893;0;2.802373888818599
210;1;210;1;0.0;;28.087665858299893;0;2.802373888818599
211;1;211;1;0.0;;28.087665858299893;0;2.802373888818599
212;1;212;1;0.0;;28.087665858299893;0;2.802373888818599
213;1;213;1;0.0;;28.087665858299893;0;2.802373888818599
214;1;214;1;0.0;;28.087665858299893;0;2.802373888818599
215;1;215;1;0.0;;28.087665858299893;0;2.802373888818599
216;1;216;1;0.0;;28.087665858299893;0;2.802373888818599
217;1;217;1;0.0;;28.087665858299893;0;2.802373888818599
218;1;218;1;0.0;;28.087665858299893;0;2.802373888818599
219;1;219;1;0.0;;28.087665858299893;0;2.802373888818599
220;1;220;1;0.0;;28.087665858299893;0;2.802373888818599
221;1;221;1;0.0;;28.087665858299893;0;2.802373888818599
222;1;222;1;0.0;;28.087665858299893;0;2.802373888818599
223;1;223;1;0.0;;28.087665858299893;0;2.802373888818599
224;1;224;1;0.0;;28.087665858299893;0;2.802373888818599
225;1;225;1;0.0;;28.087665858299893;0;2.802373888818599
226;1;226;1;0.0;;28.087665858299893;0;2.802373888818599
227;1;227;1;0.0;;28.087665858299893;0;2.802373888818599
228;1;228;1;0.0;;28.087665858299893;0;2.802373888818599
229;1;229;1;0.0;;28.087665858299893;0;2.802373888818599
230;1;230;1;0.0;;28.087665858299893;0;2.802373888818599
231;1;231;1;0.0;;28.087665858299893;0;2.802373888818599
232;1;232;1;0.0;;28.087665858299893;0;2.802373888818599
233;1;233;1;0.0;;28.087665858299893;0;2.802373888818599
234;1;234;1;0.0;;28.087665858299893;0;2.802373888818599
235;1;235;1;0.0;;28.087665858299893;0;2.802373888818599
236;1;236;1;0.0;;28.087665858299893;0;2.802373888818599
237;1;237;1;0.0;;28.087665858299893;0;2.802373888818599
238;1;238;1;0.0;;28.087665858299893;0;2.802373888818599
239;1;239;1;0.0;;28.087665858299893;0;2.802373888818599
240;1;240;1;0.0;;28.087665858299893;0;2.802373888818599
241;1;241;1;0.0;;28.087665858299893;0;2.802373888818599
242;1;242;1;0.0;;28.087665858299893;0;2.802373888818599
243;1;243;1;0.0;;28.087665858299893;0;2.802373888818599
244;1;244;1;0.0;;28.087665858299893;0;2.802373888818599
245;1;245;1;0.0;;28.087665858299893;0;2.802373888818599
246;1;246;1;0.0;;28.087665858299893;0;2.802373888818599
247;1;247;1;0.0;;28.087665858299893;0;2.802373888818599
248;1;248;1;0.0;;28.087665858299893;0;2.802373888818599
249;1;249;1;0.0;;28.087665858299893;0;2.802373888818599
250;1;250;1;0.0;;28.087665858299893;0;2.802373888818599
251;1;251;1;0.0;;28.087665858299893;0;2.802373888818599
252;1;252;1;0.0;;28.087665858299893;0;2.802373888818599
253;1;253;1;0.0;;28.087665858299893;0;2.802373888818599
254;1;254;1;0.0;;28.087665858299893;0;2.802373888818599
255;1;255;1;0.0;;28.087665858299893;0;2.802373888818599
256;1;256;1;0.0;;28.087665858299893;0;2.802373888818599
257;1;257;1;0.0;;28.087665858299893;0;2.802373888818599
258;1;258;1;0.0;;28.087665858299893;0;2.802373888818599
259;1;259;1;0.0;;28.087665858299893;0;2.802373888818599
260;1;260;1;0.0;;28.087665858299893;0;2.802373888818599
261;1;261;1;0.0;;28.087665858299893;0;2.802373888818599
262;1;262;1;0.0;;28.087665858299893;0;2.802373888818599
263;1;263;1;0.0;;28.087665858299893;0;2.802373888818599
264;1;264;1;0.0;;28.087665858299893;0;2.802373888818599
265;1;265;1;0.0;;28.087665858299893;0;2.802373888818599
266;1;266;1;0.0;;28.087665858299893;0;2.802373888818599
267;1;267;1;0.0;;28.087665858299893;0;2.802373888818599
268;1;268;1;0.0;;28.087665858299893;0;2.802373888818599
269;1;269;1;0.0;;28.087665858299893;0;2.802373888818599
270;1;270;1;0.0;;28.087665858299893;0;2.802373888818599
271;1;271;1;0.0;;28.087665858299893;0;2.802373888818599
272;1;272;1;0.0;;28.087665858299893;0;2.802373888818599
273;1;273;1;0.0;;28.087665858299893;0;2.802373888818599
274;1;274;1;0.0;;28.087665858299893;0;2.802373888818599
275;1;275;1;0.0;;28.087665858299893;0;2.802373888818599
276;1;276;1;0.0;;28.087665858299893;0;2.802373888818599
277;1;277;1;0.0;;28.087665858299893;0;2.802373888818599
278;1;278;1;0.0;;28.087665858299893;0;2.802373888818599
279;1;279;1;0.0;;28.087665858299893;0;2.802373888818599
280;1;280;1;0.0;;28.087665858299893;0;2.802373888818599
281;1;281;1;0.0;;28.087665858299893;0;2.802373888818599
282;1;282;1;0.0;;28.087665858299893;0;2.802373888818599
283;1;283;1;0.0;;28.087665858299893;0;2.802373888818599
284;1;284;1;0.0;;28.087665858299893;0;2.802373888818599
285;1;285;1;0.0;;28.087665858299893;0;2.802373888818599
286;1;286;1;0.0;;28.087665858299893;0;2.802373888818599
287;1;287;1;0.0;;28.087665858299893;0;2.802373888818599
288;1;288;1;0.0;;28.087665858299893;0;2.802373888818599
289;1;289;1;0.0;;28.087665858299893;0;2.802373888818599
290;1;290;1;0.0;;28.087665858299893;0;2.802373888818599
291;1;291;1;0.0;;28.087665858299893;0;2.802373888818599
292;1;292;1;0.0;;28.087665858299893;0;2.802373888818599
293;1;293;1;0.0;;28.087665858299893;0;2.802373888818599
294;1;294;1;0.0;;28.087665858299893;0;2.802373888818599
295;1;295;1;0.0;;28.087665858299893;0;2.802373888818599
296;1;296;1;0.0;;28.087665858299893;0;2.802373888818599
297;1;297;1;0.0;;28.087665858299893;0;2.802373888818599
298;1;298;1;0.0;;28.087665858299893;0;2.802373888818599
299;1;299;1;0.0;;28.087665858299893;0;2.802373888818599
300;1;300;1;0.0;;28.087665858299893;0;2.802373888818599
301;1;301;1;0.0;;28.087665858299893;0;2.802373888818599
302;1;302;1;0.0;;28.087665858299893;0;2.802373888818599
303;1;303;1;0.0;;28.087665858299893;0;2.802373888818599
304;1;304;1;0.0;;28.087665858299893;0;2.802373888818599
305;1;305;1;0.0;;28.087665858299893;0;2.802373888818599
306;1;306;1;0.0;;28.087665858299893;0;2.802373888818599
307;1;307;1;0.0;;28.087665858299893;0;2.802373888818599
308;1;308;1;0.0;;28.087665858299893;0;2.802373888818599
309;1;309;1;0.0;;28.087665858299893;0;2.802373888818599
