simulated_sales_data.csv.csv
;global_id;date_placed;offer_dummy;sales;price;avg_price;promo_dummy;elasticity
310;1;310;1;0.0;;28.087665858299893;0;2.802373888818599
311;1;311;1;0.0;;28.087665858299893;0;2.802373888818599
312;1;312;1;0.0;;28.087665858299893;0;2.802373888818599
313;1;313;1;0.0;;28.087665858299893;0;2.802373888818599
314;1;314;1;0.0;;28.087665858299893;0;2.802373888818599
315;1;315;1;0.0;;28.087665858299893;0;2.802373888818599
316;1;316;1;0.0;;28.087665858299893;0;2.802373888818599
317;1;317;1;0.0;;28.087665858299893;0;2.802373888818599
318;1;318;1;0.0;;28.087665858299893;0;2.802373888818599
319;1;319;1;0.0;;28.087665858299893;0;2.802373888818599
320;1;320;1;0.0;;28.087665858299893;0;2.802373888818599
321;1;321;1;0.0;;28.087665858299893;0;2.802373888818599
322;1;322;1;0.0;;28.087665858299893;0;2.802373888818599
323;1;323;1;0.0;;28.087665858299893;0;2.802373888818599
324;1;324;1;0.0;;28.087665858299893;0;2.802373888818599
325;1;325;1;0.0;;28.087665858299893;0;2.802373888818599
326;1;326;1;0.0;;28.087665858299893;0;2.802373888818599
327;1;327;1;0.0;;28.087665858299893;0;2.802373888818599
328;1;328;1;0.0;;28.087665858299893;0;2.802373888818599
329;1;329;1;0.0;;28.087665858299893;0;2.802373888818599
330;1;330;1;0.0;;28.087665858299893;0;2.802373888818599
331;1;331;1;0.0;;28.087665858299893;0;2.802373888818599
332;1;332;1;0.0;;28.087665858299893;0;2.802373888818599
333;1;333;1;0.0;;28.087665858299893;0;2.802373888818599
334;1;334;1;0.0;;28.087665858299893;0;2.802373888818599
335;1;335;1;0.0;;28.087665858299893;0;2.802373888818599
336;1;336;1;0.0;;28.087665858299893;0;2.802373888818599
337;1;337;1;0.0;;28.087665858299893;0;2.802373888818599
338;1;338;1;0.0;;28.087665858299893;0;2.802373888818599
339;1;339;1;0.0;;28.087665858299893;0;2.802373888818599
340;1;340;1;0.0;;28.087665858299893;0;2.802373888818599
341;1;341;1;0.0;;28.087665858299893;0;2.802373888818599
342;1;342;1;0.0;;28.087665858299893;0;2.802373888818599
343;1;343;1;0.0;;28.087665858299893;0;2.802373888818599
344;1;344;1;0.0;;28.087665858299893;0;2.802373888818599
345;1;345;1;0.0;;28.087665858299893;0;2.802373888818599
346;1;346;1;0.0;;28.087665858299893;0;2.802373888818599
347;1;347;1;0.0;;28.087665858299893;0;2.802373888818599
348;1;348;1;0.0;;28.087665858299893;0;2.802373888818599
349;1;349;1;0.0;;28.087665858299893;0;2.802373888818599
350;1;350;1;0.0;;28.087665858299893;0;2.802373888818599
351;1;351;1;0.0;;28.087665858299893;0;2.802373888818599
352;1;352;1;0.0;;28.087665858299893;0;2.802373888818599
353;1;353;1;0.0;;28.087665858299893;0;2.802373888818599
354;1;354;1;0.0;;28.087665858299893;0;2.802373888818599
355;1;355;1;0.0;;28.087665858299893;0;2.802373888818599
356;1;356;1;0.0;;28.087665858299893;0;2.802373888818599
357;1;357;1;0.0;;28.087665858299893;0;2.802373888818599
358;1;358;1;0.0;;28.087665858299893;0;2.802373888818599
359;1;359;1;0.0;;28.087665858299893;0;2.802373888818599
360;1;360;1;0.0;;28.087665858299893;0;2.802373888818599
361;1;361;1;0.0;;28.087665858299893;0;2.802373888818599
362;1;362;1;0.0;;28.087665858299893;0;2.802373888818599
363;1;363;1;0.0;;28.087665858299893;0;2.802373888818599
364;1;364;1;0.0;;28.087665858299893;0;2.802373888818599
365;1;365;1;0.0;;28.087665858299893;0;2.802373888818599
366;1;366;1;0.0;;28.087665858299893;0;2.802373888818599
367;1;367;0;91.324496766544;14.219012018045506;28.087665858299893;1;2.802373888818599
368;1;368;0;38.66921848031479;28.025241751569677;28.087665858299893;0;2.802373888818599
369;1;369;0;35.13735981463209;29.177748243928562;28.087665858299893;0;2.802373888818599
370;1;370;0;92.36895734826324;14.044982855706136;28.087665858299893;1;2.802373888818599
371;1;371;0;37.34616744015179;28.459521587672548;28.087665858299893;0;2.802373888818599
372;1;372;0;23.015765739439203;31.164634526762896;28.087665858299893;0;2.802373888818599
373;1;373;0;32.755076755753606;29.638052681305687;28.087665858299893;0;2.802373888818599
374;1;374;0;28.253455946091883;29.997267806862194;28.087665858299893;0;2.802373888818599
375;1;375;0;33.197016199891685;29.132768280224745;28.087665858299893;0;2.802373888818599
376;1;376;0;74.59252214697382;14.742398722533792;28.087665858299893;1;2.802373888818599
377;1;377;0;43.52646683857364;26.511117104077503;28.087665858299893;0;2.802373888818599
378;1;378;0;27.51722465552282;31.1149627993525;28.087665858299893;0;2.802373888818599
379;1;379;0;60.129281886563135;22.82422377292366;28.087665858299893;1;2.802373888818599
380;1;380;0;78.79418970231087;16.289668624886342;28.087665858299893;1;2.802373888818599
381;1;381;1;0.0;;28.087665858299893;0;2.802373888818599
382;1;382;0;49.92285234945143;25.06295388507253;28.087665858299893;0;2.802373888818599
383;1;383;0;49.923609293926695;24.56334098394204;28.087665858299893;1;2.802373888818599
384;1;384;0;37.3218772689824;28.622393395125627;28.087665858299893;0;2.802373888818599
385;1;385;0;40.34632981072572;27.655255469802114;28.087665858299893;0;2.802373888818599
386;1;386;0;38.87805445682195;27.45513043583631;28.087665858299893;0;2.802373888818599
387;1;387;0;36.42355000779319;28.24720781133254;28.087665858299893;0;2.802373888818599
388;1;388;0;68.13957342504406;20.78782244440072;28.087665858299893;1;2.802373888818599
389;1;389;0;62.01707659371535;20.75798210230794;28.087665858299893;1;2.802373888818599
390;1;390;0;35.635981944769085;29.05098696896572;28.087665858299893;0;2.802373888818599
391;1;391;0;34.59744352138094;29.315007449986915;28.087665858299893;0;2.802373888818599
392;1;392;0;16.48444360690911;32.906097864066126;28.087665858299893;0;2.802373888818599
393;1;393;0;70.44884652782068;16.7057670048988;28.087665858299893;1;2.802373888818599
394;1;394;0;33.81469038516625;29.514001396566215;28.087665858299893;0;2.802373888818599
395;1;395;1;0.0;;28.087665858299893;0;2.802373888818599
396;1;396;0;92.84549383948669;14.507006207855364;28.087665858299893;1;2.802373888818599
397;1;397;0;45.69462039790795;26.493848491458028;28.087665858299893;0;2.802373888818599
398;1;398;0;35.93968343547129;28.97377902763558;28.087665858299893;0;2.802373888818599
399;1;399;0;45.071533471005985;26.652251595718706;28.087665858299893;0;2.802373888818599
400;1;400;1;0.0;;28.087665858299893;0;2.802373888818599
401;1;401;0;85.3348533313177;16.41638469120005;28.087665858299893;1;2.802373888818599
402;1;402;0;38.073703757113215;28.431261717596364;28.087665858299893;0;2.802373888818599
403;1;403;0;44.48190162340647;26.80214964524947;28.087665858299893;0;2.802373888818599
404;1;404;0;32.4481309151641;28.188075504286147;28.087665858299893;0;2.802373888818599
405;1;405;0;54.24838615384476;24.319283450275137;28.087665858299893;1;2.802373888818599
406;1;406;0;59.05376041831902;23.097646199094505;28.087665858299893;1;2.802373888818599
407;1;407;0;35.14224470392881;29.176506392117584;28.087665858299893;0;2.802373888818599
408;1;408;0;40.53689477024132;25.469500100795287;28.087665858299893;1;2.802373888818599
409;1;409;0;90.42195671175504;11.850703435789459;28.087665858299893;1;2.802373888818599
410;1;410;0;103.81611017477513;11.718021865328737;28.087665858299893;1;2.802373888818599
411;1;411;0;86.20084875362369;16.19622863071126;28.087665858299893;1;2.802373888818599
412;1;412;0;45.346666177196305;26.582306499998467;28.087665858299893;0;2.802373888818599
413;1;413;0;49.3859318233268;25.18011210165457;28.087665858299893;1;2.802373888818599
414;1;414;0;82.86800825139593;17.04351375059576;28.087665858299893;1;2.802373888818599
415;1;415;0;28.692280223950004;30.313426783299455;28.087665858299893;0;2.802373888818599
416;1;416;0;82.77268506529386;14.332530758548618;28.087665858299893;1;2.802373888818599
417;1;417;1;0.0;;28.087665858299893;0;2.802373888818599
418;1;418;0;44.18280195755338;26.878187696296425;28.087665858299893;0;2.802373888818599
419;1;419;0;57.53640414977951;23.021528107823116;28.087665858299893;1;2.802373888818599
420;1;420;0;35.10279269577612;27.979768319204396;28.087665858299893;0;2.802373888818599
421;1;421;1;0.0;;28.087665858299893;0;2.802373888818599
422;1;422;0;45.66189751546969;26.502167404814706;28.087665858299893;0;2.802373888818599
423;1;423;0;39.343282646533275;28.108505407834137;28.087665858299893;0;2.802373888818599
424;1;424;0;62.60103910924846;20.53049001486489;28.087665858299893;1;2.802373888818599
425;1;425;0;41.22475046237625;25.593002682566837;28.087665858299893;1;2.802373888818599
426;1;426;0;38.34459567055631;28.155982484105134;28.087665858299893;0;2.802373888818599
427;1;427;0;46.18747792936384;23.817068207636986;28.087665858299893;1;2.802373888818599
428;1;428;0;31.782187844443648;30.030710539332155;28.087665858299893;0;2.802373888818599
429;1;429;1;0.0;;28.087665858299893;0;2.802373888818599
430;1;430;0;33.12629805331157;28.657650929443086;28.087665858299893;0;2.802373888818599
431;1;431;0;29.500395390209317;30.411397884952834;28.087665858299893;0;2.802373888818599
432;1;432;0;20.000105960766135;31.94397873451384;28.087665858299893;0;2.802373888818599
433;1;433;0;59.2128038498299;20.060717155029696;28.087665858299893;1;2.802373888818599
434;1;434;0;60.966283086165944;22.21058552425578;28.087665858299893;1;2.802373888818599
435;1;435;0;62.79542358385049;22.146428905120885;28.087665858299893;1;2.802373888818599
436;1;436;0;63.39522910569096;21.993944472355413;28.087665858299893;1;2.802373888818599
437;1;437;0;84.51036435134111;16.62598885430836;28.087665858299893;1;2.802373888818599
438;1;438;0;86.28690576179379;12.474922636747053;28.087665858299893;1;2.802373888818599
439;1;439;0;50.542406363032455;25.261429205299745;28.087665858299893;1;2.802373888818599
440;1;440;0;62.69472107436758;21.282982611569892;28.087665858299893;1;2.802373888818599
441;1;441;0;107.75134392674596;10.717594452410705;28.087665858299893;1;2.802373888818599
442;1;442;0;42.77306946439731;26.79275541084587;28.087665858299893;0;2.802373888818599
443;1;443;0;97.67042695419514;13.280396644692084;28.087665858299893;1;2.802373888818599
444;1;444;1;0.0;;28.087665858299893;0;2.802373888818599
445;1;445;0;27.998177320642334;30.99269351096256;28.087665858299893;0;2.802373888818599
446;1;446;0;90.53761342839016;15.09372277274587;28.087665858299893;1;2.802373888818599
447;1;447;0;38.77152343159021;28.253859820880393;28.087665858299893;0;2.802373888818599
448;1;448;0;50.33020681484258;25.315375237072736;28.087665858299893;1;2.802373888818599
449;1;449;0;25.472988552316437;31.405982327733728;28.087665858299893;0;2.802373888818599
450;1;450;0;75.13977062570278;15.984608784387952;28.087665858299893;1;2.802373888818599
451;1;451;1;0.0;;28.087665858299893;0;2.802373888818599
452;1;452;0;34.27477209334153;29.196741169306964;28.087665858299893;0;2.802373888818599
453;1;453;0;27.917190897676694;30.672826082152586;28.087665858299893;0;2.802373888818599
454;1;454;0;39.3438325670475;27.764922654030105;28.087665858299893;0;2.802373888818599
455;1;455;0;37.17545071883446;28.49943642592651;28.087665858299893;0;2.802373888818599
456;1;456;0;59.8006997850964;22.90775694081665;28.087665858299893;1;2.802373888818599
457;1;457;0;90.42570248537102;15.122173122142724;28.087665858299893;1;2.802373888818599
458;1;458;0;59.696910337551245;22.93414261827324;28.087665858299893;1;2.802373888818599
459;1;459;0;74.9103782915971;19.066527288140662;28.087665858299893;1;2.802373888818599
460;1;460;0;47.96627944023569;25.67306640605623;28.087665858299893;0;2.802373888818599
461;1;461;0;38.12151093216488;26.876479074279906;28.087665858299893;0;2.802373888818599
462;1;462;0;37.62287247374015;28.14324047457938;28.087665858299893;0;2.802373888818599
463;1;463;0;52.49074884861338;24.76611549455719;28.087665858299893;1;2.802373888818599
464;1;464;0;36.65506712198024;28.13253194737249;28.087665858299893;0;2.802373888818599
465;1;465;0;99.14806733323951;12.904746293327253;28.087665858299893;1;2.802373888818599
466;1;466;0;30.023991120616294;30.477684800756563;28.087665858299893;0;2.802373888818599
467;1;467;0;87.6926538633877;15.8169772772709;28.087665858299893;1;2.802373888818599
468;1;468;0;37.62513152312661;28.545299151669838;28.087665858299893;0;2.802373888818599
469;1;469;0;64.15704615397047;21.800272963427783;28.087665858299893;1;2.802373888818599
470;1;470;0;35.870736675202224;28.991306888330136;28.087665858299893;0;2.802373888818599
471;1;471;0;42.65261307778961;26.339367741165447;28.087665858299893;0;2.802373888818599
472;1;472;0;40.40180690106396;26.732109656207943;28.087665858299893;0;2.802373888818599
473;1;473;0;37.782368025480096;28.505325997041602;28.087665858299893;0;2.802373888818599
474;1;474;1;0.0;;28.087665858299893;0;2.802373888818599
475;1;475;0;87.94102883087925;15.753834617438628;28.087665858299893;1;2.802373888818599
476;1;476;0;33.02678547510266;29.714305043180744;28.087665858299893;0;2.802373888818599
477;1;477;0;38.32411502156584;27.048877326576207;28.087665858299893;0;2.802373888818599
478;1;478;0;81.5288161529837;17.383967347728042;28.087665858299893;1;2.802373888818599
479;1;479;0;108.74973021213458;10.463781573294192;28.087665858299893;1;2.802373888818599
480;1;480;0;47.84083025400972;25.948232319904363;28.087665858299893;0;2.802373888818599
481;1;481;0;76.98277482415017;18.539676170195243;28.087665858299893;1;2.802373888818599
482;1;482;0;37.331314744658634;28.61999417058896;28.087665858299893;0;2.802373888818599
483;1;483;0;68.5989948532862;20.671026894285;28.087665858299893;1;2.802373888818599
484;1;484;0;35.87810712261943;28.989433150172154;28.087665858299893;0;2.802373888818599
485;1;485;0;68.06701785669611;20.806267747554262;28.087665858299893;1;2.802373888818599
486;1;486;0;33.18628252956451;29.673757203936532;28.087665858299893;0;2.802373888818599
487;1;487;0;49.09407429841246;24.740736468451498;28.087665858299893;1;2.802373888818599
488;1;488;1;0.0;;28.087665858299893;0;2.802373888818599
489;1;489;0;35.654390395258176;27.332053969069364;28.087665858299893;0;2.802373888818599
490;1;490;0;38.26603968405668;28.38236547764445;28.087665858299893;0;2.802373888818599
491;1;491;0;41.42463715702704;26.509383723651496;28.087665858299893;0;2.802373888818599
492;1;492;1;0.0;;28.087665858299893;0;2.802373888818599
493;1;493;0;83.73387818253859;16.403700840022804;28.087665858299893;1;2.802373888818599
494;1;494;0;49.08522675239415;25.631877956227868;28.087665858299893;0;2.802373888818599
495;1;495;0;37.80919074638632;26.12339614436969;28.087665858299893;0;2.802373888818599
496;1;496;0;82.82852483250737;17.05355134863986;28.087665858299893;1;2.802373888818599
497;1;497;0;41.75635854902269;27.495045716629438;28.087665858299893;0;2.802373888818599
498;1;498;0;28.30995401161792;30.91343266700262;28.087665858299893;0;2.802373888818599
499;1;499;0;35.26623357075175;28.510574778576437;28.087665858299893;0;2.802373888818599
500;1;500;0;82.73555961755999;17.077185255884785;28.087665858299893;1;2.802373888818599
501;1;501;0;31.296461966788453;28.458066004339297;28.087665858299893;0;2.802373888818599
502;1;502;0;68.02436080484472;20.817112156480423;28.087665858299893;1;2.802373888818599
503;1;503;0;78.74236751378919;16.57877451333188;28.087665858299893;1;2.802373888818599
504;1;504;1;0.0;;28.087665858299893;0;2.802373888818599
505;1;505;0;35.482483833594664;27.81279420231131;28.087665858299893;0;2.802373888818599
506;1;506;0;53.68043919737612;24.463668699067547;28.087665858299893;1;2.802373888818599
507;1;507;0;31.443664283139984;30.116771056188927;28.087665858299893;0;2.802373888818599
508;1;508;0;79.67763636513206;17.239104451079445;28.087665858299893;1;2.802373888818599
509;1;509;0;40.67699980918816;26.286239237724498;28.087665858299893;0;2.802373888818599
510;1;510;0;53.90607957997283;24.406305696400167;28.087665858299893;0;2.802373888818599
511;1;511;0;55.67055213501127;23.95773597356784;28.087665858299893;0;2.802373888818599
512;1;512;0;23.76163453445195;30.824024685012517;28.087665858299893;0;2.802373888818599
513;1;513;0;38.973670177027245;28.202469444014955;28.087665858299893;0;2.802373888818599
514;1;514;0;72.44730734830601;19.3620332609845;28.087665858299893;1;2.802373888818599
515;1;515;0;91.56503860973852;14.832527534819176;28.087665858299893;1;2.802373888818599
516;1;516;0;39.427452581895665;28.08710746403019;28.087665858299893;0;2.802373888818599
517;1;517;0;29.587873589376297;30.588555961405692;28.087665858299893;0;2.802373888818599
518;1;518;0;71.87370952099953;17.223248611646383;28.087665858299893;1;2.802373888818599
519;1;519;0;38.541179356510966;27.57519044886047;28.087665858299893;0;2.802373888818599
520;1;520;0;49.18887727789689;25.60552759596671;28.087665858299893;0;2.802373888818599
521;1;521;0;32.338405897986306;29.528827178574325;28.087665858299893;0;2.802373888818599
522;1;522;0;68.19150429902017;20.7746204154548;28.087665858299893;1;2.802373888818599
523;1;523;0;96.52941409030917;11.083677435024402;28.087665858299893;1;2.802373888818599
524;1;524;0;75.9660212778244;15.42414343728182;28.087665858299893;1;2.802373888818599
525;1;525;0;66.1296661599373;21.298787345641696;28.087665858299893;1;2.802373888818599
526;1;526;0;81.68231092910175;16.693008151086072;28.087665858299893;1;2.802373888818599
527;1;527;0;105.52834922026648;11.28273110840222;28.087665858299893;1;2.802373888818599
528;1;528;0;30.94499750785931;29.97463508852826;28.087665858299893;0;2.802373888818599
529;1;529;0;39.77312068769706;26.871427558332986;28.087665858299893;0;2.802373888818599
530;1;530;0;32.361461302568024;28.05841555960353;28.087665858299893;0;2.802373888818599
531;1;531;0;90.79013769017672;15.029525266360986;28.087665858299893;1;2.802373888818599
532;1;532;0;44.03834412402201;26.914912217832956;28.087665858299893;0;2.802373888818599
533;1;533;0;83.16425591216021;14.07903047587818;28.087665858299893;1;2.802373888818599
534;1;534;0;82.27747814847204;16.04049306672436;28.087665858299893;1;2.802373888818599
535;1;535;0;48.44206148473918;24.07911212709435;28.087665858299893;1;2.802373888818599
536;1;536;1;0.0;;28.087665858299893;0;2.802373888818599
537;1;537;1;0.0;;28.087665858299893;0;2.802373888818599
538;1;538;0;67.65087132724784;19.152212440716692;28.087665858299893;1;2.802373888818599
