simulated_sales_data.csv.csv
;global_id;date_placed;offer_dummy;sales;price;avg_price;promo_dummy;elasticity
539;1;539;1;0.0;;28.087665858299893;0;2.802373888818599
540;1;540;0;26.97604875139308;29.86292616925704;28.087665858299893;0;2.802373888818599
541;1;541;0;58.83165357937829;22.87156207282151;28.087665858299893;1;2.802373888818599
542;1;542;0;98.83781040306593;12.471757042047704;28.087665858299893;1;2.802373888818599
543;1;543;0;38.40893813294096;28.346037387742367;28.087665858299893;0;2.802373888818599
544;1;544;0;36.73053415867839;28.772726487204864;28.087665858299893;0;2.802373888818599
545;1;545;0;36.51897079347958;26.562381469442048;28.087665858299893;0;2.802373888818599
546;1;546;0;39.264580435885364;27.667264268438895;28.087665858299893;0;2.802373888818599
547;1;547;0;35.67837672864498;29.040209234623273;28.087665858299893;0;2.802373888818599
548;1;548;0;36.75455202549638;28.766620590102182;28.087665858299893;0;2.802373888818599
549;1;549;0;36.03242673396757;28.950201536683828;28.087665858299893;0;2.802373888818599
550;1;550;0;68.47927965491903;17.254804922971896;28.087665858299893;1;2.802373888818599
551;1;551;0;28.310921334594;30.913186751134997;28.087665858299893;0;2.802373888818599
552;1;552;1;0.0;;28.087665858299893;0;2.802373888818599
553;1;553;0;26.837588961843792;30.112857906283995;28.087665858299893;0;2.802373888818599
554;1;554;0;68.50034308554564;20.266311806101335;28.087665858299893;1;2.802373888818599
555;1;555;0;44.75411754618229;26.73294606331706;28.087665858299893;0;2.802373888818599
556;1;556;0;46.40092163327102;26.001365695213835;28.087665858299893;0;2.802373888818599
557;1;557;0;43.467739407646455;27.059973130648245;28.087665858299893;0;2.802373888818599
558;1;558;0;39.43364329931517;28.085533640516147;28.087665858299893;0;2.802373888818599
559;1;559;0;96.0294588121981;13.697568689975757;28.087665858299893;1;2.802373888818599
560;1;560;0;42.75562948131144;25.47068828052594;28.087665858299893;1;2.802373888818599
561;1;561;0;69.97976262180808;19.69487566866802;28.087665858299893;1;2.802373888818599
562;1;562;0;47.71665876708636;25.091268115669205;28.087665858299893;0;2.802373888818599
563;1;563;0;47.99738114153726;25.908433464418138;28.087665858299893;0;2.802373888818599
564;1;564;0;34.29118176701165;29.392866269541397;28.087665858299893;0;2.802373888818599
565;1;565;0;29.396285224705096;30.637262153742352;28.087665858299893;0;2.802373888818599
566;1;566;0;71.92697781903847;19.824976672491847;28.087665858299893;1;2.802373888818599
567;1;567;1;0.0;;28.087665858299893;0;2.802373888818599
568;1;568;0;38.28002257164031;28.378810704298797;28.087665858299893;0;2.802373888818599
569;1;569;0;84.75480983065515;13.040449964814327;28.087665858299893;1;2.802373888818599
570;1;570;0;55.20372522844731;24.076414167507505;28.087665858299893;1;2.802373888818599
571;1;571;0;40.726264963026004;27.542185026144974;28.087665858299893;0;2.802373888818599
572;1;572;0;39.30905402833658;28.117207114037264;28.087665858299893;0;2.802373888818599
573;1;573;0;37.284254032663654;28.345235929422167;28.087665858299893;0;2.802373888818599
574;1;574;0;43.70442598292119;26.99980193038449;28.087665858299893;0;2.802373888818599
575;1;575;1;0.0;;28.087665858299893;0;2.802373888818599
576;1;576;0;31.615908049493527;28.591268956568385;28.087665858299893;0;2.802373888818599
577;1;577;0;46.020947239131765;26.41088866286646;28.087665858299893;0;2.802373888818599
578;1;578;0;29.131162878854706;30.704662384397782;28.087665858299893;0;2.802373888818599
579;1;579;0;33.7876902335218;29.520865459430212;28.087665858299893;0;2.802373888818599
580;1;580;0;33.82923892716718;29.149858763655544;28.087665858299893;0;2.802373888818599
581;1;581;0;76.19473181689297;16.537682473400437;28.087665858299893;1;2.802373888818599
582;1;582;0;74.3959841093073;15.889993671941024;28.087665858299893;1;2.802373888818599
583;1;583;0;45.75629608698609;25.529446393433936;28.087665858299893;1;2.802373888818599
584;1;584;0;30.02870226403115;29.17243536430724;28.087665858299893;0;2.802373888818599
585;1;585;0;34.70227281728013;29.288357419034643;28.087665858299893;0;2.802373888818599
586;1;586;0;46.66299626860548;26.24766495367733;28.087665858299893;0;2.802373888818599
587;1;587;0;36.42583271805846;28.850188638925616;28.087665858299893;0;2.802373888818599
588;1;588;0;73.55168423484295;19.41193873402108;28.087665858299893;1;2.802373888818599
589;1;589;0;71.70752715509516;19.880766105554617;28.087665858299893;1;2.802373888818599
590;1;590;0;73.37616250211337;19.456560417014522;28.087665858299893;1;2.802373888818599
591;1;591;0;38.14654767155523;28.412743110198377;28.087665858299893;0;2.802373888818599
592;1;592;0;51.044077009550094;25.133892926983062;28.087665858299893;0;2.802373888818599
593;1;593;0;29.81630889653368;29.638310715931127;28.087665858299893;0;2.802373888818599
594;1;594;0;32.167435092881774;29.932771780828745;28.087665858299893;0;2.802373888818599
595;1;595;0;48.000579807735136;25.90762028950889;28.087665858299893;0;2.802373888818599
596;1;596;0;39.287325669517195;28.12273096526713;28.087665858299893;0;2.802373888818599
597;1;597;0;59.20508993009018;21.514060635027846;28.087665858299893;1;2.802373888818599
598;1;598;0;39.86495047309246;27.975885383962414;28.087665858299893;0;2.802373888818599
599;1;599;0;29.66971162480102;30.187071020758076;28.087665858299893;0;2.802373888818599
600;1;600;0;40.10993602406104;26.74521542978576;28.087665858299893;0;2.802373888818599
601;1;601;0;44.72538706247208;26.740250016602094;28.087665858299893;0;2.802373888818599
602;1;602;0;49.50903482404499;25.52413614483405;28.087665858299893;0;2.802373888818599
603;1;603;0;56.51761837554613;23.742392148778755;28.087665858299893;0;2.802373888818599
604;1;604;0;32.77564404857924;29.778151000866877;28.087665858299893;0;2.802373888818599
605;1;605;0;56.39922275473674;23.772491053213045;28.087665858299893;0;2.802373888818599
606;1;606;0;46.409264426649464;25.889082744215496;28.087665858299893;0;2.802373888818599
607;1;607;0;31.64224064464884;30.066288353474892;28.087665858299893;0;2.802373888818599
608;1;608;0;36.281957077588785;28.886765153523996;28.087665858299893;0;2.802373888818599
609;1;609;0;33.59441767861737;27.65633740248182;28.087665858299893;0;2.802373888818599
610;1;610;1;0.0;;28.087665858299893;0;2.802373888818599
611;1;611;0;32.36163846801809;29.13230944909435;28.087665858299893;0;2.802373888818599
612;1;612;0;36.05500050529201;28.94446276204697;28.087665858299893;0;2.802373888818599
613;1;613;0;82.47516966334047;14.036747005503578;28.087665858299893;1;2.802373888818599
614;1;614;0;42.92609512243158;26.64579078032422;28.087665858299893;0;2.802373888818599
615;1;615;0;29.16398120241258;30.69631920770164;28.087665858299893;0;2.802373888818599
616;1;616;0;30.274180394807136;30.41408090220969;28.087665858299893;0;2.802373888818599
617;1;617;1;0.0;;28.087665858299893;0;2.802373888818599
618;1;618;1;0.0;;28.087665858299893;0;2.802373888818599
619;1;619;0;26.229446061047785;30.785168238102308;28.087665858299893;0;2.802373888818599
620;1;620;0;26.749547246321043;29.900672436679347;28.087665858299893;0;2.802373888818599
621;1;621;0;43.34547731076171;27.091054982704197;28.087665858299893;0;2.802373888818599
622;1;622;0;86.52568112796097;16.11364873015833;28.087665858299893;1;2.802373888818599
623;1;623;0;102.4660835016968;11.33839006551683;28.087665858299893;1;2.802373888818599
624;1;624;0;67.91518647867275;20.844866794596793;28.087665858299893;1;2.802373888818599
625;1;625;0;52.07956971183577;24.870646738691363;28.087665858299893;0;2.802373888818599
626;1;626;0;36.533204491221646;28.822892251463937;28.087665858299893;0;2.802373888818599
627;1;627;0;31.995674601250606;28.409417484029333;28.087665858299893;0;2.802373888818599
628;1;628;1;0.0;;28.087665858299893;0;2.802373888818599
629;1;629;1;0.0;;28.087665858299893;0;2.802373888818599
630;1;630;0;31.83777272183369;28.82539232574868;28.087665858299893;0;2.802373888818599
631;1;631;0;34.91882121508837;29.233305809131586;28.087665858299893;0;2.802373888818599
632;1;632;0;33.4625972100859;28.491870575529845;28.087665858299893;0;2.802373888818599
633;1;633;0;52.08918868377588;24.868201373607736;28.087665858299893;0;2.802373888818599
634;1;634;0;33.69399192211568;29.544685736746107;28.087665858299893;0;2.802373888818599
635;1;635;0;37.805392589383075;28.09458672774838;28.087665858299893;0;2.802373888818599
636;1;636;0;37.424894505339594;28.59620403160861;28.087665858299893;0;2.802373888818599
637;1;637;0;40.59558160230134;26.40273812952637;28.087665858299893;0;2.802373888818599
638;1;638;0;66.96499638753289;21.086427086709897;28.087665858299893;1;2.802373888818599
639;1;639;0;81.3452917889641;17.430623484637724;28.087665858299893;1;2.802373888818599
640;1;640;0;33.13066069865831;29.23434103639739;28.087665858299893;0;2.802373888818599
641;1;641;0;34.11323850574819;29.438103561080393;28.087665858299893;0;2.802373888818599
642;1;642;0;76.36604345096703;18.69646354574314;28.087665858299893;1;2.802373888818599
643;1;643;0;95.99369920157102;11.430720094898197;28.087665858299893;1;2.802373888818599
644;1;644;0;91.37577797099709;14.88064196540122;28.087665858299893;1;2.802373888818599
645;1;645;0;51.86247385003313;24.681743119441013;28.087665858299893;1;2.802373888818599
646;1;646;0;37.614124112030616;28.54809749009133;28.087665858299893;0;2.802373888818599
647;1;647;0;34.700279842010744;27.956360364853857;28.087665858299893;0;2.802373888818599
648;1;648;0;75.61061230710477;16.014037307553934;28.087665858299893;1;2.802373888818599
649;1;649;0;77.90767850825812;17.786564807891825;28.087665858299893;1;2.802373888818599
650;1;650;0;34.318864904263094;28.87283862109668;28.087665858299893;0;2.802373888818599
651;1;651;0;77.17308807538168;14.473685986160813;28.087665858299893;1;2.802373888818599
652;1;652;0;93.25488822135674;14.40292868968702;28.087665858299893;1;2.802373888818599
653;1;653;0;42.39511606044013;27.332658787438948;28.087665858299893;0;2.802373888818599
654;1;654;0;45.9969630027199;25.870058194514368;28.087665858299893;0;2.802373888818599
655;1;655;0;33.826234045677694;28.760873501479587;28.087665858299893;0;2.802373888818599
656;1;656;0;46.08561084437377;26.39444967921782;28.087665858299893;0;2.802373888818599
657;1;657;0;100.17143501733374;12.644582565022786;28.087665858299893;1;2.802373888818599
658;1;658;0;79.06405260433749;14.010356041674848;28.087665858299893;1;2.802373888818599
659;1;659;0;93.44293343825487;11.32423412295901;28.087665858299893;1;2.802373888818599
660;1;660;0;69.17311473567057;20.041928003536118;28.087665858299893;1;2.802373888818599
661;1;661;0;40.960332118081844;27.69741404164233;28.087665858299893;0;2.802373888818599
662;1;662;0;44.79641647842203;26.722192696676867;28.087665858299893;0;2.802373888818599
663;1;663;0;36.72484882670422;28.774171830052833;28.087665858299893;0;2.802373888818599
664;1;664;0;52.47066618740028;24.77122097140259;28.087665858299893;1;2.802373888818599
665;1;665;0;70.44078175308859;20.202802077298504;28.087665858299893;1;2.802373888818599
666;1;666;0;42.04848766576045;27.420779740345406;28.087665858299893;0;2.802373888818599
667;1;667;0;61.038497124613954;19.811424919778972;28.087665858299893;1;2.802373888818599
668;1;668;0;38.32331380846343;28.367805070888764;28.087665858299893;0;2.802373888818599
669;1;669;0;32.979250961733406;29.726389415604746;28.087665858299893;0;2.802373888818599
670;1;670;0;35.35071091441321;27.199151872305222;28.087665858299893;0;2.802373888818599
671;1;671;0;32.09121390612165;29.952148968941593;28.087665858299893;0;2.802373888818599
672;1;672;0;78.2713601446155;18.21208798618161;28.087665858299893;1;2.802373888818599
673;1;673;0;82.56456412795167;12.792199001768363;28.087665858299893;1;2.802373888818599
674;1;674;0;87.39780018495323;14.0107246693949;28.087665858299893;1;2.802373888818599
675;1;675;0;53.82822652783352;22.657870713007576;28.087665858299893;1;2.802373888818599
676;1;676;0;93.76262513690813;14.273850225513533;28.087665858299893;1;2.802373888818599
677;1;677;0;42.47548874970207;27.312226191396256;28.087665858299893;0;2.802373888818599
678;1;678;0;39.10865036266935;28.168154359720535;28.087665858299893;0;2.802373888818599
679;1;679;0;40.00365850291419;27.762199991587057;28.087665858299893;0;2.802373888818599
680;1;680;1;0.0;;28.087665858299893;0;2.802373888818599
681;1;681;0;39.27566153417653;28.125696258176845;28.087665858299893;0;2.802373888818599
682;1;682;0;69.64708153629937;16.7420692634425;28.087665858299893;1;2.802373888818599
683;1;683;1;0.0;;28.087665858299893;0;2.802373888818599
684;1;684;0;30.346618029112108;30.39566558061683;28.087665858299893;0;2.802373888818599
685;1;685;0;61.543286554563934;22.464751090734552;28.087665858299893;1;2.802373888818599
686;1;686;0;31.32540975037784;29.93721943357584;28.087665858299893;0;2.802373888818599
687;1;687;0;60.27363095307246;22.78752690247912;28.087665858299893;1;2.802373888818599
688;1;688;0;30.19904475589584;30.433182118958587;28.087665858299893;0;2.802373888818599
689;1;689;0;35.59838508423702;28.156767308309757;28.087665858299893;0;2.802373888818599
690;1;690;0;40.51873821064065;27.80967742375032;28.087665858299893;0;2.802373888818599
691;1;691;1;0.0;;28.087665858299893;0;2.802373888818599
692;1;692;0;42.18617362729364;27.38577678525467;28.087665858299893;0;2.802373888818599
693;1;693;1;0.0;;28.087665858299893;0;2.802373888818599
694;1;694;0;23.776741457838135;32.065880118215446;28.087665858299893;0;2.802373888818599
695;1;695;0;82.74788906805927;14.406801457649188;28.087665858299893;1;2.802373888818599
696;1;696;0;35.68669710256874;29.038094003182472;28.087665858299893;0;2.802373888818599
697;1;697;0;69.58915634814177;16.435463318656247;28.087665858299893;1;2.802373888818599
698;1;698;0;56.993913335115685;23.621306956838268;28.087665858299893;1;2.802373888818599
699;1;699;0;66.85624152207315;19.270561622108517;28.087665858299893;1;2.802373888818599
700;1;700;0;33.14915947347417;28.216064582085863;28.087665858299893;0;2.802373888818599
701;1;701;0;42.835687878488265;27.220655244088125;28.087665858299893;0;2.802373888818599
702;1;702;0;57.84561033898618;23.404785884933588;28.087665858299893;1;2.802373888818599
703;1;703;0;77.55006701409467;17.08883325524322;28.087665858299893;1;2.802373888818599
704;1;704;0;35.77589832495167;27.966693785594654;28.087665858299893;0;2.802373888818599
705;1;705;0;37.89378790747436;28.07498137182056;28.087665858299893;0;2.802373888818599
706;1;706;0;52.926884871275234;23.81853188803535;28.087665858299893;1;2.802373888818599
707;1;707;0;83.00367001881457;16.44475374036413;28.087665858299893;1;2.802373888818599
708;1;708;0;92.81036937029901;11.367626424054182;28.087665858299893;1;2.802373888818599
709;1;709;1;0.0;;28.087665858299893;0;2.802373888818599
710;1;710;0;54.34725257425572;23.992703362957133;28.087665858299893;1;2.802373888818599
711;1;711;0;23.518698390507815;31.925678899591038;28.087665858299893;0;2.802373888818599
712;1;712;0;47.859301285686975;25.943536556552175;28.087665858299893;1;2.802373888818599
713;1;713;0;52.831028402514896;22.448559280223648;28.087665858299893;1;2.802373888818599
714;1;714;0;67.86087874852282;20.858673075341397;28.087665858299893;1;2.802373888818599
715;1;715;0;47.53153111832653;26.02686331202125;28.087665858299893;0;2.802373888818599
716;1;716;0;94.67045364319013;13.577669214376451;28.087665858299893;1;2.802373888818599
717;1;717;0;55.522805557948864;23.621328767284894;28.087665858299893;1;2.802373888818599
718;1;718;0;60.75918826277407;20.87422629105998;28.087665858299893;1;2.802373888818599
719;1;719;0;75.44095894264211;18.931641418196214;28.087665858299893;1;2.802373888818599
720;1;720;0;41.81227234665963;27.480831136393046;28.087665858299893;0;2.802373888818599
721;1;721;0;35.40207923876447;29.110450445290482;28.087665858299893;0;2.802373888818599
722;1;722;1;0.0;;28.087665858299893;0;2.802373888818599
723;1;723;1;0.0;;28.087665858299893;0;2.802373888818599
724;1;724;0;34.58187742092907;29.318964712651805;28.087665858299893;0;2.802373888818599
725;1;725;0;44.04756586332316;26.91256783847124;28.087665858299893;0;2.802373888818599
726;1;726;0;31.118365906874285;29.270809927977353;28.087665858299893;0;2.802373888818599
727;1;727;0;101.02937887123538;12.426473399396249;28.087665858299893;1;2.802373888818599
728;1;728;0;88.37265848431197;12.693205500104598;28.087665858299893;1;2.802373888818599
729;1;729;0;29.84470643327861;30.157342652961603;28.087665858299893;0;2.802373888818599
730;1;730;0;31.680472604347887;28.708336659675748;28.087665858299893;0;2.802373888818599
731;1;731;0;58.07799578539776;23.34570813108049;28.087665858299893;1;2.802373888818599
732;1;732;0;40.33453370675551;27.85650646794048;28.087665858299893;0;2.802373888818599
733;1;733;0;63.284938311580035;22.021982942437607;28.087665858299893;1;2.802373888818599
734;1;734;0;69.25015580665628;20.50548672334928;28.087665858299893;1;2.802373888818599
735;1;735;0;35.28614742276414;27.990932779289533;28.087665858299893;0;2.802373888818599
736;1;736;0;37.45786506749303;28.232026941604023;28.087665858299893;0;2.802373888818599
737;1;737;0;33.217565206231036;29.665804424188448;28.087665858299893;0;2.802373888818599
738;1;738;0;39.59615368933991;28.044219741695443;28.087665858299893;0;2.802373888818599
739;1;739;0;40.31997199362413;27.664132403145786;28.087665858299893;0;2.802373888818599
740;1;740;0;39.19926637105992;28.145117675102313;28.087665858299893;0;2.802373888818599
741;1;741;0;41.405846469771085;27.278155924424347;28.087665858299893;0;2.802373888818599
742;1;742;0;45.47362928050376;25.877966576914893;28.087665858299893;1;2.802373888818599
743;1;743;0;55.06204349986694;22.92745724349259;28.087665858299893;1;2.802373888818599
744;1;744;0;24.855623063352752;30.564449964218696;28.087665858299893;0;2.802373888818599
745;1;745;0;40.0598666281207;27.92633319036955;28.087665858299893;0;2.802373888818599
746;1;746;0;23.680041064683763;30.73383142049623;28.087665858299893;0;2.802373888818599
747;1;747;0;89.47064058426835;15.364971940997695;28.087665858299893;1;2.802373888818599
