simulated_sales_data.csv.csv
;global_id;date_placed;offer_dummy;sales;price;avg_price;promo_dummy;elasticity
748;1;748;0;77.30144157292929;16.03605183996402;28.087665858299893;1;2.802373888818599
749;1;749;0;88.21132955200446;15.685117924050404;28.087665858299893;1;2.802373888818599
750;1;750;0;30.701703147835424;30.30539473291632;28.087665858299893;0;2.802373888818599
751;1;751;0;35.58016643657769;29.065176561752338;28.087665858299893;0;2.802373888818599
752;1;752;1;0.0;;28.087665858299893;0;2.802373888818599
753;1;753;0;31.193822094374138;28.463084013077644;28.087665858299893;0;2.802373888818599
754;1;754;0;42.91543537624869;25.447176955504368;28.087665858299893;0;2.802373888818599
755;1;755;0;62.49359798530702;22.223159951288615;28.087665858299893;1;2.802373888818599
756;1;756;0;44.693194940858;26.748433998284654;28.087665858299893;0;2.802373888818599
757;1;757;0;52.43309689339884;24.780771954640677;28.087665858299893;1;2.802373888818599
758;1;758;0;74.35567108276675;18.494849029830167;28.087665858299893;1;2.802373888818599
759;1;759;0;54.672653901631534;24.211424778578618;28.087665858299893;1;2.802373888818599
760;1;760;0;67.05844309411165;21.062670773158892;28.087665858299893;1;2.802373888818599
761;1;761;0;57.37495905220371;23.524436324754735;28.087665858299893;1;2.802373888818599
762;1;762;0;40.86469003298777;27.721728471174966;28.087665858299893;0;2.802373888818599
763;1;763;0;74.52596822212872;18.450599684644448;28.087665858299893;1;2.802373888818599
764;1;764;0;32.8938109371744;29.540764298678546;28.087665858299893;0;2.802373888818599
765;1;765;0;32.43596043269409;29.7187652006384;28.087665858299893;0;2.802373888818599
766;1;766;0;76.02281483130325;15.795047387025559;28.087665858299893;1;2.802373888818599
767;1;767;0;40.768021465388415;27.746303856295476;28.087665858299893;1;2.802373888818599
768;1;768;0;32.74280548915659;29.78649932198775;28.087665858299893;0;2.802373888818599
769;1;769;1;0.0;;28.087665858299893;0;2.802373888818599
770;1;770;0;57.5710209807624;21.625877041416626;28.087665858299893;1;2.802373888818599
771;1;771;0;47.073942766548456;26.143192851714158;28.087665858299893;0;2.802373888818599
772;1;772;0;27.986971687443347;29.50240444275807;28.087665858299893;0;2.802373888818599
773;1;773;0;34.23199971413928;29.40791171582947;28.087665858299893;0;2.802373888818599
774;1;774;0;35.49608946378806;27.277387637454492;28.087665858299893;0;2.802373888818599
775;1;775;0;34.65128929762086;29.30131860860785;28.087665858299893;0;2.802373888818599
776;1;776;0;35.84800184933326;28.997086606756223;28.087665858299893;0;2.802373888818599
777;1;777;0;38.82693945118074;27.843403290748494;28.087665858299893;0;2.802373888818599
778;1;778;0;38.21576947878372;28.39514532620691;28.087665858299893;0;2.802373888818599
779;1;779;0;32.86360942932145;28.884483240072893;28.087665858299893;0;2.802373888818599
780;1;780;0;92.27849662131005;11.190573965151534;28.087665858299893;1;2.802373888818599
781;1;781;0;72.53255823597586;15.428494761964092;28.087665858299893;1;2.802373888818599
782;1;782;0;42.17281637926922;27.389172506557905;28.087665858299893;0;2.802373888818599
783;1;783;0;33.221590583157834;28.707952821357875;28.087665858299893;0;2.802373888818599
784;1;784;0;43.53966233390599;24.753800117483557;28.087665858299893;1;2.802373888818599
785;1;785;0;40.92052275431643;26.43490400788238;28.087665858299893;0;2.802373888818599
786;1;786;0;32.51149382284056;28.35673363074421;28.087665858299893;0;2.802373888818599
787;1;787;0;93.67877155013016;13.103140848823696;28.087665858299893;1;2.802373888818599
788;1;788;0;99.14501819798566;12.05067223809106;28.087665858299893;1;2.802373888818599
789;1;789;0;56.197351343455004;23.82381143376974;28.087665858299893;1;2.802373888818599
790;1;790;1;0.0;;28.087665858299893;0;2.802373888818599
791;1;791;0;30.658678580767237;28.70148278867867;28.087665858299893;0;2.802373888818599
792;1;792;0;70.42813560424668;19.731633297371822;28.087665858299893;1;2.802373888818599
793;1;793;0;54.1172774915898;24.352614303804533;28.087665858299893;1;2.802373888818599
794;1;794;0;67.69341426885998;20.543809063052255;28.087665858299893;1;2.802373888818599
795;1;795;1;0.0;;28.087665858299893;0;2.802373888818599
796;1;796;0;67.45508667826857;20.961834802601892;28.087665858299893;1;2.802373888818599
797;1;797;0;42.42669110266341;24.851051282443244;28.087665858299893;0;2.802373888818599
798;1;798;0;31.539892652600777;28.617893105511307;28.087665858299893;0;2.802373888818599
799;1;799;0;84.0276635807936;16.74870255151899;28.087665858299893;1;2.802373888818599
800;1;800;0;48.76411748845587;24.3679257747022;28.087665858299893;1;2.802373888818599
801;1;801;0;50.70904990436352;24.743923019811703;28.087665858299893;0;2.802373888818599
802;1;802;0;43.592773724281386;27.028186516230637;28.087665858299893;0;2.802373888818599
803;1;803;0;37.59180260471714;28.55377213338358;28.087665858299893;0;2.802373888818599
804;1;804;0;48.80890247767648;25.702125976220024;28.087665858299893;1;2.802373888818599
805;1;805;0;31.607574206699216;30.07510136358278;28.087665858299893;0;2.802373888818599
806;1;806;0;86.3267062416715;13.192938709978769;28.087665858299893;1;2.802373888818599
807;1;807;0;91.69422622912964;14.799685054805433;28.087665858299893;1;2.802373888818599
808;1;808;0;37.591673962304306;28.553804837259477;28.087665858299893;0;2.802373888818599
809;1;809;0;73.78649301554755;18.421130300214013;28.087665858299893;1;2.802373888818599
810;1;810;0;68.30920775758709;20.744697474667195;28.087665858299893;1;2.802373888818599
811;1;811;1;0.0;;28.087665858299893;0;2.802373888818599
812;1;812;0;46.49749214352927;26.28973992917131;28.087665858299893;1;2.802373888818599
813;1;813;0;42.82729341420903;27.22278931101045;28.087665858299893;0;2.802373888818599
814;1;814;0;34.054347156937006;29.199399954443273;28.087665858299893;0;2.802373888818599
815;1;815;0;79.96712379861174;17.26188605074485;28.087665858299893;1;2.802373888818599
816;1;816;0;31.83681514196872;30.016823017171536;28.087665858299893;0;2.802373888818599
817;1;817;0;32.92333006692719;29.740605800105673;28.087665858299893;0;2.802373888818599
818;1;818;0;59.08769593761415;23.08901900540939;28.087665858299893;1;2.802373888818599
819;1;819;0;63.00174640898329;20.052715391252008;28.087665858299893;1;2.802373888818599
820;1;820;0;87.01818028233933;13.380776984788938;28.087665858299893;1;2.802373888818599
821;1;821;1;0.0;;28.087665858299893;0;2.802373888818599
822;1;822;1;0.0;;28.087665858299893;0;2.802373888818599
823;1;823;0;33.465380451342845;29.60280405872739;28.087665858299893;0;2.802373888818599
824;1;824;0;92.42875732083786;14.612950266962788;28.087665858299893;1;2.802373888818599
825;1;825;0;85.22288425585204;16.002027221946236;28.087665858299893;1;2.802373888818599
826;1;826;0;34.00604167406697;29.071090501430113;28.087665858299893;0;2.802373888818599
827;1;827;0;35.4238985357446;27.357434016128902;28.087665858299893;0;2.802373888818599
828;1;828;0;80.19545429917;12.975028841924772;28.087665858299893;1;2.802373888818599
829;1;829;0;54.036673872495975;21.21167475196173;28.087665858299893;1;2.802373888818599
830;1;830;0;27.546166818373308;31.107605032335417;28.087665858299893;0;2.802373888818599
831;1;831;0;29.787737301549193;30.06404505406092;28.087665858299893;0;2.802373888818599
832;1;832;0;28.796431718110313;29.287434148386637;28.087665858299893;0;2.802373888818599
833;1;833;0;33.39301588683124;27.66659328903412;28.087665858299893;0;2.802373888818599
834;1;834;0;39.350116495084244;27.221747016370024;28.087665858299893;0;2.802373888818599
835;1;835;0;41.98293096839607;26.694475274019595;28.087665858299893;0;2.802373888818599
836;1;836;0;33.61781904173968;28.41075518821497;28.087665858299893;0;2.802373888818599
837;1;837;0;28.18500369320202;30.568074961681603;28.087665858299893;0;2.802373888818599
838;1;838;0;29.133923344424026;29.2771881084174;28.087665858299893;0;2.802373888818599
839;1;839;0;82.97779873948696;12.305136956385178;28.087665858299893;1;2.802373888818599
840;1;840;0;32.70240905770278;28.416505153962053;28.087665858299893;0;2.802373888818599
841;1;841;0;41.05413597648539;26.61486098301823;28.087665858299893;0;2.802373888818599
842;1;842;1;0.0;;28.087665858299893;0;2.802373888818599
843;1;843;0;33.980768777835976;28.476450559362092;28.087665858299893;0;2.802373888818599
844;1;844;0;42.47557367773488;27.312204600726552;28.087665858299893;0;2.802373888818599
845;1;845;0;45.16088797202982;25.139022301460432;28.087665858299893;1;2.802373888818599
846;1;846;1;0.0;;28.087665858299893;0;2.802373888818599
847;1;847;0;40.3140585041394;27.651830758274016;28.087665858299893;0;2.802373888818599
848;1;848;0;31.58855710800989;30.079935949795974;28.087665858299893;0;2.802373888818599
849;1;849;0;42.08761075737114;27.41083374582708;28.087665858299893;0;2.802373888818599
0;2;0;1;0.0;;26.528849341648247;0;2.15332797733163
1;2;1;1;0.0;;26.528849341648247;0;2.15332797733163
2;2;2;1;0.0;;26.528849341648247;0;2.15332797733163
3;2;3;1;0.0;;26.528849341648247;0;2.15332797733163
4;2;4;1;0.0;;26.528849341648247;0;2.15332797733163
5;2;5;1;0.0;;26.528849341648247;0;2.15332797733163
6;2;6;1;0.0;;26.528849341648247;0;2.15332797733163
7;2;7;1;0.0;;26.528849341648247;0;2.15332797733163
8;2;8;1;0.0;;26.528849341648247;0;2.15332797733163
9;2;9;1;0.0;;26.528849341648247;0;2.15332797733163
10;2;10;1;0.0;;26.528849341648247;0;2.15332797733163
11;2;11;1;0.0;;26.528849341648247;0;2.15332797733163
12;2;12;1;0.0;;26.528849341648247;0;2.15332797733163
13;2;13;1;0.0;;26.528849341648247;0;2.15332797733163
14;2;14;1;0.0;;26.528849341648247;0;2.15332797733163
15;2;15;1;0.0;;26.528849341648247;0;2.15332797733163
16;2;16;1;0.0;;26.528849341648247;0;2.15332797733163
17;2;17;1;0.0;;26.528849341648247;0;2.15332797733163
18;2;18;1;0.0;;26.528849341648247;0;2.15332797733163
19;2;19;1;0.0;;26.528849341648247;0;2.15332797733163
20;2;20;1;0.0;;26.528849341648247;0;2.15332797733163
21;2;21;1;0.0;;26.528849341648247;0;2.15332797733163
22;2;22;1;0.0;;26.528849341648247;0;2.15332797733163
23;2;23;1;0.0;;26.528849341648247;0;2.15332797733163
24;2;24;1;0.0;;26.528849341648247;0;2.15332797733163
25;2;25;1;0.0;;26.528849341648247;0;2.15332797733163
26;2;26;1;0.0;;26.528849341648247;0;2.15332797733163
27;2;27;1;0.0;;26.528849341648247;0;2.15332797733163
28;2;28;1;0.0;;26.528849341648247;0;2.15332797733163
29;2;29;1;0.0;;26.528849341648247;0;2.15332797733163
30;2;30;1;0.0;;26.528849341648247;0;2.15332797733163
31;2;31;1;0.0;;26.528849341648247;0;2.15332797733163
32;2;32;1;0.0;;26.528849341648247;0;2.15332797733163
33;2;33;1;0.0;;26.528849341648247;0;2.15332797733163
34;2;34;1;0.0;;26.528849341648247;0;2.15332797733163
35;2;35;1;0.0;;26.528849341648247;0;2.15332797733163
36;2;36;1;0.0;;26.528849341648247;0;2.15332797733163
37;2;37;1;0.0;;26.528849341648247;0;2.15332797733163
38;2;38;1;0.0;;26.528849341648247;0;2.15332797733163
39;2;39;1;0.0;;26.528849341648247;0;2.15332797733163
40;2;40;1;0.0;;26.528849341648247;0;2.15332797733163
41;2;41;1;0.0;;26.528849341648247;0;2.15332797733163
42;2;42;1;0.0;;26.528849341648247;0;2.15332797733163
43;2;43;1;0.0;;26.528849341648247;0;2.15332797733163
44;2;44;1;0.0;;26.528849341648247;0;2.15332797733163
45;2;45;1;0.0;;26.528849341648247;0;2.15332797733163
46;2;46;1;0.0;;26.528849341648247;0;2.15332797733163
47;2;47;1;0.0;;26.528849341648247;0;2.15332797733163
48;2;48;1;0.0;;26.528849341648247;0;2.15332797733163
49;2;49;1;0.0;;26.528849341648247;0;2.15332797733163
50;2;50;1;0.0;;26.528849341648247;0;2.15332797733163
51;2;51;1;0.0;;26.528849341648247;0;2.15332797733163
52;2;52;1;0.0;;26.528849341648247;0;2.15332797733163
53;2;53;1;0.0;;26.528849341648247;0;2.15332797733163
54;2;54;1;0.0;;26.528849341648247;0;2.15332797733163
55;2;55;1;0.0;;26.528849341648247;0;2.15332797733163
56;2;56;1;0.0;;26.528849341648247;0;2.15332797733163
57;2;57;1;0.0;;26.528849341648247;0;2.15332797733163
58;2;58;1;0.0;;26.528849341648247;0;2.15332797733163
59;2;59;1;0.0;;26.528849341648247;0;2.15332797733163
60;2;60;1;0.0;;26.528849341648247;0;2.15332797733163
61;2;61;1;0.0;;26.528849341648247;0;2.15332797733163
62;2;62;1;0.0;;26.528849341648247;0;2.15332797733163
63;2;63;1;0.0;;26.528849341648247;0;2.15332797733163
64;2;64;1;0.0;;26.528849341648247;0;2.15332797733163
65;2;65;1;0.0;;26.528849341648247;0;2.15332797733163
66;2;66;1;0.0;;26.528849341648247;0;2.15332797733163
67;2;67;1;0.0;;26.528849341648247;0;2.15332797733163
68;2;68;1;0.0;;26.528849341648247;0;2.15332797733163
69;2;69;1;0.0;;26.528849341648247;0;2.15332797733163
70;2;70;1;0.0;;26.528849341648247;0;2.15332797733163
71;2;71;1;0.0;;26.528849341648247;0;2.15332797733163
72;2;72;1;0.0;;26.528849341648247;0;2.15332797733163
73;2;73;1;0.0;;26.528849341648247;0;2.15332797733163
74;2;74;1;0.0;;26.528849341648247;0;2.15332797733163
75;2;75;1;0.0;;26.528849341648247;0;2.15332797733163
76;2;76;1;0.0;;26.528849341648247;0;2.15332797733163
77;2;77;1;0.0;;26.528849341648247;0;2.15332797733163
78;2;78;1;0.0;;26.528849341648247;0;2.15332797733163
79;2;79;1;0.0;;26.528849341648247;0;2.15332797733163
80;2;80;1;0.0;;26.528849341648247;0;2.15332797733163
81;2;81;1;0.0;;26.528849341648247;0;2.15332797733163
82;2;82;1;0.0;;26.528849341648247;0;2.15332797733163
83;2;83;1;0.0;;26.528849341648247;0;2.15332797733163
84;2;84;1;0.0;;26.528849341648247;0;2.15332797733163
85;2;85;1;0.0;;26.528849341648247;0;2.15332797733163
86;2;86;1;0.0;;26.528849341648247;0;2.15332797733163
87;2;87;1;0.0;;26.528849341648247;0;2.15332797733163
88;2;88;1;0.0;;26.528849341648247;0;2.15332797733163
89;2;89;1;0.0;;26.528849341648247;0;2.15332797733163
90;2;90;1;0.0;;26.528849341648247;0;2.15332797733163
91;2;91;1;0.0;;26.528849341648247;0;2.15332797733163
92;2;92;1;0.0;;26.528849341648247;0;2.15332797733163
93;2;93;1;0.0;;26.528849341648247;0;2.15332797733163
94;2;94;1;0.0;;26.528849341648247;0;2.15332797733163
95;2;95;1;0.0;;26.528849341648247;0;2.15332797733163
96;2;96;1;0.0;;26.528849341648247;0;2.15332797733163
97;2;97;1;0.0;;26.528849341648247;0;2.15332797733163
98;2;98;1;0.0;;26.528849341648247;0;2.15332797733163
99;2;99;1;0.0;;26.528849341648247;0;2.15332797733163
100;2;100;1;0.0;;26.528849341648247;0;2.15332797733163
101;2;101;1;0.0;;26.528849341648247;0;2.15332797733163
102;2;102;1;0.0;;26.528849341648247;0;2.15332797733163
103;2;103;1;0.0;;26.528849341648247;0;2.15332797733163
104;2;104;1;0.0;;26.528849341648247;0;2.15332797733163
105;2;105;1;0.0;;26.528849341648247;0;2.15332797733163
106;2;106;1;0.0;;26.528849341648247;0;2.15332797733163
107;2;107;1;0.0;;26.528849341648247;0;2.15332797733163
108;2;108;1;0.0;;26.528849341648247;0;2.15332797733163
109;2;109;1;0.0;;26.528849341648247;0;2.15332797733163
110;2;110;1;0.0;;26.528849341648247;0;2.15332797733163
111;2;111;1;0.0;;26.528849341648247;0;2.15332797733163
112;2;112;1;0.0;;26.528849341648247;0;2.15332797733163
113;2;113;1;0.0;;26.528849341648247;0;2.15332797733163
114;2;114;1;0.0;;26.528849341648247;0;2.15332797733163
115;2;115;1;0.0;;26.528849341648247;0;2.15332797733163
116;2;116;1;0.0;;26.528849341648247;0;2.15332797733163
117;2;117;1;0.0;;26.528849341648247;0;2.15332797733163
118;2;118;1;0.0;;26.528849341648247;0;2.15332797733163
119;2;119;1;0.0;;26.528849341648247;0;2.15332797733163
120;2;120;1;0.0;;26.528849341648247;0;2.15332797733163
121;2;121;1;0.0;;26.528849341648247;0;2.15332797733163
122;2;122;1;0.0;;26.528849341648247;0;2.15332797733163
123;2;123;1;0.0;;26.528849341648247;0;2.15332797733163
124;2;124;1;0.0;;26.528849341648247;0;2.15332797733163
125;2;125;1;0.0;;26.528849341648247;0;2.15332797733163
126;2;126;1;0.0;;26.528849341648247;0;2.15332797733163
127;2;127;1;0.0;;26.528849341648247;0;2.15332797733163
128;2;128;1;0.0;;26.528849341648247;0;2.15332797733163
129;2;129;1;0.0;;26.528849341648247;0;2.15332797733163
130;2;130;1;0.0;;26.528849341648247;0;2.15332797733163
131;2;131;1;0.0;;26.528849341648247;0;2.15332797733163
132;2;132;1;0.0;;26.528849341648247;0;2.15332797733163
133;2;133;1;0.0;;26.528849341648247;0;2.15332797733163
134;2;134;1;0.0;;26.528849341648247;0;2.15332797733163
135;2;135;1;0.0;;26.528849341648247;0;2.15332797733163
136;2;136;1;0.0;;26.528849341648247;0;2.15332797733163
137;2;137;1;0.0;;26.528849341648247;0;2.15332797733163
138;2;138;1;0.0;;26.528849341648247;0;2.15332797733163
139;2;139;1;0.0;;26.528849341648247;0;2.15332797733163
140;2;140;1;0.0;;26.528849341648247;0;2.15332797733163
141;2;141;1;0.0;;26.528849341648247;0;2.15332797733163
142;2;142;1;0.0;;26.528849341648247;0;2.15332797733163
143;2;143;1;0.0;;26.528849341648247;0;2.15332797733163
144;2;144;1;0.0;;26.528849341648247;0;2.15332797733163
145;2;145;1;0.0;;26.528849341648247;0;2.15332797733163
146;2;146;1;0.0;;26.528849341648247;0;2.15332797733163
147;2;147;1;0.0;;26.528849341648247;0;2.15332797733163
148;2;148;1;0.0;;26.528849341648247;0;2.15332797733163
149;2;149;1;0.0;;26.528849341648247;0;2.15332797733163
150;2;150;1;0.0;;26.528849341648247;0;2.15332797733163
151;2;151;1;0.0;;26.528849341648247;0;2.15332797733163
152;2;152;1;0.0;;26.528849341648247;0;2.15332797733163
153;2;153;1;0.0;;26.528849341648247;0;2.15332797733163
154;2;154;1;0.0;;26.528849341648247;0;2.15332797733163
155;2;155;1;0.0;;26.528849341648247;0;2.15332797733163
156;2;156;1;0.0;;26.528849341648247;0;2.15332797733163
157;2;157;1;0.0;;26.528849341648247;0;2.15332797733163
158;2;158;1;0.0;;26.528849341648247;0;2.15332797733163
159;2;159;1;0.0;;26.528849341648247;0;2.15332797733163
160;2;160;1;0.0;;26.528849341648247;0;2.15332797733163
161;2;161;1;0.0;;26.528849341648247;0;2.15332797733163
162;2;162;1;0.0;;26.528849341648247;0;2.15332797733163
163;2;163;1;0.0;;26.528849341648247;0;2.15332797733163
164;2;164;1;0.0;;26.528849341648247;0;2.15332797733163
165;2;165;1;0.0;;26.528849341648247;0;2.15332797733163
166;2;166;1;0.0;;26.528849341648247;0;2.15332797733163
167;2;167;1;0.0;;26.528849341648247;0;2.15332797733163
168;2;168;1;0.0;;26.528849341648247;0;2.15332797733163
169;2;169;1;0.0;;26.528849341648247;0;2.15332797733163
170;2;170;1;0.0;;26.528849341648247;0;2.15332797733163
