simulated_sales_data.csv.csv
;global_id;date_placed;offer_dummy;sales;price;avg_price;promo_dummy;elasticity
171;2;171;1;0.0;;26.528849341648247;0;2.15332797733163
172;2;172;1;0.0;;26.528849341648247;0;2.15332797733163
173;2;173;1;0.0;;26.528849341648247;0;2.15332797733163
174;2;174;1;0.0;;26.528849341648247;0;2.15332797733163
175;2;175;1;0.0;;26.528849341648247;0;2.15332797733163
176;2;176;1;0.0;;26.528849341648247;0;2.15332797733163
177;2;177;1;0.0;;26.528849341648247;0;2.15332797733163
178;2;178;1;0.0;;26.528849341648247;0;2.15332797733163
179;2;179;1;0.0;;26.528849341648247;0;2.15332797733163
180;2;180;1;0.0;;26.528849341648247;0;2.15332797733163
181;2;181;1;0.0;;26.528849341648247;0;2.15332797733163
182;2;182;1;0.0;;26.528849341648247;0;2.15332797733163
183;2;183;1;0.0;;26.528849341648247;0;2.15332797733163
184;2;184;1;0.0;;26.528849341648247;0;2.15332797733163
185;2;185;1;0.0;;26.528849341648247;0;2.15332797733163
186;2;186;1;0.0;;26.528849341648247;0;2.15332797733163
187;2;187;1;0.0;;26.528849341648247;0;2.15332797733163
188;2;188;1;0.0;;26.528849341648247;0;2.15332797733163
189;2;189;1;0.0;;26.528849341648247;0;2.15332797733163
190;2;190;1;0.0;;26.528849341648247;0;2.15332797733163
191;2;191;1;0.0;;26.528849341648247;0;2.15332797733163
192;2;192;1;0.0;;26.528849341648247;0;2.15332797733163
193;2;193;1;0.0;;26.528849341648247;0;2.15332797733163
194;2;194;1;0.0;;26.528849341648247;0;2.15332797733163
195;2;195;1;0.0;;26.528849341648247;0;2.15332797733163
196;2;196;1;0.0;;26.528849341648247;0;2.15332797733163
197;2;197;1;0.0;;26.528849341648247;0;2.15332797733163
198;2;198;1;0.0;;26.528849341648247;0;2.15332797733163
199;2;199;1;0.0;;26.528849341648247;0;2.15332797733163
200;2;200;1;0.0;;26.528849341648247;0;2.15332797733163
201;2;201;1;0.0;;26.528849341648247;0;2.15332797733163
202;2;202;1;0.0;;26.528849341648247;0;2.15332797733163
203;2;203;1;0.0;;26.528849341648247;0;2.15332797733163
204;2;204;1;0.0;;26.528849341648247;0;2.15332797733163
205;2;205;1;0.0;;26.528849341648247;0;2.15332797733163
206;2;206;1;0.0;;26.528849341648247;0;2.15332797733163
207;2;207;1;0.0;;26.528849341648247;0;2.15332797733163
208;2;208;1;0.0;;26.528849341648247;0;2.15332797733163
209;2;209;1;0.0;;26.528849341648247;0;2.15332797733163
210;2;210;1;0.0;;26.528849341648247;0;2.15332797733163
211;2;211;1;0.0;;26.528849341648247;0;2.15332797733163
212;2;212;1;0.0;;26.528849341648247;0;2.15332797733163
213;2;213;1;0.0;;26.528849341648247;0;2.15332797733163
214;2;214;1;0.0;;26.528849341648247;0;2.15332797733163
215;2;215;1;0.0;;26.528849341648247;0;2.15332797733163
216;2;216;1;0.0;;26.528849341648247;0;2.15332797733163
217;2;217;1;0.0;;26.528849341648247;0;2.15332797733163
218;2;218;1;0.0;;26.528849341648247;0;2.15332797733163
219;2;219;1;0.0;;26.528849341648247;0;2.15332797733163
220;2;220;1;0.0;;26.528849341648247;0;2.15332797733163
221;2;221;1;0.0;;26.528849341648247;0;2.15332797733163
222;2;222;1;0.0;;26.528849341648247;0;2.15332797733163
223;2;223;1;0.0;;26.528849341648247;0;2.15332797733163
224;2;224;1;0.0;;26.528849341648247;0;2.15332797733163
225;2;225;1;0.0;;26.528849341648247;0;2.15332797733163
226;2;226;1;0.0;;26.528849341648247;0;2.15332797733163
227;2;227;1;0.0;;26.528849341648247;0;2.15332797733163
228;2;228;1;0.0;;26.528849341648247;0;2.15332797733163
229;2;229;1;0.0;;26.528849341648247;0;2.15332797733163
230;2;230;1;0.0;;26.528849341648247;0;2.15332797733163
231;2;231;1;0.0;;26.528849341648247;0;2.15332797733163
232;2;232;1;0.0;;26.528849341648247;0;2.15332797733163
233;2;233;1;0.0;;26.528849341648247;0;2.15332797733163
234;2;234;1;0.0;;26.528849341648247;0;2.15332797733163
235;2;235;1;0.0;;26.528849341648247;0;2.15332797733163
236;2;236;1;0.0;;26.528849341648247;0;2.15332797733163
237;2;237;1;0.0;;26.528849341648247;0;2.15332797733163
238;2;238;1;0.0;;26.528849341648247;0;2.15332797733163
239;2;239;1;0.0;;26.528849341648247;0;2.15332797733163
240;2;240;1;0.0;;26.528849341648247;0;2.15332797733163
241;2;241;1;0.0;;26.528849341648247;0;2.15332797733163
242;2;242;1;0.0;;26.528849341648247;0;2.15332797733163
243;2;243;1;0.0;;26.528849341648247;0;2.15332797733163
244;2;244;1;0.0;;26.528849341648247;0;2.15332797733163
245;2;245;1;0.0;;26.528849341648247;0;2.15332797733163
246;2;246;1;0.0;;26.528849341648247;0;2.15332797733163
247;2;247;1;0.0;;26.528849341648247;0;2.15332797733163
248;2;248;1;0.0;;26.528849341648247;0;2.15332797733163
249;2;249;1;0.0;;26.528849341648247;0;2.15332797733163
250;2;250;1;0.0;;26.528849341648247;0;2.15332797733163
251;2;251;1;0.0;;26.528849341648247;0;2.15332797733163
252;2;252;1;0.0;;26.528849341648247;0;2.15332797733163
253;2;253;1;0.0;;26.528849341648247;0;2.15332797733163
254;2;254;1;0.0;;26.528849341648247;0;2.15332797733163
255;2;255;1;0.0;;26.528849341648247;0;2.15332797733163
256;2;256;1;0.0;;26.528849341648247;0;2.15332797733163
257;2;257;1;0.0;;26.528849341648247;0;2.15332797733163
258;2;258;1;0.0;;26.528849341648247;0;2.15332797733163
259;2;259;1;0.0;;26.528849341648247;0;2.15332797733163
260;2;260;1;0.0;;26.528849341648247;0;2.15332797733163
261;2;261;1;0.0;;26.528849341648247;0;2.15332797733163
262;2;262;1;0.0;;26.528849341648247;0;2.15332797733163
263;2;263;1;0.0;;26.528849341648247;0;2.15332797733163
264;2;264;1;0.0;;26.528849341648247;0;2.15332797733163
265;2;265;1;0.0;;26.528849341648247;0;2.15332797733163
266;2;266;1;0.0;;26.528849341648247;0;2.15332797733163
267;2;267;1;0.0;;26.528849341648247;0;2.15332797733163
268;2;268;1;0.0;;26.528849341648247;0;2.15332797733163
269;2;269;1;0.0;;26.528849341648247;0;2.15332797733163
270;2;270;1;0.0;;26.528849341648247;0;2.15332797733163
271;2;271;1;0.0;;26.528849341648247;0;2.15332797733163
272;2;272;1;0.0;;26.528849341648247;0;2.15332797733163
273;2;273;1;0.0;;26.528849341648247;0;2.15332797733163
274;2;274;1;0.0;;26.528849341648247;0;2.15332797733163
275;2;275;1;0.0;;26.528849341648247;0;2.15332797733163
276;2;276;1;0.0;;26.528849341648247;0;2.15332797733163
277;2;277;1;0.0;;26.528849341648247;0;2.15332797733163
278;2;278;1;0.0;;26.528849341648247;0;2.15332797733163
279;2;279;1;0.0;;26.528849341648247;0;2.15332797733163
280;2;280;1;0.0;;26.528849341648247;0;2.15332797733163
281;2;281;1;0.0;;26.528849341648247;0;2.15332797733163
282;2;282;1;0.0;;26.528849341648247;0;2.15332797733163
283;2;283;1;0.0;;26.528849341648247;0;2.15332797733163
284;2;284;1;0.0;;26.528849341648247;0;2.15332797733163
285;2;285;1;0.0;;26.528849341648247;0;2.15332797733163
286;2;286;1;0.0;;26.528849341648247;0;2.15332797733163
287;2;287;1;0.0;;26.528849341648247;0;2.15332797733163
288;2;288;1;0.0;;26.528849341648247;0;2.15332797733163
289;2;289;1;0.0;;26.528849341648247;0;2.15332797733163
290;2;290;1;0.0;;26.528849341648247;0;2.15332797733163
291;2;291;1;0.0;;26.528849341648247;0;2.15332797733163
292;2;292;1;0.0;;26.528849341648247;0;2.15332797733163
293;2;293;1;0.0;;26.528849341648247;0;2.15332797733163
294;2;294;1;0.0;;26.528849341648247;0;2.15332797733163
295;2;295;1;0.0;;26.528849341648247;0;2.15332797733163
296;2;296;1;0.0;;26.528849341648247;0;2.15332797733163
297;2;297;1;0.0;;26.528849341648247;0;2.15332797733163
298;2;298;1;0.0;;26.528849341648247;0;2.15332797733163
299;2;299;1;0.0;;26.528849341648247;0;2.15332797733163
300;2;300;1;0.0;;26.528849341648247;0;2.15332797733163
301;2;301;1;0.0;;26.528849341648247;0;2.15332797733163
302;2;302;1;0.0;;26.528849341648247;0;2.15332797733163
303;2;303;1;0.0;;26.528849341648247;0;2.15332797733163
304;2;304;1;0.0;;26.528849341648247;0;2.15332797733163
305;2;305;1;0.0;;26.528849341648247;0;2.15332797733163
306;2;306;1;0.0;;26.528849341648247;0;2.15332797733163
307;2;307;1;0.0;;26.528849341648247;0;2.15332797733163
308;2;308;1;0.0;;26.528849341648247;0;2.15332797733163
309;2;309;1;0.0;;26.528849341648247;0;2.15332797733163
310;2;310;1;0.0;;26.528849341648247;0;2.15332797733163
311;2;311;1;0.0;;26.528849341648247;0;2.15332797733163
312;2;312;1;0.0;;26.528849341648247;0;2.15332797733163
313;2;313;1;0.0;;26.528849341648247;0;2.15332797733163
314;2;314;1;0.0;;26.528849341648247;0;2.15332797733163
315;2;315;1;0.0;;26.528849341648247;0;2.15332797733163
316;2;316;1;0.0;;26.528849341648247;0;2.15332797733163
317;2;317;1;0.0;;26.528849341648247;0;2.15332797733163
318;2;318;1;0.0;;26.528849341648247;0;2.15332797733163
319;2;319;1;0.0;;26.528849341648247;0;2.15332797733163
320;2;320;1;0.0;;26.528849341648247;0;2.15332797733163
321;2;321;1;0.0;;26.528849341648247;0;2.15332797733163
322;2;322;1;0.0;;26.528849341648247;0;2.15332797733163
323;2;323;1;0.0;;26.528849341648247;0;2.15332797733163
324;2;324;1;0.0;;26.528849341648247;0;2.15332797733163
325;2;325;1;0.0;;26.528849341648247;0;2.15332797733163
326;2;326;1;0.0;;26.528849341648247;0;2.15332797733163
327;2;327;1;0.0;;26.528849341648247;0;2.15332797733163
328;2;328;1;0.0;;26.528849341648247;0;2.15332797733163
329;2;329;1;0.0;;26.528849341648247;0;2.15332797733163
330;2;330;1;0.0;;26.528849341648247;0;2.15332797733163
331;2;331;1;0.0;;26.528849341648247;0;2.15332797733163
332;2;332;1;0.0;;26.528849341648247;0;2.15332797733163
333;2;333;1;0.0;;26.528849341648247;0;2.15332797733163
334;2;334;1;0.0;;26.528849341648247;0;2.15332797733163
335;2;335;1;0.0;;26.528849341648247;0;2.15332797733163
336;2;336;1;0.0;;26.528849341648247;0;2.15332797733163
337;2;337;1;0.0;;26.528849341648247;0;2.15332797733163
338;2;338;1;0.0;;26.528849341648247;0;2.15332797733163
339;2;339;1;0.0;;26.528849341648247;0;2.15332797733163
340;2;340;1;0.0;;26.528849341648247;0;2.15332797733163
341;2;341;1;0.0;;26.528849341648247;0;2.15332797733163
342;2;342;1;0.0;;26.528849341648247;0;2.15332797733163
343;2;343;1;0.0;;26.528849341648247;0;2.15332797733163
344;2;344;1;0.0;;26.528849341648247;0;2.15332797733163
345;2;345;1;0.0;;26.528849341648247;0;2.15332797733163
346;2;346;1;0.0;;26.528849341648247;0;2.15332797733163
347;2;347;1;0.0;;26.528849341648247;0;2.15332797733163
348;2;348;1;0.0;;26.528849341648247;0;2.15332797733163
349;2;349;1;0.0;;26.528849341648247;0;2.15332797733163
350;2;350;1;0.0;;26.528849341648247;0;2.15332797733163
351;2;351;1;0.0;;26.528849341648247;0;2.15332797733163
352;2;352;1;0.0;;26.528849341648247;0;2.15332797733163
353;2;353;1;0.0;;26.528849341648247;0;2.15332797733163
354;2;354;1;0.0;;26.528849341648247;0;2.15332797733163
355;2;355;1;0.0;;26.528849341648247;0;2.15332797733163
356;2;356;1;0.0;;26.528849341648247;0;2.15332797733163
357;2;357;1;0.0;;26.528849341648247;0;2.15332797733163
358;2;358;1;0.0;;26.528849341648247;0;2.15332797733163
359;2;359;1;0.0;;26.528849341648247;0;2.15332797733163
360;2;360;1;0.0;;26.528849341648247;0;2.15332797733163
361;2;361;1;0.0;;26.528849341648247;0;2.15332797733163
362;2;362;1;0.0;;26.528849341648247;0;2.15332797733163
363;2;363;1;0.0;;26.528849341648247;0;2.15332797733163
364;2;364;1;0.0;;26.528849341648247;0;2.15332797733163
365;2;365;1;0.0;;26.528849341648247;0;2.15332797733163
366;2;366;0;47.76532147860709;24.72287315497055;26.528849341648247;0;2.15332797733163
367;2;367;0;48.54764819470441;24.49151129585143;26.528849341648247;1;2.15332797733163
368;2;368;0;33.252858653500354;29.014725025201358;26.528849341648247;0;2.15332797733163
369;2;369;0;47.142340103108374;24.907110924519046;26.528849341648247;1;2.15332797733163
370;2;370;1;0.0;;26.528849341648247;0;2.15332797733163
371;2;371;0;75.76140808236565;16.443433745030077;26.528849341648247;1;2.15332797733163
372;2;372;0;61.30034077573285;20.720086130876865;26.528849341648247;1;2.15332797733163
373;2;373;0;61.72797999534651;20.59361799058935;26.528849341648247;1;2.15332797733163
374;2;374;0;66.31286079384179;19.237705526457848;26.528849341648247;1;2.15332797733163
375;2;375;0;82.6759753179054;14.39855006957648;26.528849341648247;1;2.15332797733163
376;2;376;0;35.66657107163688;28.300904340123918;26.528849341648247;0;2.15332797733163
377;2;377;0;49.48491547185174;24.214327997275;26.528849341648247;0;2.15332797733163
378;2;378;0;62.16684743385811;20.463829266272977;26.528849341648247;1;2.15332797733163
379;2;379;0;50.8714030664511;23.804294259539013;26.528849341648247;0;2.15332797733163
380;2;380;0;88.71629848513791;12.612211486352955;26.528849341648247;1;2.15332797733163
381;2;381;0;40.251392724058725;26.945009367591805;26.528849341648247;0;2.15332797733163
382;2;382;0;41.47892658488228;26.58198390734857;26.528849341648247;0;2.15332797733163
383;2;383;0;92.40576612381133;11.521104568387075;26.528849341648247;1;2.15332797733163
384;2;384;0;35.6738182072931;28.29876110412774;26.528849341648247;0;2.15332797733163
385;2;385;0;76.34896554268204;16.26967208821712;26.528849341648247;1;2.15332797733163
386;2;386;0;94.88316082057244;10.788450766566509;26.528849341648247;1;2.15332797733163
387;2;387;0;54.18763873786457;22.82356532055706;26.528849341648247;1;2.15332797733163
388;2;388;0;46.83633842064454;24.99760651503344;26.528849341648247;0;2.15332797733163
389;2;389;0;66.35725047686158;19.224577917010482;26.528849341648247;1;2.15332797733163
390;2;390;0;54.20648042902256;22.81799316175746;26.528849341648247;0;2.15332797733163
391;2;391;0;63.828077974706204;19.97254425906601;26.528849341648247;1;2.15332797733163
392;2;392;0;64.3128333341049;19.82918484303082;26.528849341648247;1;2.15332797733163
393;2;393;0;28.049693876117402;30.553486071486127;26.528849341648247;0;2.15332797733163
394;2;394;0;66.8221218415071;19.08709890605178;26.528849341648247;1;2.15332797733163
395;2;395;0;77.76646699625104;15.850466448356318;26.528849341648247;1;2.15332797733163
396;2;396;0;56.01193751791434;22.284055230135255;26.528849341648247;1;2.15332797733163
397;2;397;0;43.09803359914933;26.103156326459676;26.528849341648247;0;2.15332797733163
398;2;398;0;45.88125474590776;25.280058756602973;26.528849341648247;0;2.15332797733163
399;2;399;0;44.93711955544028;25.559273141631294;26.528849341648247;0;2.15332797733163
400;2;400;0;69.8828610684665;18.181929360825546;26.528849341648247;1;2.15332797733163
401;2;401;0;52.944058936930126;23.191336136492463;26.528849341648247;0;2.15332797733163
402;2;402;0;85.50692028201439;13.561338868062705;26.528849341648247;1;2.15332797733163
403;2;403;0;62.4337794626569;20.38488796314401;26.528849341648247;1;2.15332797733163
404;2;404;1;0.0;;26.528849341648247;0;2.15332797733163
405;2;405;0;58.01770328741334;21.690878891093995;26.528849341648247;1;2.15332797733163
406;2;406;0;70.20660595089478;18.086186474461442;26.528849341648247;1;2.15332797733163
407;2;407;0;77.61159422426674;15.896267840173751;26.528849341648247;1;2.15332797733163
408;2;408;0;38.96714240779847;27.324807902693;26.528849341648247;0;2.15332797733163
409;2;409;1;0.0;;26.528849341648247;0;2.15332797733163
410;2;410;0;67.40909152003874;18.913511077236357;26.528849341648247;1;2.15332797733163
411;2;411;0;86.86373044809639;13.160081802392709;26.528849341648247;1;2.15332797733163
412;2;412;0;39.21003158549112;27.25297692651054;26.528849341648247;0;2.15332797733163
413;2;413;1;0.0;;26.528849341648247;0;2.15332797733163
414;2;414;0;55.22136361904859;22.517856074781186;26.528849341648247;0;2.15332797733163
415;2;415;0;48.426701529750886;24.527279530122524;26.528849341648247;0;2.15332797733163
416;2;416;0;37.26252580706692;27.82892371225907;26.528849341648247;0;2.15332797733163
417;2;417;1;0.0;;26.528849341648247;0;2.15332797733163
418;2;418;1;0.0;;26.528849341648247;0;2.15332797733163
419;2;419;0;37.40709788646628;27.786168601921776;26.528849341648247;0;2.15332797733163
420;2;420;0;28.35170194835543;30.464171533679547;26.528849341648247;0;2.15332797733163
421;2;421;0;32.63729883464934;29.196767976257476;26.528849341648247;0;2.15332797733163
422;2;422;0;94.83833539745464;10.801707239872279;26.528849341648247;1;2.15332797733163
423;2;423;0;56.168580844502415;22.237730222293504;26.528849341648247;1;2.15332797733163
424;2;424;0;72.23465722369698;17.48641951877685;26.528849341648247;1;2.15332797733163
425;2;425;0;35.184587056297374;28.443444171066844;26.528849341648247;0;2.15332797733163
426;2;426;0;42.51249704316328;26.27632032992225;26.528849341648247;0;2.15332797733163
427;2;427;1;0.0;;26.528849341648247;0;2.15332797733163
428;2;428;0;84.90329979623372;13.739850933315028;26.528849341648247;1;2.15332797733163
429;2;429;0;43.507814665161156;25.981969477904556;26.528849341648247;0;2.15332797733163
430;2;430;1;0.0;;26.528849341648247;0;2.15332797733163
431;2;431;0;50.698384087989474;23.855462130578193;26.528849341648247;1;2.15332797733163
432;2;432;0;38.139476633069116;27.569578135423782;26.528849341648247;0;2.15332797733163
433;2;433;0;85.11351333286967;13.677683307376443;26.528849341648247;1;2.15332797733163
434;2;434;0;32.445593374476836;29.253462105137615;26.528849341648247;0;2.15332797733163
435;2;435;0;93.96129166514129;11.061080292411047;26.528849341648247;1;2.15332797733163
436;2;436;0;39.79092218800768;27.081186896874975;26.528849341648247;0;2.15332797733163
437;2;437;0;45.1918970118052;25.483926378247983;26.528849341648247;0;2.15332797733163
438;2;438;0;35.05903623558099;28.48057401809518;26.528849341648247;0;2.15332797733163
439;2;439;0;59.63786249433513;21.21174013938127;26.528849341648247;1;2.15332797733163
440;2;440;0;43.97223956477962;25.84462250254756;26.528849341648247;0;2.15332797733163
441;2;441;0;28.54025509948511;30.408409654798877;26.528849341648247;0;2.15332797733163
442;2;442;0;87.01473218275132;13.115425214114275;26.528849341648247;1;2.15332797733163
443;2;443;1;0.0;;26.528849341648247;0;2.15332797733163
444;2;444;1;0.0;;26.528849341648247;0;2.15332797733163
445;2;445;0;60.18926212111284;21.048671641087765;26.528849341648247;1;2.15332797733163
446;2;446;0;71.94191302594588;17.57299439912339;26.528849341648247;1;2.15332797733163
447;2;447;0;92.62709552468823;11.455649585691292;26.528849341648247;1;2.15332797733163
448;2;448;0;48.69896247856125;24.446762275647906;26.528849341648247;0;2.15332797733163
449;2;449;0;53.865718894039745;22.918768478038622;26.528849341648247;1;2.15332797733163
450;2;450;0;86.88272319642087;13.154464970611665;26.528849341648247;1;2.15332797733163
451;2;451;0;59.71601879501911;21.188626539070746;26.528849341648247;1;2.15332797733163
