simulated_sales_data.csv.csv
;global_id;date_placed;offer_dummy;sales;price;avg_price;promo_dummy;elasticity
452;2;452;0;30.267889493826097;29.89748666427794;26.528849341648247;0;2.15332797733163
453;2;453;0;39.1835529168727;27.26080761140536;26.528849341648247;0;2.15332797733163
454;2;454;1;0.0;;26.528849341648247;0;2.15332797733163
455;2;455;0;44.88377810487549;25.575048107405628;26.528849341648247;0;2.15332797733163
456;2;456;0;37.801048155417035;27.66966348360036;26.528849341648247;0;2.15332797733163
457;2;457;0;53.418169114175925;23.051124879765755;26.528849341648247;0;2.15332797733163
458;2;458;0;72.4062447693679;17.43567497336985;26.528849341648247;1;2.15332797733163
459;2;459;0;44.69455031855839;25.631009499926797;26.528849341648247;0;2.15332797733163
460;2;460;0;79.21755681288613;15.421327533862497;26.528849341648247;1;2.15332797733163
461;2;461;0;81.36128125000737;14.787351905769851;26.528849341648247;1;2.15332797733163
462;2;462;0;92.35503765086742;11.536106783662461;26.528849341648247;1;2.15332797733163
463;2;463;0;37.750866468274545;27.68450399484985;26.528849341648247;0;2.15332797733163
464;2;464;0;49.214389230590555;24.294332236975425;26.528849341648247;0;2.15332797733163
465;2;465;1;0.0;;26.528849341648247;0;2.15332797733163
466;2;466;0;39.443402854929005;27.183960734616335;26.528849341648247;0;2.15332797733163
467;2;467;0;61.30150560137605;20.71974165046885;26.528849341648247;1;2.15332797733163
468;2;468;0;43.22986827315616;26.06416812032153;26.528849341648247;0;2.15332797733163
469;2;469;1;0.0;;26.528849341648247;0;2.15332797733163
470;2;470;0;34.03644546256403;28.782990511735452;26.528849341648247;0;2.15332797733163
471;2;471;0;46.95697998168816;24.961928510849553;26.528849341648247;0;2.15332797733163
472;2;472;0;35.14069215090071;28.45642545715802;26.528849341648247;0;2.15332797733163
473;2;473;0;41.36632722536914;26.615283546254602;26.528849341648247;0;2.15332797733163
474;2;474;0;45.64444643256259;25.350091404732026;26.528849341648247;0;2.15332797733163
475;2;475;0;46.48595799566479;25.10122647949874;26.528849341648247;0;2.15332797733163
476;2;476;0;44.869018403485214;25.579413076520748;26.528849341648247;1;2.15332797733163
477;2;477;0;61.74330532178115;20.589085746013563;26.528849341648247;1;2.15332797733163
478;2;478;0;77.54417461004965;15.916206220092786;26.528849341648247;1;2.15332797733163
479;2;479;0;78.34433962001663;15.679568942471041;26.528849341648247;1;2.15332797733163
480;2;480;0;43.01290896347828;26.128330711483798;26.528849341648247;0;2.15332797733163
481;2;481;1;0.0;;26.528849341648247;0;2.15332797733163
482;2;482;0;86.15233654720002;13.370466302999374;26.528849341648247;1;2.15332797733163
483;2;483;1;0.0;;26.528849341648247;0;2.15332797733163
484;2;484;0;35.28013431004681;28.415187446853878;26.528849341648247;0;2.15332797733163
485;2;485;0;86.23016287822058;13.347450286464541;26.528849341648247;1;2.15332797733163
486;2;486;1;0.0;;26.528849341648247;0;2.15332797733163
487;2;487;0;45.994320292215164;25.246621249666617;26.528849341648247;0;2.15332797733163
488;2;488;1;0.0;;26.528849341648247;0;2.15332797733163
489;2;489;0;50.47979961920157;23.92010533914151;26.528849341648247;0;2.15332797733163
490;2;490;0;45.183008345546455;25.486555073278332;26.528849341648247;0;2.15332797733163
491;2;491;0;45.66258287064427;25.344727814372607;26.528849341648247;0;2.15332797733163
492;2;492;0;45.74050500204352;25.321683466255507;26.528849341648247;0;2.15332797733163
493;2;493;0;35.429410932223;28.371041035745748;26.528849341648247;0;2.15332797733163
494;2;494;0;42.18122160318489;26.37429027022577;26.528849341648247;0;2.15332797733163
495;2;495;0;90.98303720928202;11.94185615454035;26.528849341648247;1;2.15332797733163
496;2;496;0;84.94341307325844;13.727988009351371;26.528849341648247;1;2.15332797733163
497;2;497;0;42.056698234201974;26.41111626320142;26.528849341648247;0;2.15332797733163
498;2;498;0;46.80922319593862;25.005625452223374;26.528849341648247;1;2.15332797733163
499;2;499;0;31.281334244384517;29.59777497505763;26.528849341648247;0;2.15332797733163
500;2;500;1;0.0;;26.528849341648247;0;2.15332797733163
501;2;501;0;34.24890200223323;28.720159549953795;26.528849341648247;0;2.15332797733163
502;2;502;0;86.65599127192158;13.22151767186096;26.528849341648247;1;2.15332797733163
503;2;503;0;38.24037466123791;27.539738996738812;26.528849341648247;0;2.15332797733163
504;2;504;0;68.42550993638295;18.612919969187;26.528849341648247;1;2.15332797733163
505;2;505;0;45.11902285986871;25.5054778591406;26.528849341648247;0;2.15332797733163
506;2;506;0;46.47931973992657;25.103189648028337;26.528849341648247;0;2.15332797733163
507;2;507;1;0.0;;26.528849341648247;0;2.15332797733163
508;2;508;0;43.228017378725724;26.064715495692518;26.528849341648247;0;2.15332797733163
509;2;509;0;48.3514331882519;24.549539058096833;26.528849341648247;0;2.15332797733163
510;2;510;0;54.899520856839175;22.61303643648513;26.528849341648247;1;2.15332797733163
511;2;511;0;44.080221272092125;25.812688467775864;26.528849341648247;0;2.15332797733163
512;2;512;0;66.64983592405557;19.13804998485486;26.528849341648247;1;2.15332797733163
513;2;513;1;0.0;;26.528849341648247;0;2.15332797733163
514;2;514;0;50.31156274053208;23.969858973039564;26.528849341648247;1;2.15332797733163
515;2;515;0;37.517005361621585;27.753665049045722;26.528849341648247;0;2.15332797733163
516;2;516;0;76.99630980482611;16.078229345820585;26.528849341648247;1;2.15332797733163
517;2;517;0;80.12332724395753;15.153458973891533;26.528849341648247;1;2.15332797733163
518;2;518;0;58.28661730574455;21.611351443105676;26.528849341648247;1;2.15332797733163
519;2;519;0;42.24546815103374;26.355290278986246;26.528849341648247;0;2.15332797733163
520;2;520;0;40.54926741782571;26.856917216938605;26.528849341648247;0;2.15332797733163
521;2;521;0;78.48643600934454;15.637545981817182;26.528849341648247;1;2.15332797733163
522;2;522;0;36.45656659588504;28.067274541441314;26.528849341648247;0;2.15332797733163
523;2;523;0;49.893686708429826;24.09343979123122;26.528849341648247;0;2.15332797733163
524;2;524;0;87.2195455024122;13.054854624571472;26.528849341648247;1;2.15332797733163
525;2;525;0;63.9498508084917;19.936531697261444;26.528849341648247;1;2.15332797733163
526;2;526;0;54.04674818838641;22.865231671442007;26.528849341648247;1;2.15332797733163
527;2;527;0;47.603626524637725;24.770692108856153;26.528849341648247;0;2.15332797733163
528;2;528;0;48.36494645276811;24.545542704735883;26.528849341648247;0;2.15332797733163
529;2;529;0;57.69333958604362;21.78680478424772;26.528849341648247;1;2.15332797733163
530;2;530;0;31.7522132077286;29.45851930330601;26.528849341648247;0;2.15332797733163
531;2;531;0;43.8242941666698;25.888375223310515;26.528849341648247;0;2.15332797733163
532;2;532;0;60.22107570617117;21.039263231489972;26.528849341648247;1;2.15332797733163
533;2;533;0;43.56874740441619;25.963949497830768;26.528849341648247;0;2.15332797733163
534;2;534;0;45.11489028189835;25.506700009557434;26.528849341648247;0;2.15332797733163
535;2;535;0;40.269933995792336;26.939526053510292;26.528849341648247;0;2.15332797733163
536;2;536;0;61.237591980041685;20.738643183486566;26.528849341648247;1;2.15332797733163
537;2;537;0;67.67909413798509;18.83366169159001;26.528849341648247;1;2.15332797733163
538;2;538;0;42.14516168456344;26.38495447181863;26.528849341648247;0;2.15332797733163
539;2;539;0;66.7647270906561;19.104072577009624;26.528849341648247;1;2.15332797733163
540;2;540;0;35.07373496695325;28.47622707998479;26.528849341648247;0;2.15332797733163
541;2;541;0;40.28230930018569;26.93586623546663;26.528849341648247;0;2.15332797733163
542;2;542;0;45.96097517882942;25.256482586709982;26.528849341648247;0;2.15332797733163
543;2;543;0;65.86934547345162;19.36886879490044;26.528849341648247;1;2.15332797733163
544;2;544;0;46.62762234488461;25.059331288484557;26.528849341648247;0;2.15332797733163
545;2;545;0;46.36177364250676;25.13795221342673;26.528849341648247;0;2.15332797733163
546;2;546;0;54.47655752768646;22.738121749511578;26.528849341648247;0;2.15332797733163
547;2;547;0;29.858062542337144;30.018687082802074;26.528849341648247;0;2.15332797733163
548;2;548;1;0.0;;26.528849341648247;0;2.15332797733163
549;2;549;0;46.19170423648291;25.188247790897545;26.528849341648247;1;2.15332797733163
550;2;550;0;51.50717136285476;23.616274942291707;26.528849341648247;1;2.15332797733163
551;2;551;0;69.8767755254128;18.183729072538927;26.528849341648247;1;2.15332797733163
552;2;552;0;73.92667968871861;16.98602824346468;26.528849341648247;1;2.15332797733163
553;2;553;0;70.88902885745266;17.884369728186524;26.528849341648247;1;2.15332797733163
554;2;554;1;0.0;;26.528849341648247;0;2.15332797733163
555;2;555;1;0.0;;26.528849341648247;0;2.15332797733163
556;2;556;0;49.13995676664706;24.31634456620111;26.528849341648247;0;2.15332797733163
557;2;557;0;85.75487439867834;13.488010009125363;26.528849341648247;1;2.15332797733163
558;2;558;0;70.9780620284651;17.858039450126395;26.528849341648247;1;2.15332797733163
559;2;559;1;0.0;;26.528849341648247;0;2.15332797733163
560;2;560;1;0.0;;26.528849341648247;0;2.15332797733163
561;2;561;0;37.02904077972364;27.897973546415443;26.528849341648247;0;2.15332797733163
562;2;562;0;84.12286395072198;13.970653594691017;26.528849341648247;1;2.15332797733163
563;2;563;0;44.08948263961796;25.809949551713466;26.528849341648247;0;2.15332797733163
564;2;564;0;37.00799754920928;27.904196778772842;26.528849341648247;0;2.15332797733163
565;2;565;0;41.587214621611885;26.54995928006356;26.528849341648247;0;2.15332797733163
566;2;566;0;41.243244228600396;26.65168356989233;26.528849341648247;0;2.15332797733163
567;2;567;0;60.959966894758466;20.820746804068072;26.528849341648247;1;2.15332797733163
568;2;568;0;83.3732377647978;14.19234474296853;26.528849341648247;1;2.15332797733163
569;2;569;1;0.0;;26.528849341648247;0;2.15332797733163
570;2;570;0;44.375171091073945;25.725461306715967;26.528849341648247;0;2.15332797733163
571;2;571;0;73.3233953648043;17.164440893686475;26.528849341648247;1;2.15332797733163
572;2;572;0;84.70139575677112;13.799561145139005;26.528849341648247;1;2.15332797733163
573;2;573;0;90.6230717781502;12.048310746530673;26.528849341648247;1;2.15332797733163
574;2;574;0;43.19588105958928;26.074219349245855;26.528849341648247;0;2.15332797733163
575;2;575;0;35.79812309547358;28.26199972370282;26.528849341648247;0;2.15332797733163
576;2;576;0;93.65538268714542;11.151548466914177;26.528849341648247;1;2.15332797733163
577;2;577;0;56.60473958071949;22.108742557669668;26.528849341648247;1;2.15332797733163
578;2;578;0;40.137688418250924;26.978635778450908;26.528849341648247;0;2.15332797733163
579;2;579;0;32.9698206563295;29.0984294365162;26.528849341648247;0;2.15332797733163
580;2;580;0;70.62433724752735;17.962648459700446;26.528849341648247;1;2.15332797733163
581;2;581;0;49.09993004696104;24.328181892078454;26.528849341648247;0;2.15332797733163
582;2;582;0;37.27176516608926;27.82619130489461;26.528849341648247;0;2.15332797733163
583;2;583;1;0.0;;26.528849341648247;0;2.15332797733163
584;2;584;0;67.53042499384496;18.877628449817948;26.528849341648247;1;2.15332797733163
585;2;585;1;0.0;;26.528849341648247;0;2.15332797733163
586;2;586;0;44.33028216088035;25.738736561324767;26.528849341648247;0;2.15332797733163
587;2;587;1;0.0;;26.528849341648247;0;2.15332797733163
588;2;588;0;39.036542171973736;27.3042839219422;26.528849341648247;0;2.15332797733163
589;2;589;0;42.28491206275699;26.343625310170218;26.528849341648247;0;2.15332797733163
590;2;590;0;48.181740902392164;24.599723107710446;26.528849341648247;0;2.15332797733163
591;2;591;0;69.71021487464841;18.23298698617529;26.528849341648247;1;2.15332797733163
592;2;592;0;50.686992128958266;23.858831138393263;26.528849341648247;0;2.15332797733163
593;2;593;0;30.804479671267423;29.73879784733814;26.528849341648247;0;2.15332797733163
594;2;594;0;37.89247082206586;27.642626546619585;26.528849341648247;0;2.15332797733163
595;2;595;0;73.93089412399449;16.98478188492866;26.528849341648247;1;2.15332797733163
596;2;596;0;73.0812851765138;17.236041494972344;26.528849341648247;1;2.15332797733163
597;2;597;0;86.5735049119582;13.245911824841313;26.528849341648247;1;2.15332797733163
598;2;598;0;38.66295821169792;27.414765997791115;26.528849341648247;0;2.15332797733163
599;2;599;1;0.0;;26.528849341648247;0;2.15332797733163
600;2;600;0;61.1797071622177;20.755761784693664;26.528849341648247;1;2.15332797733163
601;2;601;0;51.60671443369506;23.586836512722375;26.528849341648247;0;2.15332797733163
602;2;602;0;50.59911463033361;23.88481964298884;26.528849341648247;0;2.15332797733163
603;2;603;0;64.34195211795253;19.82057338208023;26.528849341648247;1;2.15332797733163
604;2;604;0;42.94137468522248;26.14948594403238;26.528849341648247;0;2.15332797733163
605;2;605;0;90.99703507541494;11.937716487230547;26.528849341648247;1;2.15332797733163
606;2;606;0;86.83789474391912;13.167722339814114;26.528849341648247;1;2.15332797733163
607;2;607;0;76.90610867363058;16.104905031283753;26.528849341648247;1;2.15332797733163
608;2;608;0;51.49202462460969;23.62075437198248;26.528849341648247;1;2.15332797733163
609;2;609;0;64.69061920533183;19.717460112534557;26.528849341648247;1;2.15332797733163
610;2;610;0;47.74139116437567;24.72995020075713;26.528849341648247;0;2.15332797733163
611;2;611;0;43.78194966757146;25.900897999068107;26.528849341648247;0;2.15332797733163
612;2;612;0;90.92638151671846;11.958611259653692;26.528849341648247;1;2.15332797733163
613;2;613;1;0.0;;26.528849341648247;0;2.15332797733163
614;2;614;0;42.88187935869009;26.167080829995243;26.528849341648247;0;2.15332797733163
615;2;615;0;61.68686556622284;20.605776990867554;26.528849341648247;1;2.15332797733163
616;2;616;0;66.93686554559616;19.053165108120535;26.528849341648247;1;2.15332797733163
617;2;617;0;78.65064670059866;15.588983034861574;26.528849341648247;1;2.15332797733163
618;2;618;0;94.15405466706181;11.004073410789777;26.528849341648247;1;2.15332797733163
619;2;619;0;38.82108898128476;27.368001100104816;26.528849341648247;0;2.15332797733163
620;2;620;0;53.37307963494092;23.06445944386522;26.528849341648247;0;2.15332797733163
621;2;621;0;88.26274982609849;12.746341970199664;26.528849341648247;1;2.15332797733163
622;2;622;0;45.98496653180641;25.249387489593488;26.528849341648247;0;2.15332797733163
623;2;623;0;36.6181837615362;28.019478592330504;26.528849341648247;0;2.15332797733163
624;2;624;0;82.1225004985341;14.562232276192363;26.528849341648247;1;2.15332797733163
625;2;625;1;0.0;;26.528849341648247;0;2.15332797733163
626;2;626;0;37.23982867437796;27.8356360623649;26.528849341648247;0;2.15332797733163
627;2;627;0;36.46717469323879;28.06413734942808;26.528849341648247;0;2.15332797733163
628;2;628;0;78.07941973375097;15.757915183424963;26.528849341648247;1;2.15332797733163
629;2;629;0;67.2726339304313;18.953866444083584;26.528849341648247;1;2.15332797733163
630;2;630;0;40.29065079467163;26.933399358607655;26.528849341648247;0;2.15332797733163
631;2;631;0;73.07228251261473;17.23870390316301;26.528849341648247;1;2.15332797733163
632;2;632;0;46.860699682479435;24.99040202269969;26.528849341648247;0;2.15332797733163
633;2;633;0;38.261365407108784;27.533531285958833;26.528849341648247;0;2.15332797733163
634;2;634;0;68.1222580268257;18.70260235396684;26.528849341648247;1;2.15332797733163
635;2;635;0;46.376776016631034;25.133515477345533;26.528849341648247;0;2.15332797733163
636;2;636;0;41.1688972651239;26.67367061358629;26.528849341648247;0;2.15332797733163
637;2;637;0;40.11982428802703;26.9839188376832;26.528849341648247;0;2.15332797733163
638;2;638;0;91.67256457273358;11.737938367458394;26.528849341648247;1;2.15332797733163
639;2;639;0;44.22669572154021;25.76937075889483;26.528849341648247;0;2.15332797733163
640;2;640;0;41.48146492098515;26.58123323100358;26.528849341648247;0;2.15332797733163
641;2;641;0;42.85629928251991;26.174645769115134;26.528849341648247;0;2.15332797733163
642;2;642;0;41.77571751219653;26.49421226501523;26.528849341648247;0;2.15332797733163
643;2;643;0;43.897797939349864;25.866637541150862;26.528849341648247;0;2.15332797733163
644;2;644;0;32.21727784115918;29.320983135887605;26.528849341648247;0;2.15332797733163
645;2;645;0;32.82250923342377;29.141994668243136;26.528849341648247;0;2.15332797733163
646;2;646;0;36.26893656730336;28.122763420123338;26.528849341648247;0;2.15332797733163
647;2;647;0;85.4758026505796;13.570541459399546;26.528849341648247;1;2.15332797733163
648;2;648;0;84.26608642170729;13.928297611604954;26.528849341648247;1;2.15332797733163
649;2;649;0;52.02901064874513;23.461948489083927;26.528849341648247;1;2.15332797733163
650;2;650;0;44.59580434546183;25.66021219931832;26.528849341648247;0;2.15332797733163
651;2;651;0;66.49031405554847;19.185226280012046;26.528849341648247;1;2.15332797733163
652;2;652;0;39.74894728093495;27.0936003711139;26.528849341648247;0;2.15332797733163
653;2;653;0;41.518286282013676;26.570343843785214;26.528849341648247;0;2.15332797733163
654;2;654;0;32.02467162253798;29.37794365110611;26.528849341648247;0;2.15332797733163
655;2;655;0;38.50375285136469;27.461848690214268;26.528849341648247;0;2.15332797733163
656;2;656;0;41.43199417503864;26.595863491633423;26.528849341648247;0;2.15332797733163
657;2;657;0;49.19341187507667;24.300535987750173;26.528849341648247;1;2.15332797733163
658;2;658;0;46.00135397529357;25.24454113919616;26.528849341648247;0;2.15332797733163
659;2;659;0;44.940395880019764;25.558304215822947;26.528849341648247;0;2.15332797733163
660;2;660;1;0.0;;26.528849341648247;0;2.15332797733163
661;2;661;0;41.31001250904736;26.63193781255522;26.528849341648247;0;2.15332797733163
662;2;662;0;50.782053692635216;23.830718050024267;26.528849341648247;0;2.15332797733163
663;2;663;0;61.708739355831426;20.599308132619853;26.528849341648247;1;2.15332797733163
664;2;664;0;37.912104581555134;27.63682014501848;26.528849341648247;0;2.15332797733163
665;2;665;0;35.13636513808963;28.45770510887872;26.528849341648247;0;2.15332797733163
