simulated_sales_data.csv.csv
;global_id;date_placed;offer_dummy;sales;price;avg_price;promo_dummy;elasticity
247;3;247;0;45.949702359283215;17.95336893453335;18.015195101527148;0;2.849203916250265
248;3;248;0;30.45812341388084;20.427099789029988;18.015195101527148;0;2.849203916250265
249;3;249;0;76.16969058842037;14.557495168835825;18.015195101527148;1;2.849203916250265
250;3;250;0;54.569714559102934;16.989502625991864;18.015195101527148;0;2.849203916250265
251;3;251;0;92.71866664844136;9.624516980918793;18.015195101527148;1;2.849203916250265
252;3;252;0;55.74675266661168;15.953585638911552;18.015195101527148;0;2.849203916250265
253;3;253;0;79.56294479510257;14.121783557965294;18.015195101527148;1;2.849203916250265
254;3;254;0;54.82251346526461;17.298584508252908;18.015195101527148;0;2.849203916250265
255;3;255;0;78.99246866441126;19.35843009533246;18.015195101527148;0;2.849203916250265
256;3;256;0;38.94783364130089;18.48254062392296;18.015195101527148;0;2.849203916250265
257;3;257;0;140.59616557959563;10.0310647696837;18.015195101527148;1;2.849203916250265
258;3;258;1;0.0;;18.015195101527148;0;2.849203916250265
259;3;259;0;44.264800829534806;17.324955325657317;18.015195101527148;1;2.849203916250265
260;3;260;0;34.19715246853009;19.94698887683109;18.015195101527148;0;2.849203916250265
261;3;261;0;31.51289156367855;20.58245628602297;18.015195101527148;0;2.849203916250265
262;3;262;0;35.70089629221796;19.242017301532446;18.015195101527148;0;2.849203916250265
263;3;263;0;50.35330606388336;17.872454144172202;18.015195101527148;0;2.849203916250265
264;3;264;0;42.13009428029534;18.196140767839587;18.015195101527148;0;2.849203916250265
265;3;265;0;149.7184037808649;11.210864527575138;18.015195101527148;1;2.849203916250265
266;3;266;0;54.84931479940611;16.277762921382;18.015195101527148;0;2.849203916250265
267;3;267;0;61.14891211415048;16.486241789901015;18.015195101527148;0;2.849203916250265
268;3;268;0;76.5033319888759;14.51465386571173;18.015195101527148;0;2.849203916250265
269;3;269;0;39.84507901713455;16.540787378046154;18.015195101527148;0;2.849203916250265
270;3;270;1;0.0;;18.015195101527148;0;2.849203916250265
271;3;271;0;50.92235655997452;18.839991956645648;18.015195101527148;0;2.849203916250265
272;3;272;0;43.419076347656414;18.76284555482861;18.015195101527148;0;2.849203916250265
273;3;273;0;57.191269945763004;18.8324542993386;18.015195101527148;0;2.849203916250265
274;3;274;0;54.10243277703376;16.65242749895326;18.015195101527148;0;2.849203916250265
275;3;275;0;51.67723256451453;17.702455047986533;18.015195101527148;1;2.849203916250265
276;3;276;0;202.75199485020187;8.446953702725272;18.015195101527148;1;2.849203916250265
277;3;277;0;183.3492253151035;13.177849791715271;18.015195101527148;1;2.849203916250265
278;3;278;1;0.0;;18.015195101527148;0;2.849203916250265
279;3;279;0;41.242204498426275;19.042367300714595;18.015195101527148;0;2.849203916250265
280;3;280;0;101.9740726915806;7.28779808675098;18.015195101527148;1;2.849203916250265
281;3;281;0;75.21924812477137;14.679536958708436;18.015195101527148;0;2.849203916250265
282;3;282;0;96.52982159518281;13.994298032887418;18.015195101527148;0;2.849203916250265
283;3;283;0;80.02618867648805;13.495205471158537;18.015195101527148;1;2.849203916250265
284;3;284;1;0.0;;18.015195101527148;0;2.849203916250265
285;3;285;0;63.068305187299366;17.69943509071879;18.015195101527148;0;2.849203916250265
286;3;286;1;0.0;;18.015195101527148;0;2.849203916250265
287;3;287;0;185.59281954926786;13.263911926651188;18.015195101527148;1;2.849203916250265
288;3;288;0;37.937772232555446;18.304708583413348;18.015195101527148;0;2.849203916250265
289;3;289;0;84.04775579116773;17.013838121745792;18.015195101527148;0;2.849203916250265
290;3;290;0;183.1118493935158;12.04744469146577;18.015195101527148;1;2.849203916250265
291;3;291;0;25.484588052769826;21.06572777618279;18.015195101527148;0;2.849203916250265
292;3;292;0;65.04079065322986;15.986504203416812;18.015195101527148;0;2.849203916250265
293;3;293;0;222.53346511156423;8.620266322524127;18.015195101527148;1;2.849203916250265
294;3;294;0;53.75045691365644;16.29537160825708;18.015195101527148;1;2.849203916250265
295;3;295;1;0.0;;18.015195101527148;0;2.849203916250265
296;3;296;1;0.0;;18.015195101527148;0;2.849203916250265
297;3;297;0;83.10921122238597;14.318869081871759;18.015195101527148;1;2.849203916250265
298;3;298;1;0.0;;18.015195101527148;0;2.849203916250265
299;3;299;0;113.45865543353511;7.356034812174251;18.015195101527148;1;2.849203916250265
300;3;300;0;167.28186221357186;14.996101484648968;18.015195101527148;1;2.849203916250265
301;3;301;0;83.47644919284507;13.619269097972467;18.015195101527148;1;2.849203916250265
302;3;302;0;129.0784517630422;7.763733146774102;18.015195101527148;1;2.849203916250265
303;3;303;0;40.759488060737205;21.0666411346646;18.015195101527148;0;2.849203916250265
304;3;304;0;120.72802288986588;8.835971945926413;18.015195101527148;1;2.849203916250265
305;3;305;0;63.14048656009373;16.23051320101378;18.015195101527148;0;2.849203916250265
306;3;306;0;79.74597187048562;15.688240699849887;18.015195101527148;0;2.849203916250265
307;3;307;0;38.74041252741567;16.76765061217526;18.015195101527148;1;2.849203916250265
308;3;308;0;55.033347833941306;17.27151227115906;18.015195101527148;0;2.849203916250265
309;3;309;0;52.348427686422774;18.317925806880933;18.015195101527148;0;2.849203916250265
310;3;310;0;98.18653244455606;7.949719322085581;18.015195101527148;1;2.849203916250265
311;3;311;0;69.49062019594172;15.415122786034;18.015195101527148;1;2.849203916250265
312;3;312;0;46.026945053632545;18.427981555372842;18.015195101527148;0;2.849203916250265
313;3;313;1;0.0;;18.015195101527148;0;2.849203916250265
314;3;314;0;82.17248765165635;8.504097555107366;18.015195101527148;1;2.849203916250265
315;3;315;0;60.45139762209905;16.072744169369876;18.015195101527148;0;2.849203916250265
316;3;316;0;45.826413791435726;17.195730858683568;18.015195101527148;0;2.849203916250265
317;3;317;0;45.46582042559738;18.50003289626527;18.015195101527148;0;2.849203916250265
318;3;318;0;29.12938380312871;19.174042518015504;18.015195101527148;0;2.849203916250265
319;3;319;0;75.96415959327464;16.98624969206501;18.015195101527148;1;2.849203916250265
320;3;320;0;55.03387949680487;13.212677873473561;18.015195101527148;1;2.849203916250265
321;3;321;0;96.44540884344407;18.07293527559851;18.015195101527148;0;2.849203916250265
322;3;322;0;99.74319355758686;9.495428060978169;18.015195101527148;1;2.849203916250265
323;3;323;0;187.01223016310817;13.32247519356634;18.015195101527148;1;2.849203916250265
324;3;324;0;175.40675329534866;11.347617887062968;18.015195101527148;1;2.849203916250265
325;3;325;0;163.84601971696446;15.105265263430717;18.015195101527148;1;2.849203916250265
326;3;326;0;47.26967812932816;18.26840812016509;18.015195101527148;0;2.849203916250265
327;3;327;0;71.54987877498704;14.33437207667342;18.015195101527148;1;2.849203916250265
328;3;328;0;76.74344350821063;18.65129730490295;18.015195101527148;0;2.849203916250265
329;3;329;0;44.0067273499116;18.687388088565672;18.015195101527148;0;2.849203916250265
330;3;330;0;19.99280666541589;21.77090126719937;18.015195101527148;0;2.849203916250265
331;3;331;0;48.622304737848296;17.30677678541285;18.015195101527148;1;2.849203916250265
332;3;332;0;58.205182257461594;16.864232120038906;18.015195101527148;1;2.849203916250265
333;3;333;0;88.59259021972784;8.166034538530552;18.015195101527148;1;2.849203916250265
334;3;334;0;42.251786840232725;20.533188132788244;18.015195101527148;0;2.849203916250265
335;3;335;0;127.84325257670207;7.922339191133053;18.015195101527148;1;2.849203916250265
336;3;336;0;247.75434425051515;9.903883517371009;18.015195101527148;1;2.849203916250265
337;3;337;0;61.94806758844206;16.383626041763463;18.015195101527148;0;2.849203916250265
338;3;338;0;23.836686588187078;19.517301738228056;18.015195101527148;0;2.849203916250265
339;3;339;0;30.059339633418762;19.805233084654247;18.015195101527148;0;2.849203916250265
340;3;340;0;92.11577934400125;14.880709230820392;18.015195101527148;0;2.849203916250265
341;3;341;0;45.73628216411217;18.465304192611104;18.015195101527148;0;2.849203916250265
342;3;342;0;98.20328884671879;15.402117314303208;18.015195101527148;0;2.849203916250265
343;3;343;0;51.57122841971236;15.602604759727981;18.015195101527148;0;2.849203916250265
344;3;344;0;196.0005320872051;11.80661425033965;18.015195101527148;1;2.849203916250265
345;3;345;0;117.26201682383774;9.281025276544032;18.015195101527148;1;2.849203916250265
346;3;346;0;56.06621023879778;17.436940074424875;18.015195101527148;0;2.849203916250265
347;3;347;0;101.087116456264;11.357967192934312;18.015195101527148;1;2.849203916250265
348;3;348;0;108.72320073371586;10.377453980950456;18.015195101527148;1;2.849203916250265
349;3;349;0;61.52512922672086;15.225936855014512;18.015195101527148;0;2.849203916250265
350;3;350;0;44.55333313429535;16.658955893325732;18.015195101527148;0;2.849203916250265
351;3;351;0;53.56297986935485;17.460315218241767;18.015195101527148;0;2.849203916250265
352;3;352;0;52.11776236069418;15.52371547463565;18.015195101527148;0;2.849203916250265
353;3;353;1;0.0;;18.015195101527148;0;2.849203916250265
354;3;354;0;79.46877093681654;17.898235219292673;18.015195101527148;0;2.849203916250265
355;3;355;0;31.00557228488541;20.549966633253238;18.015195101527148;0;2.849203916250265
356;3;356;0;46.50355387339048;16.519869674256046;18.015195101527148;0;2.849203916250265
357;3;357;0;235.12118878980888;8.144853620918223;18.015195101527148;1;2.849203916250265
358;3;358;0;86.31339973725315;12.364042596947046;18.015195101527148;1;2.849203916250265
359;3;359;0;228.4850528125758;7.684311935133492;18.015195101527148;1;2.849203916250265
360;3;360;0;73.89805730494676;13.965419890665915;18.015195101527148;1;2.849203916250265
361;3;361;0;42.73758061636013;17.609586816833982;18.015195101527148;0;2.849203916250265
362;3;362;1;0.0;;18.015195101527148;0;2.849203916250265
363;3;363;0;46.651239168667246;18.60706987867085;18.015195101527148;0;2.849203916250265
364;3;364;1;0.0;;18.015195101527148;0;2.849203916250265
365;3;365;0;126.55806513838371;8.087363988838314;18.015195101527148;1;2.849203916250265
366;3;366;0;176.97741991351836;8.31054383679661;18.015195101527148;1;2.849203916250265
367;3;367;0;51.56324587713321;15.949346754920391;18.015195101527148;1;2.849203916250265
368;3;368;0;82.78062308025156;18.566963940556512;18.015195101527148;0;2.849203916250265
369;3;369;0;62.35918073757387;16.330836960383845;18.015195101527148;1;2.849203916250265
370;3;370;0;36.550625942985704;16.711804665212902;18.015195101527148;0;2.849203916250265
371;3;371;0;48.3788090547546;15.479321053002115;18.015195101527148;1;2.849203916250265
372;3;372;0;109.04369422111816;11.064707810262043;18.015195101527148;1;2.849203916250265
373;3;373;0;51.024570163039606;17.786260318378968;18.015195101527148;0;2.849203916250265
374;3;374;0;69.15525674202154;15.458185209841483;18.015195101527148;1;2.849203916250265
375;3;375;0;164.6295251959064;11.299792094975762;18.015195101527148;1;2.849203916250265
376;3;376;0;57.39637681063728;17.76159022646575;18.015195101527148;0;2.849203916250265
377;3;377;0;82.27505921999636;16.381075987186957;18.015195101527148;0;2.849203916250265
378;3;378;0;211.11180598935658;9.562606956128768;18.015195101527148;1;2.849203916250265
379;3;379;1;0.0;;18.015195101527148;0;2.849203916250265
380;3;380;0;43.60543015456951;18.738916750071787;18.015195101527148;0;2.849203916250265
381;3;381;0;81.92446107998732;12.030315715429394;18.015195101527148;1;2.849203916250265
382;3;382;0;117.17479857610243;9.2922245563219;18.015195101527148;1;2.849203916250265
383;3;383;0;118.38311135905903;9.137070866963551;18.015195101527148;1;2.849203916250265
384;3;384;0;88.1951649372874;13.0133612841098;18.015195101527148;1;2.849203916250265
385;3;385;0;74.2358366724824;16.878801746158857;18.015195101527148;0;2.849203916250265
386;3;386;0;64.10596309664697;15.838258526450987;18.015195101527148;1;2.849203916250265
387;3;387;0;80.33018069329212;15.310960863428361;18.015195101527148;0;2.849203916250265
388;3;388;0;48.51929214879661;19.825420270436354;18.015195101527148;0;2.849203916250265
389;3;389;0;70.2381294408807;13.451609673611246;18.015195101527148;1;2.849203916250265
390;3;390;1;0.0;;18.015195101527148;0;2.849203916250265
391;3;391;0;46.6696164997438;19.280943628644984;18.015195101527148;0;2.849203916250265
392;3;392;0;130.41460286827203;16.225538279788722;18.015195101527148;1;2.849203916250265
393;3;393;0;47.406704550525376;17.890631822129347;18.015195101527148;1;2.849203916250265
394;3;394;0;19.43152964080059;20.430146565134432;18.015195101527148;0;2.849203916250265
395;3;395;0;23.751953503589405;21.28820712623758;18.015195101527148;0;2.849203916250265
396;3;396;0;67.95526366666262;17.282254460644566;18.015195101527148;0;2.849203916250265
397;3;397;0;44.104801199557805;18.674794892650826;18.015195101527148;0;2.849203916250265
398;3;398;0;36.567281400270915;18.15437073900354;18.015195101527148;0;2.849203916250265
399;3;399;0;30.703777215856377;18.73286679452684;18.015195101527148;0;2.849203916250265
400;3;400;0;73.49843891221946;19.64757686592526;18.015195101527148;0;2.849203916250265
401;3;401;0;267.0023021030338;6.852002208792607;18.015195101527148;1;2.849203916250265
402;3;402;0;53.70484785840533;18.538576238525508;18.015195101527148;0;2.849203916250265
403;3;403;0;90.24375918349864;16.685776291656666;18.015195101527148;0;2.849203916250265
404;3;404;0;25.035401586805744;20.20430094817085;18.015195101527148;0;2.849203916250265
405;3;405;0;16.532094961415297;22.05585390644826;18.015195101527148;0;2.849203916250265
406;3;406;0;200.39613769640312;11.644465732355474;18.015195101527148;1;2.849203916250265
407;3;407;0;95.46704090490167;12.079614326495946;18.015195101527148;1;2.849203916250265
408;3;408;0;52.42947553366446;17.605863111193557;18.015195101527148;0;2.849203916250265
409;3;409;0;80.10071315031959;18.800117833975243;18.015195101527148;0;2.849203916250265
410;3;410;0;72.2171408275511;20.219254349186937;18.015195101527148;0;2.849203916250265
411;3;411;0;129.63807055437906;7.691875163199918;18.015195101527148;1;2.849203916250265
412;3;412;0;213.1415469114121;10.619492484326221;18.015195101527148;1;2.849203916250265
413;3;413;0;38.79214878982492;19.35696728482867;18.015195101527148;0;2.849203916250265
414;3;414;0;72.29161125305976;18.610685531335847;18.015195101527148;0;2.849203916250265
415;3;415;0;38.5124514810463;19.392881884072104;18.015195101527148;0;2.849203916250265
416;3;416;0;92.57872399675736;16.35787403846342;18.015195101527148;0;2.849203916250265
417;3;417;0;93.20802640769669;12.36968361856925;18.015195101527148;1;2.849203916250265
418;3;418;0;89.1139455469076;12.383212989645006;18.015195101527148;1;2.849203916250265
419;3;419;0;163.33271267988133;14.757631532877964;18.015195101527148;1;2.849203916250265
420;3;420;0;173.31753199909411;14.283429601713209;18.015195101527148;1;2.849203916250265
421;3;421;0;54.62476945419904;18.07336218620872;18.015195101527148;0;2.849203916250265
422;3;422;0;98.40768005485565;8.774261820811782;18.015195101527148;1;2.849203916250265
423;3;423;0;114.44010996266877;17.94237955132274;18.015195101527148;0;2.849203916250265
424;3;424;0;135.06645449597372;9.985177257157428;18.015195101527148;1;2.849203916250265
425;3;425;0;145.23724325273844;10.880422848427461;18.015195101527148;1;2.849203916250265
426;3;426;0;48.3946171619348;18.123960056986405;18.015195101527148;0;2.849203916250265
427;3;427;0;129.68119104049106;7.686338266957843;18.015195101527148;1;2.849203916250265
428;3;428;0;92.78783156913917;16.474922393477595;18.015195101527148;0;2.849203916250265
429;3;429;0;123.81897720081652;10.289323444517466;18.015195101527148;1;2.849203916250265
430;3;430;0;272.81483037757357;8.872508818199778;18.015195101527148;1;2.849203916250265
431;3;431;0;89.1301656493336;18.51482361126247;18.015195101527148;0;2.849203916250265
432;3;432;0;100.66864822816952;16.96935820856056;18.015195101527148;0;2.849203916250265
433;3;433;0;48.843543724290384;16.81530258202216;18.015195101527148;0;2.849203916250265
434;3;434;0;50.29879481617886;18.533526892867606;18.015195101527148;0;2.849203916250265
435;3;435;1;0.0;;18.015195101527148;0;2.849203916250265
436;3;436;0;153.13407277697027;10.42000977537658;18.015195101527148;1;2.849203916250265
437;3;437;0;144.87133071971442;12.51929607178208;18.015195101527148;1;2.849203916250265
438;3;438;0;86.47448519319043;11.06137482895409;18.015195101527148;1;2.849203916250265
439;3;439;0;44.53565643102809;16.761412438725575;18.015195101527148;1;2.849203916250265
440;3;440;0;167.44626206777542;9.74297587187779;18.015195101527148;1;2.849203916250265
441;3;441;0;51.238022590704965;17.7588519088;18.015195101527148;0;2.849203916250265
442;3;442;0;61.526607099980396;18.158207259264614;18.015195101527148;0;2.849203916250265
443;3;443;0;43.5485848501243;19.454260302577126;18.015195101527148;0;2.849203916250265
444;3;444;0;107.42861865171166;10.543685100105453;18.015195101527148;1;2.849203916250265
445;3;445;0;81.05219974179033;9.27788714695805;18.015195101527148;1;2.849203916250265
446;3;446;0;94.12803473021978;13.10422186776359;18.015195101527148;1;2.849203916250265
447;3;447;0;37.33002605079125;19.54471150176952;18.015195101527148;0;2.849203916250265
448;3;448;0;27.450696360086926;20.813269172863272;18.015195101527148;0;2.849203916250265
449;3;449;0;61.98777715805446;13.59069753324778;18.015195101527148;1;2.849203916250265
450;3;450;1;0.0;;18.015195101527148;0;2.849203916250265
451;3;451;0;69.26178781299754;15.444506062416774;18.015195101527148;1;2.849203916250265
452;3;452;0;73.4235514915715;17.34861491295495;18.015195101527148;0;2.849203916250265
453;3;453;0;98.09238949720827;9.89899194247886;18.015195101527148;1;2.849203916250265
454;3;454;1;0.0;;18.015195101527148;0;2.849203916250265
455;3;455;1;0.0;;18.015195101527148;0;2.849203916250265
456;3;456;1;0.0;;18.015195101527148;0;2.849203916250265
