simulated_sales_data.csv.csv
;global_id;date_placed;offer_dummy;sales;price;avg_price;promo_dummy;elasticity
457;3;457;0;89.09353656310935;12.898005662513153;18.015195101527148;1;2.849203916250265
458;3;458;0;111.06940111691674;10.597974810474685;18.015195101527148;1;2.849203916250265
459;3;459;0;38.317464813122946;18.78509170716179;18.015195101527148;1;2.849203916250265
460;3;460;0;29.18466175964484;19.627702634462675;18.015195101527148;0;2.849203916250265
461;3;461;0;58.43911104776794;14.517937745589998;18.015195101527148;1;2.849203916250265
462;3;462;0;73.70599714348731;14.873846309716761;18.015195101527148;1;2.849203916250265
463;3;463;0;49.624870230989956;17.96598911999004;18.015195101527148;0;2.849203916250265
464;3;464;0;55.46729459235879;17.2157912347658;18.015195101527148;0;2.849203916250265
465;3;465;0;79.21752864998369;15.482599056565668;18.015195101527148;0;2.849203916250265
466;3;466;0;183.54133024277974;12.131428018700447;18.015195101527148;1;2.849203916250265
467;3;467;0;97.94811042920091;16.1040711023662;18.015195101527148;0;2.849203916250265
468;3;468;0;60.675556978217855;12.483043642755737;18.015195101527148;1;2.849203916250265
469;3;469;0;70.4798216733752;15.779879979427571;18.015195101527148;0;2.849203916250265
470;3;470;0;190.15992382619783;11.697960189174319;18.015195101527148;1;2.849203916250265
471;3;471;0;135.03134315138445;9.153951132889453;18.015195101527148;1;2.849203916250265
472;3;472;1;0.0;;18.015195101527148;0;2.849203916250265
473;3;473;0;52.95694028424961;17.53813387484507;18.015195101527148;0;2.849203916250265
474;3;474;1;0.0;;18.015195101527148;0;2.849203916250265
475;3;475;0;68.7918811362885;19.32747036066012;18.015195101527148;0;2.849203916250265
476;3;476;0;117.83175339716004;15.809453101040525;18.015195101527148;0;2.849203916250265
477;3;477;0;226.09912318293158;10.159308184156831;18.015195101527148;1;2.849203916250265
478;3;478;1;0.0;;18.015195101527148;0;2.849203916250265
479;3;479;0;135.05455833035973;14.247597348636418;18.015195101527148;1;2.849203916250265
480;3;480;0;26.873071210724575;20.887439267108608;18.015195101527148;0;2.849203916250265
481;3;481;0;207.06970290151077;8.243536003769309;18.015195101527148;1;2.849203916250265
482;3;482;0;42.32486273779775;19.7244292990973;18.015195101527148;0;2.849203916250265
483;3;483;0;74.50186787342466;18.550473432978368;18.015195101527148;0;2.849203916250265
484;3;484;0;56.093184544044654;17.135423687135653;18.015195101527148;0;2.849203916250265
485;3;485;0;79.54828532256877;11.852772186174377;18.015195101527148;1;2.849203916250265
486;3;486;0;111.23503045393778;10.054921890229064;18.015195101527148;1;2.849203916250265
487;3;487;0;46.95496994330094;17.60251245516125;18.015195101527148;0;2.849203916250265
488;3;488;0;92.82171483789737;10.422226072967971;18.015195101527148;1;2.849203916250265
489;3;489;0;152.84917244413282;13.430609966007177;18.015195101527148;1;2.849203916250265
490;3;490;0;76.02874072995824;17.5177698107862;18.015195101527148;0;2.849203916250265
491;3;491;0;122.3124886390661;11.990218674763128;18.015195101527148;1;2.849203916250265
492;3;492;0;35.0542539706866;17.205137548999314;18.015195101527148;0;2.849203916250265
493;3;493;0;42.771438646920885;17.838388115615636;18.015195101527148;0;2.849203916250265
494;3;494;0;233.355290153608;11.342930684530389;18.015195101527148;1;2.849203916250265
495;3;495;0;112.05270872947821;9.94992771740583;18.015195101527148;1;2.849203916250265
496;3;496;0;87.50614885839286;16.655792603708466;18.015195101527148;0;2.849203916250265
497;3;497;0;54.55867636592597;21.20705048983789;18.015195101527148;0;2.849203916250265
498;3;498;0;48.64013714651114;21.15296467324569;18.015195101527148;0;2.849203916250265
499;3;499;1;0.0;;18.015195101527148;0;2.849203916250265
500;3;500;0;111.49216879708865;12.299522775722208;18.015195101527148;1;2.849203916250265
501;3;501;0;63.46990174156024;17.253819933083065;18.015195101527148;0;2.849203916250265
502;3;502;0;45.419603989912446;17.738707388476215;18.015195101527148;0;2.849203916250265
503;3;503;0;100.51124914072946;16.674705117910943;18.015195101527148;0;2.849203916250265
504;3;504;0;210.28392541655103;7.716272257316907;18.015195101527148;1;2.849203916250265
505;3;505;0;66.56331815236744;11.338587830640053;18.015195101527148;1;2.849203916250265
506;3;506;0;47.95677182968025;18.867789276465583;18.015195101527148;0;2.849203916250265
507;3;507;0;38.04044651639212;19.4534897934599;18.015195101527148;0;2.849203916250265
508;3;508;0;60.13300776237145;18.4560097472341;18.015195101527148;0;2.849203916250265
509;3;509;0;117.37656689770478;9.266316447151983;18.015195101527148;1;2.849203916250265
510;3;510;0;69.30356279710112;15.439141935679078;18.015195101527148;0;2.849203916250265
511;3;511;0;59.27950504497439;16.726283447811426;18.015195101527148;0;2.849203916250265
512;3;512;0;113.23516137317036;9.22484449471802;18.015195101527148;1;2.849203916250265
513;3;513;0;114.26881949525566;9.665367489137953;18.015195101527148;1;2.849203916250265
514;3;514;0;77.50578694623701;15.490082985610623;18.015195101527148;0;2.849203916250265
515;3;515;1;0.0;;18.015195101527148;0;2.849203916250265
516;3;516;0;100.35736253048677;11.451671418781388;18.015195101527148;1;2.849203916250265
517;3;517;0;58.80811371631775;18.98917985802244;18.015195101527148;0;2.849203916250265
518;3;518;0;68.06861127501088;15.597716178651305;18.015195101527148;1;2.849203916250265
519;3;519;0;53.42398919343588;18.73064449150893;18.015195101527148;0;2.849203916250265
520;3;520;0;42.44848745607723;18.887474251555844;18.015195101527148;0;2.849203916250265
521;3;521;0;31.995984535848333;20.229630367072716;18.015195101527148;0;2.849203916250265
522;3;522;0;45.73499485682158;18.465469489608942;18.015195101527148;0;2.849203916250265
523;3;523;0;41.98079333972981;17.506433703084816;18.015195101527148;1;2.849203916250265
524;3;524;0;23.363292330171376;19.715656768603864;18.015195101527148;0;2.849203916250265
525;3;525;0;57.41242281383734;16.509685684707456;18.015195101527148;1;2.849203916250265
526;3;526;0;141.18001225926042;16.091518008380717;18.015195101527148;0;2.849203916250265
527;3;527;0;111.9460994733148;8.053650787072304;18.015195101527148;1;2.849203916250265
528;3;528;0;132.1158369416677;13.805635948513588;18.015195101527148;1;2.849203916250265
529;3;529;0;30.817715018619516;20.380926343772728;18.015195101527148;0;2.849203916250265
530;3;530;0;47.85471684623992;18.142293250335197;18.015195101527148;0;2.849203916250265
531;3;531;0;191.44505257905004;9.504312187240082;18.015195101527148;1;2.849203916250265
532;3;532;0;113.51555196182629;16.937402780618466;18.015195101527148;0;2.849203916250265
533;3;533;0;132.22000853003152;11.962338786182663;18.015195101527148;1;2.849203916250265
534;3;534;0;20.35902112470541;22.188114178886103;18.015195101527148;0;2.849203916250265
535;3;535;0;77.68955171533958;18.47154317562451;18.015195101527148;0;2.849203916250265
536;3;536;0;18.703159148919728;20.76702391966861;18.015195101527148;0;2.849203916250265
537;3;537;0;26.138190616890352;20.981801783982956;18.015195101527148;0;2.849203916250265
538;3;538;0;132.6952207138938;9.051876085877753;18.015195101527148;1;2.849203916250265
539;3;539;0;22.20587204736555;19.743032431948105;18.015195101527148;0;2.849203916250265
540;3;540;0;33.371357060805266;22.224814076087117;18.015195101527148;0;2.849203916250265
541;3;541;0;56.32700294629988;19.16109604116077;18.015195101527148;0;2.849203916250265
542;3;542;0;247.4841185396541;10.623674187329396;18.015195101527148;1;2.849203916250265
543;3;543;0;207.8627960921255;11.846456539895557;18.015195101527148;1;2.849203916250265
544;3;544;0;213.05854814392194;9.854863988254118;18.015195101527148;1;2.849203916250265
545;3;545;0;92.41454145014183;12.471571242660877;18.015195101527148;1;2.849203916250265
546;3;546;0;78.6764037231942;15.573648803659601;18.015195101527148;0;2.849203916250265
547;3;547;1;0.0;;18.015195101527148;0;2.849203916250265
548;3;548;1;0.0;;18.015195101527148;0;2.849203916250265
549;3;549;0;97.7275963934004;15.165605035245811;18.015195101527148;1;2.849203916250265
550;3;550;0;37.09537192530075;21.856750158249124;18.015195101527148;0;2.849203916250265
551;3;551;0;66.27410248749572;15.391826098179308;18.015195101527148;0;2.849203916250265
552;3;552;0;87.91938004922525;15.344767802916994;18.015195101527148;1;2.849203916250265
553;3;553;0;39.89156461886631;19.215796534654736;18.015195101527148;0;2.849203916250265
554;3;554;0;29.47407575377659;18.064990068695398;18.015195101527148;1;2.849203916250265
555;3;555;0;76.38394005041432;18.397526996561574;18.015195101527148;0;2.849203916250265
556;3;556;0;80.12034716729205;17.68294939835546;18.015195101527148;1;2.849203916250265
557;3;557;0;68.99878551402492;18.069013621543235;18.015195101527148;0;2.849203916250265
558;3;558;0;187.1573378568587;11.265359728207793;18.015195101527148;1;2.849203916250265
559;3;559;0;121.66860515148142;16.68620563371017;18.015195101527148;0;2.849203916250265
560;3;560;0;28.95614071144437;20.619962234021443;18.015195101527148;0;2.849203916250265
561;3;561;1;0.0;;18.015195101527148;0;2.849203916250265
562;3;562;0;172.49071882451327;12.444692297409864;18.015195101527148;1;2.849203916250265
563;3;563;0;114.2664069358239;16.894099388473755;18.015195101527148;0;2.849203916250265
564;3;564;0;107.85737910012901;10.48863001307731;18.015195101527148;1;2.849203916250265
565;3;565;0;48.33403523061336;19.499230921784225;18.015195101527148;0;2.849203916250265
566;3;566;0;199.28500214133413;12.673169476959341;18.015195101527148;1;2.849203916250265
567;3;567;0;54.85134750415034;18.9212992508957;18.015195101527148;0;2.849203916250265
568;3;568;0;41.24987240280941;19.041382701634397;18.015195101527148;0;2.849203916250265
569;3;569;0;262.9240283008069;8.510674423916956;18.015195101527148;1;2.849203916250265
570;3;570;0;102.55232629736193;11.16982657592102;18.015195101527148;1;2.849203916250265
571;3;571;0;32.20925014696316;19.119901116493878;18.015195101527148;0;2.849203916250265
572;3;572;0;51.60754547205262;20.62606673112992;18.015195101527148;0;2.849203916250265
573;3;573;0;48.854192945004726;18.0649481196066;18.015195101527148;0;2.849203916250265
574;3;574;0;201.63813769493683;9.327707044292818;18.015195101527148;1;2.849203916250265
575;3;575;0;50.69702061521182;15.785540675976842;18.015195101527148;0;2.849203916250265
576;3;576;0;95.3621566454667;15.75096143957936;18.015195101527148;0;2.849203916250265
577;3;577;0;53.78885254953506;17.431311983194078;18.015195101527148;0;2.849203916250265
578;3;578;0;72.49036750374499;12.757955269531696;18.015195101527148;1;2.849203916250265
579;3;579;0;55.84531737457724;17.167251129794646;18.015195101527148;0;2.849203916250265
580;3;580;0;43.02744145768215;16.337146325384573;18.015195101527148;0;2.849203916250265
581;3;581;0;89.80694119631916;12.806400771454234;18.015195101527148;1;2.849203916250265
582;3;582;0;28.96054453449226;20.619396760078935;18.015195101527148;0;2.849203916250265
583;3;583;0;36.94325091335914;20.805892431743807;18.015195101527148;0;2.849203916250265
584;3;584;0;37.40671997347707;19.534863600444705;18.015195101527148;0;2.849203916250265
585;3;585;0;23.704716707510357;19.81728663556148;18.015195101527148;0;2.849203916250265
586;3;586;1;0.0;;18.015195101527148;0;2.849203916250265
587;3;587;0;30.128248200177545;19.72534797069715;18.015195101527148;0;2.849203916250265
588;3;588;0;44.70430927091405;17.342147434408332;18.015195101527148;0;2.849203916250265
589;3;589;0;16.135061680614644;21.138397012373535;18.015195101527148;0;2.849203916250265
590;3;590;0;34.57457819867759;19.898525436472653;18.015195101527148;0;2.849203916250265
591;3;591;0;59.84900084815974;19.63670039432672;18.015195101527148;0;2.849203916250265
592;3;592;0;47.4706007260054;16.880734760733933;18.015195101527148;0;2.849203916250265
593;3;593;0;87.8760980387221;18.436912414358375;18.015195101527148;0;2.849203916250265
594;3;594;0;114.49825396804076;9.635906901266416;18.015195101527148;1;2.849203916250265
595;3;595;0;91.67535420431932;14.102559080585578;18.015195101527148;1;2.849203916250265
596;3;596;0;94.8303321832731;17.65112175550641;18.015195101527148;0;2.849203916250265
597;3;597;0;107.61485018598152;17.4736019605107;18.015195101527148;0;2.849203916250265
598;3;598;0;51.0854959530466;18.96274356290753;18.015195101527148;0;2.849203916250265
599;3;599;0;58.74943405048635;16.794347339526144;18.015195101527148;0;2.849203916250265
600;3;600;0;102.4375710465153;7.043288583031361;18.015195101527148;1;2.849203916250265
601;3;601;0;99.74503346118466;9.608661688737369;18.015195101527148;1;2.849203916250265
602;3;602;0;48.33418098715866;14.796891787545194;18.015195101527148;1;2.849203916250265
603;3;603;1;0.0;;18.015195101527148;0;2.849203916250265
604;3;604;0;130.651393517177;12.672667946381896;18.015195101527148;1;2.849203916250265
605;3;605;1;0.0;;18.015195101527148;0;2.849203916250265
606;3;606;0;67.10998704602312;19.793425929122634;18.015195101527148;0;2.849203916250265
607;3;607;0;145.46890632476521;11.598055846541854;18.015195101527148;1;2.849203916250265
608;3;608;0;62.53118225484033;14.98969737788441;18.015195101527148;1;2.849203916250265
609;3;609;0;31.68952885080585;20.268980881964097;18.015195101527148;0;2.849203916250265
610;3;610;1;0.0;;18.015195101527148;0;2.849203916250265
611;3;611;0;81.66617709474622;13.851717515902182;18.015195101527148;1;2.849203916250265
612;3;612;0;72.74421653685204;14.997343976527533;18.015195101527148;0;2.849203916250265
613;3;613;0;116.3488777756935;9.398277112504983;18.015195101527148;1;2.849203916250265
614;3;614;0;194.25698343562505;11.724953456140573;18.015195101527148;1;2.849203916250265
615;3;615;0;52.66065905822761;14.905455457167086;18.015195101527148;0;2.849203916250265
616;3;616;0;104.00208744807557;10.352873606912317;18.015195101527148;1;2.849203916250265
617;3;617;0;40.012038891729425;17.556439539887265;18.015195101527148;0;2.849203916250265
618;3;618;0;102.16951728182828;13.490693484629864;18.015195101527148;1;2.849203916250265
619;3;619;0;162.13008221491629;8.8761502386606;18.015195101527148;1;2.849203916250265
620;3;620;0;20.018269914053953;22.088027373654516;18.015195101527148;0;2.849203916250265
621;3;621;0;116.69968303989427;17.609897498491062;18.015195101527148;0;2.849203916250265
622;3;622;0;93.62515796813983;12.316121741658376;18.015195101527148;1;2.849203916250265
623;3;623;0;61.229534194096274;18.697419503910123;18.015195101527148;0;2.849203916250265
624;3;624;1;0.0;;18.015195101527148;0;2.849203916250265
625;3;625;0;92.4349490208717;18.00679794054641;18.015195101527148;0;2.849203916250265
626;3;626;0;37.1361510320936;19.56960606950864;18.015195101527148;0;2.849203916250265
627;3;627;0;26.611055794947767;20.92108341868918;18.015195101527148;0;2.849203916250265
628;3;628;0;73.97188312104635;14.839705157732924;18.015195101527148;1;2.849203916250265
629;3;629;0;103.57835488872624;11.038079131399416;18.015195101527148;1;2.849203916250265
630;3;630;0;82.63315215781292;10.832526051431277;18.015195101527148;1;2.849203916250265
631;3;631;0;41.063120665463;19.32456044475084;18.015195101527148;0;2.849203916250265
632;3;632;0;46.20651360271495;16.67847743933047;18.015195101527148;0;2.849203916250265
633;3;633;0;78.4624265400584;16.118926034323028;18.015195101527148;0;2.849203916250265
634;3;634;1;0.0;;18.015195101527148;0;2.849203916250265
635;3;635;0;51.66561262010238;16.02319303619571;18.015195101527148;1;2.849203916250265
636;3;636;0;69.3923982911925;16.171678020566418;18.015195101527148;0;2.849203916250265
637;3;637;0;74.5505941360143;15.085143430898206;18.015195101527148;0;2.849203916250265
638;3;638;0;37.875406218293904;21.619518444750938;18.015195101527148;0;2.849203916250265
639;3;639;0;50.425709444381006;17.863157170934247;18.015195101527148;0;2.849203916250265
640;3;640;0;47.41391010886489;18.249887978638636;18.015195101527148;0;2.849203916250265
641;3;641;1;0.0;;18.015195101527148;0;2.849203916250265
642;3;642;0;63.99532856824177;16.12074701029441;18.015195101527148;0;2.849203916250265
643;3;643;0;65.89670409380088;15.477945243269065;18.015195101527148;0;2.849203916250265
644;3;644;0;69.14902231965658;15.458985742323291;18.015195101527148;0;2.849203916250265
645;3;645;0;57.52106295048489;16.952076621839996;18.015195101527148;0;2.849203916250265
646;3;646;0;54.23327708946142;17.186593597772536;18.015195101527148;0;2.849203916250265
647;3;647;1;0.0;;18.015195101527148;0;2.849203916250265
648;3;648;1;0.0;;18.015195101527148;0;2.849203916250265
649;3;649;0;85.98447126928914;13.297225928653074;18.015195101527148;1;2.849203916250265
650;3;650;0;40.614896465459196;16.442395868838762;18.015195101527148;0;2.849203916250265
651;3;651;0;74.6797173155152;18.085579670872313;18.015195101527148;0;2.849203916250265
652;3;652;0;152.83971715169983;6.958566096976005;18.015195101527148;1;2.849203916250265
653;3;653;0;30.07210656439746;19.592379590596156;18.015195101527148;0;2.849203916250265
654;3;654;0;60.04969729843782;16.627386728910817;18.015195101527148;1;2.849203916250265
655;3;655;0;101.99159137562148;11.241827876484285;18.015195101527148;1;2.849203916250265
656;3;656;0;45.75395106798153;18.127297730615552;18.015195101527148;0;2.849203916250265
657;3;657;0;156.72125724543457;10.246543024238763;18.015195101527148;1;2.849203916250265
658;3;658;0;77.78553806621854;18.17142780707594;18.015195101527148;0;2.849203916250265
659;3;659;0;63.69454366178743;14.437460998223083;18.015195101527148;0;2.849203916250265
660;3;660;0;180.58452424887562;9.571739455854713;18.015195101527148;1;2.849203916250265
661;3;661;0;122.67116619811375;12.765200318764158;18.015195101527148;1;2.849203916250265
662;3;662;0;54.19301385119484;17.379415555437227;18.015195101527148;0;2.849203916250265
663;3;663;0;130.65453095403547;13.543209784537265;18.015195101527148;1;2.849203916250265
664;3;664;0;37.99591753449175;19.459207547937602;18.015195101527148;0;2.849203916250265
665;3;665;0;214.66365189074875;9.046039655139557;18.015195101527148;1;2.849203916250265
