simulated_sales_data.csv.csv
;global_id;date_placed;offer_dummy;sales;price;avg_price;promo_dummy;elasticity
666;3;666;0;97.78178721508033;11.782388777765043;18.015195101527148;1;2.849203916250265
667;3;667;0;90.72876778529258;17.593407362045035;18.015195101527148;0;2.849203916250265
668;3;668;0;65.25226614112202;18.672933072472723;18.015195101527148;0;2.849203916250265
669;3;669;0;35.50810953383232;17.59499843180776;18.015195101527148;0;2.849203916250265
670;3;670;0;126.4922139015643;14.902515591292246;18.015195101527148;1;2.849203916250265
671;3;671;0;38.26322779692242;19.02571778220895;18.015195101527148;0;2.849203916250265
672;3;672;0;51.24283068327137;17.758234524534124;18.015195101527148;0;2.849203916250265
673;3;673;0;67.90860254855018;15.618262137106832;18.015195101527148;1;2.849203916250265
674;3;674;0;44.7240279886671;19.343630120407603;18.015195101527148;0;2.849203916250265
675;3;675;0;50.24195401560065;15.582514759290259;18.015195101527148;0;2.849203916250265
676;3;676;0;79.85513023621198;14.084265417129279;18.015195101527148;0;2.849203916250265
677;3;677;0;57.37338047958433;16.116840128634333;18.015195101527148;1;2.849203916250265
678;3;678;0;27.945185929533096;20.01943368355011;18.015195101527148;0;2.849203916250265
679;3;679;0;36.70447186360586;17.632789350219355;18.015195101527148;1;2.849203916250265
680;3;680;0;113.94548592818856;9.706885212472057;18.015195101527148;1;2.849203916250265
681;3;681;0;121.03133498281045;8.79702508472364;18.015195101527148;1;2.849203916250265
682;3;682;0;30.48806309433376;21.33468335468328;18.015195101527148;0;2.849203916250265
683;3;683;1;0.0;;18.015195101527148;0;2.849203916250265
684;3;684;0;90.54972538121463;16.762250471856863;18.015195101527148;1;2.849203916250265
685;3;685;0;67.88102730384607;15.621802942940512;18.015195101527148;0;2.849203916250265
686;3;686;0;56.89415784034957;19.503750685412886;18.015195101527148;0;2.849203916250265
687;3;687;0;91.14693898135926;17.227301082304425;18.015195101527148;1;2.849203916250265
688;3;688;0;91.59999476707534;17.854184770551225;18.015195101527148;0;2.849203916250265
689;3;689;0;19.359397973354337;21.36662020648442;18.015195101527148;0;2.849203916250265
690;3;690;0;138.97085101203248;10.885367428244408;18.015195101527148;1;2.849203916250265
691;3;691;0;118.57150738195278;13.680569711342429;18.015195101527148;1;2.849203916250265
692;3;692;0;166.45739605082724;8.9661804645012;18.015195101527148;1;2.849203916250265
693;3;693;0;88.1813389290837;19.059875165377495;18.015195101527148;0;2.849203916250265
694;3;694;0;47.98552541266092;20.787982880384416;18.015195101527148;0;2.849203916250265
695;3;695;0;40.103271470521136;16.375498423654705;18.015195101527148;0;2.849203916250265
696;3;696;0;59.21650768564778;15.226282508452714;18.015195101527148;1;2.849203916250265
697;3;697;0;102.84875119091897;11.131764067188392;18.015195101527148;1;2.849203916250265
698;3;698;0;80.14926042552251;15.917133481964864;18.015195101527148;0;2.849203916250265
699;3;699;0;189.4706589676917;9.415844406395408;18.015195101527148;1;2.849203916250265
700;3;700;0;86.55633669004868;19.311329639468806;18.015195101527148;0;2.849203916250265
701;3;701;1;0.0;;18.015195101527148;0;2.849203916250265
702;3;702;0;25.50845143458972;19.836191391465793;18.015195101527148;0;2.849203916250265
703;3;703;0;37.343641732163505;17.87417902168004;18.015195101527148;0;2.849203916250265
704;3;704;0;56.84525065320581;17.038854460091464;18.015195101527148;0;2.849203916250265
705;3;705;0;53.497339402609505;17.46874379793603;18.015195101527148;0;2.849203916250265
706;3;706;0;32.556974481607035;20.379021487369382;18.015195101527148;0;2.849203916250265
707;3;707;0;116.99922239302816;14.393705514020574;18.015195101527148;1;2.849203916250265
708;3;708;0;96.70963104106525;11.920059245472695;18.015195101527148;1;2.849203916250265
709;3;709;0;30.59078227270182;19.925454273333546;18.015195101527148;0;2.849203916250265
710;3;710;0;66.4038984472526;20.638553551222756;18.015195101527148;0;2.849203916250265
711;3;711;0;62.96499387760979;19.935625643874047;18.015195101527148;0;2.849203916250265
712;3;712;0;78.86269449269919;9.379437753387048;18.015195101527148;1;2.849203916250265
713;3;713;0;215.76211106712506;12.017625683435499;18.015195101527148;1;2.849203916250265
714;3;714;0;152.61651622316987;13.28448395072723;18.015195101527148;1;2.849203916250265
715;3;715;0;63.16211483315321;19.781052825484227;18.015195101527148;0;2.849203916250265
716;3;716;0;62.309526559455534;17.382548730458907;18.015195101527148;0;2.849203916250265
717;3;717;0;107.70417486649511;14.192439858455515;18.015195101527148;1;2.849203916250265
718;3;718;0;26.97055312285568;18.858622195410387;18.015195101527148;0;2.849203916250265
719;3;719;0;108.6185644622257;12.022577384410663;18.015195101527148;1;2.849203916250265
720;3;720;0;92.78656603900174;16.93380571553256;18.015195101527148;0;2.849203916250265
721;3;721;0;66.12023058282534;16.748348301280323;18.015195101527148;0;2.849203916250265
722;3;722;0;83.91894098882173;12.561684108639016;18.015195101527148;1;2.849203916250265
723;3;723;0;78.52865117864519;18.921709372759093;18.015195101527148;0;2.849203916250265
724;3;724;0;62.824279343588984;16.271115863614433;18.015195101527148;0;2.849203916250265
725;3;725;0;48.06091151315422;16.711414995113913;18.015195101527148;0;2.849203916250265
726;3;726;0;35.29065377023354;17.800827913958855;18.015195101527148;0;2.849203916250265
727;3;727;0;170.50531327800115;6.618958718696632;18.015195101527148;1;2.849203916250265
728;3;728;0;44.457601526790874;18.21116403895505;18.015195101527148;0;2.849203916250265
729;3;729;0;135.2012733403617;12.932241595509355;18.015195101527148;1;2.849203916250265
730;3;730;0;195.48861584530005;6.227243147390825;18.015195101527148;1;2.849203916250265
731;3;731;1;0.0;;18.015195101527148;0;2.849203916250265
732;3;732;0;53.03410088784995;17.528226049246786;18.015195101527148;0;2.849203916250265
733;3;733;0;95.5453123791869;17.652276252042416;18.015195101527148;0;2.849203916250265
734;3;734;0;30.97686566933874;18.994133697084667;18.015195101527148;0;2.849203916250265
735;3;735;0;117.41060482241645;17.459801873891355;18.015195101527148;0;2.849203916250265
736;3;736;0;43.863492726303726;17.611251286893648;18.015195101527148;1;2.849203916250265
737;3;737;0;147.17366720339567;14.479992121775116;18.015195101527148;0;2.849203916250265
738;3;738;0;80.83373293113564;13.958607706083711;18.015195101527148;1;2.849203916250265
739;3;739;1;0.0;;18.015195101527148;0;2.849203916250265
740;3;740;0;91.44052529878583;7.6246827494309874;18.015195101527148;1;2.849203916250265
741;3;741;0;71.76452098003398;9.78883435843774;18.015195101527148;1;2.849203916250265
742;3;742;0;255.3914666924512;9.694443600570722;18.015195101527148;1;2.849203916250265
743;3;743;0;101.10260280713985;11.355978664378645;18.015195101527148;1;2.849203916250265
744;3;744;0;142.36453502859933;14.916664893359865;18.015195101527148;1;2.849203916250265
745;3;745;0;187.4929486560763;12.215611267055714;18.015195101527148;1;2.849203916250265
746;3;746;0;41.30068811458112;16.996668397017235;18.015195101527148;0;2.849203916250265
747;3;747;0;124.35336649750073;8.370458840503568;18.015195101527148;1;2.849203916250265
748;3;748;0;29.965798092239325;19.497274170290826;18.015195101527148;0;2.849203916250265
749;3;749;0;107.14597963405404;10.579977430174903;18.015195101527148;1;2.849203916250265
750;3;750;0;122.3539435270681;17.335893822066282;18.015195101527148;0;2.849203916250265
751;3;751;0;39.72267680708922;19.237482614165337;18.015195101527148;0;2.849203916250265
752;3;752;0;34.97435799615644;17.817544757464738;18.015195101527148;0;2.849203916250265
753;3;753;1;0.0;;18.015195101527148;0;2.849203916250265
754;3;754;0;81.22853884679215;17.764576005231447;18.015195101527148;0;2.849203916250265
755;3;755;0;53.16024847900023;14.547506993171323;18.015195101527148;1;2.849203916250265
756;3;756;1;0.0;;18.015195101527148;0;2.849203916250265
757;3;757;0;144.90680966485473;15.856763267211605;18.015195101527148;0;2.849203916250265
758;3;758;0;77.56014581308914;16.921672342996814;18.015195101527148;0;2.849203916250265
759;3;759;0;68.72569887304488;14.956487468291947;18.015195101527148;1;2.849203916250265
760;3;760;0;37.15661420129898;19.566978491415483;18.015195101527148;0;2.849203916250265
761;3;761;1;0.0;;18.015195101527148;0;2.849203916250265
762;3;762;1;0.0;;18.015195101527148;0;2.849203916250265
763;3;763;0;122.07294076762778;9.036265653843994;18.015195101527148;1;2.849203916250265
764;3;764;0;227.545750110517;9.39786848539964;18.015195101527148;1;2.849203916250265
765;3;765;0;79.53575376384518;13.692609094440991;18.015195101527148;1;2.849203916250265
766;3;766;0;108.69622114355728;15.91816866018836;18.015195101527148;1;2.849203916250265
767;3;767;0;51.95162204063595;17.667222002253812;18.015195101527148;0;2.849203916250265
768;3;768;0;21.879727738590503;20.447644616947812;18.015195101527148;0;2.849203916250265
769;3;769;0;43.8511346350355;20.514633598150084;18.015195101527148;0;2.849203916250265
770;3;770;1;0.0;;18.015195101527148;0;2.849203916250265
771;3;771;0;55.9136931684288;17.15847131977483;18.015195101527148;0;2.849203916250265
772;3;772;0;200.5118240270513;11.620545130824844;18.015195101527148;1;2.849203916250265
773;3;773;0;149.05496122210982;13.786388791004047;18.015195101527148;1;2.849203916250265
774;3;774;0;86.07837694548377;15.209562392115604;18.015195101527148;1;2.849203916250265
775;3;775;0;109.60017734032436;12.57579578066562;18.015195101527148;1;2.849203916250265
776;3;776;0;99.38469411421832;18.194650075282368;18.015195101527148;0;2.849203916250265
777;3;777;0;153.07345957175679;13.384553806971855;18.015195101527148;1;2.849203916250265
778;3;778;0;80.51107772040682;16.39806725506334;18.015195101527148;1;2.849203916250265
779;3;779;0;51.70344365636708;16.342793792279725;18.015195101527148;1;2.849203916250265
780;3;780;0;47.501605152517094;17.27052235083169;18.015195101527148;0;2.849203916250265
781;3;781;0;77.58213581657532;13.075134700727359;18.015195101527148;1;2.849203916250265
782;3;782;0;100.5315985794457;17.067982111493755;18.015195101527148;0;2.849203916250265
783;3;783;0;133.86586347555283;9.620413198253296;18.015195101527148;1;2.849203916250265
784;3;784;0;60.04801850491576;15.30738682987236;18.015195101527148;0;2.849203916250265
785;3;785;0;69.64844982564175;15.08806710846248;18.015195101527148;0;2.849203916250265
786;3;786;1;0.0;;18.015195101527148;0;2.849203916250265
787;3;787;0;72.77673408068907;14.993168553601988;18.015195101527148;0;2.849203916250265
788;3;788;0;94.63799546593143;17.350398840761418;18.015195101527148;0;2.849203916250265
789;3;789;0;117.95651064014524;16.56909658448183;18.015195101527148;1;2.849203916250265
790;3;790;0;94.45493575077509;18.392154184136327;18.015195101527148;0;2.849203916250265
791;3;791;0;64.28545805056899;16.08349286533324;18.015195101527148;0;2.849203916250265
792;3;792;0;32.23693130982095;18.863975350019;18.015195101527148;0;2.849203916250265
793;3;793;0;283.54609358083337;7.468630600722164;18.015195101527148;1;2.849203916250265
794;3;794;0;50.94906773506722;17.742793011158803;18.015195101527148;0;2.849203916250265
795;3;795;0;143.56918786617678;7.07606996881486;18.015195101527148;1;2.849203916250265
796;3;796;0;96.38726544382388;10.035506333276851;18.015195101527148;1;2.849203916250265
797;3;797;0;27.5069588491521;18.990557735753207;18.015195101527148;0;2.849203916250265
798;3;798;0;40.5172566398401;19.135454402364598;18.015195101527148;0;2.849203916250265
799;3;799;0;25.43988262903569;21.071468186715986;18.015195101527148;0;2.849203916250265
800;3;800;0;148.14469729198484;15.222287019449624;18.015195101527148;1;2.849203916250265
801;3;801;0;128.58796859864674;7.826713753780431;18.015195101527148;1;2.849203916250265
802;3;802;0;43.63269938823592;18.20385399223375;18.015195101527148;0;2.849203916250265
803;3;803;0;80.22415496796859;8.600409133633491;18.015195101527148;1;2.849203916250265
804;3;804;0;148.78537817113917;8.23026931488654;18.015195101527148;1;2.849203916250265
805;3;805;0;84.09453618809351;10.554852911757267;18.015195101527148;1;2.849203916250265
806;3;806;0;104.59468364330937;10.907577196719302;18.015195101527148;1;2.849203916250265
807;3;807;1;0.0;;18.015195101527148;0;2.849203916250265
808;3;808;0;196.11389516160295;12.948965597957734;18.015195101527148;1;2.849203916250265
809;3;809;0;66.50741097175239;15.798182473715425;18.015195101527148;0;2.849203916250265
810;3;810;1;0.0;;18.015195101527148;0;2.849203916250265
811;3;811;0;187.74736384262042;11.173733690669819;18.015195101527148;1;2.849203916250265
812;3;812;0;115.96994333896737;15.202180056984673;18.015195101527148;0;2.849203916250265
813;3;813;0;59.00284955675652;16.76180746136461;18.015195101527148;0;2.849203916250265
814;3;814;0;109.43041705887269;10.286643701054183;18.015195101527148;1;2.849203916250265
815;3;815;0;56.628578127160736;15.556373019826733;18.015195101527148;0;2.849203916250265
816;3;816;0;39.90560362380888;18.088093357444308;18.015195101527148;0;2.849203916250265
817;3;817;0;147.53715200358812;13.796511849542444;18.015195101527148;1;2.849203916250265
818;3;818;0;58.14648253502139;19.388645649455214;18.015195101527148;0;2.849203916250265
819;3;819;0;113.70341807548736;12.167442832593373;18.015195101527148;1;2.849203916250265
820;3;820;0;27.15481876483924;21.15906426059746;18.015195101527148;0;2.849203916250265
821;3;821;0;179.29956758919036;11.434853873190937;18.015195101527148;1;2.849203916250265
822;3;822;0;79.01582062680464;14.19203716650598;18.015195101527148;0;2.849203916250265
823;3;823;0;240.56525676218135;6.580223526238506;18.015195101527148;1;2.849203916250265
824;3;824;0;50.70818281787312;18.148683538302294;18.015195101527148;0;2.849203916250265
825;3;825;0;38.720496352782746;19.366167832994194;18.015195101527148;0;2.849203916250265
826;3;826;0;32.46668167296337;18.224968939516426;18.015195101527148;0;2.849203916250265
827;3;827;0;103.48488125276566;16.693409534147555;18.015195101527148;0;2.849203916250265
828;3;828;0;77.6363538530895;15.090791288799027;18.015195101527148;1;2.849203916250265
829;3;829;0;67.54478987882979;19.735738921969798;18.015195101527148;0;2.849203916250265
830;3;830;0;90.78466119172205;9.27161000996031;18.015195101527148;1;2.849203916250265
831;3;831;0;77.96049723780601;16.915315228263136;18.015195101527148;0;2.849203916250265
832;3;832;0;56.67226606889628;18.400171015711187;18.015195101527148;0;2.849203916250265
833;3;833;0;110.95952065285154;10.090298791554497;18.015195101527148;1;2.849203916250265
834;3;834;0;141.4676715258986;12.140938820706912;18.015195101527148;1;2.849203916250265
835;3;835;0;75.48487429811296;17.861481367915452;18.015195101527148;0;2.849203916250265
836;3;836;0;126.45344530064492;12.220554053143582;18.015195101527148;1;2.849203916250265
837;3;837;1;0.0;;18.015195101527148;0;2.849203916250265
838;3;838;0;72.42336702174896;13.981002169204121;18.015195101527148;1;2.849203916250265
839;3;839;0;83.97958566020367;18.333458299528054;18.015195101527148;0;2.849203916250265
840;3;840;0;133.03189911110297;8.936081035348794;18.015195101527148;1;2.849203916250265
841;3;841;1;0.0;;18.015195101527148;0;2.849203916250265
842;3;842;0;83.40920421980192;13.627903704678289;18.015195101527148;1;2.849203916250265
843;3;843;0;79.64808840888259;14.110850672052303;18.015195101527148;1;2.849203916250265
844;3;844;0;44.352430673695864;18.64299797131695;18.015195101527148;0;2.849203916250265
845;3;845;0;37.85853283195013;19.149290107075192;18.015195101527148;0;2.849203916250265
846;3;846;0;60.48546146260116;16.571432328101896;18.015195101527148;1;2.849203916250265
847;3;847;0;76.42990526917032;18.931367016463533;18.015195101527148;0;2.849203916250265
848;3;848;0;57.189543314783464;20.26978459083307;18.015195101527148;0;2.849203916250265
849;3;849;0;83.16270893521096;19.047079072993654;18.015195101527148;0;2.849203916250265
0;4;0;0;88.58166224453136;17.21117201745683;23.074199739093615;1;2.6492104274187342
1;4;1;0;66.02438952310767;20.944278872595998;23.074199739093615;1;2.6492104274187342
2;4;2;1;0.0;;23.074199739093615;0;2.6492104274187342
3;4;3;0;48.91784645991315;23.729061256311223;23.074199739093615;0;2.6492104274187342
4;4;4;0;59.37839679531214;22.04818256866157;23.074199739093615;0;2.6492104274187342
5;4;5;0;125.26156972852814;11.229877123045899;23.074199739093615;1;2.6492104274187342
6;4;6;0;134.49557637616138;9.721920744659139;23.074199739093615;1;2.6492104274187342
7;4;7;0;59.339347477622205;22.012672270341348;23.074199739093615;0;2.6492104274187342
8;4;8;0;108.87797762259825;13.93208496919578;23.074199739093615;1;2.6492104274187342
9;4;9;0;52.88537628672219;23.112797405440144;23.074199739093615;0;2.6492104274187342
10;4;10;0;78.97766563536692;21.07222048118143;23.074199739093615;1;2.6492104274187342
11;4;11;0;133.41146980748388;10.979192439509156;23.074199739093615;1;2.6492104274187342
12;4;12;0;57.06612146220144;22.42731006765685;23.074199739093615;0;2.6492104274187342
13;4;13;0;56.938314584826145;24.45081912882338;23.074199739093615;0;2.6492104274187342
14;4;14;0;91.55856060593837;20.293361182472026;23.074199739093615;0;2.6492104274187342
15;4;15;0;60.720388795128514;22.605066520616163;23.074199739093615;0;2.6492104274187342
16;4;16;1;0.0;;23.074199739093615;0;2.6492104274187342
17;4;17;0;117.82730200605299;16.726477450571743;23.074199739093615;1;2.6492104274187342
18;4;18;0;76.35761894444177;22.583596712235803;23.074199739093615;0;2.6492104274187342
19;4;19;0;118.53334771669648;12.348961946071771;23.074199739093615;1;2.6492104274187342
20;4;20;0;56.16062941484358;22.575777220490707;23.074199739093615;0;2.6492104274187342
21;4;21;0;51.928653798684536;23.242635086218375;23.074199739093615;0;2.6492104274187342
22;4;22;0;94.24819674204328;18.56767464753251;23.074199739093615;1;2.6492104274187342
23;4;23;1;0.0;;23.074199739093615;0;2.6492104274187342
24;4;24;0;77.25856567286814;19.06332000617538;23.074199739093615;0;2.6492104274187342
25;4;25;0;82.15143936877746;18.314247188320945;23.074199739093615;1;2.6492104274187342
