simulated_sales_data.csv.csv
;global_id;date_placed;offer_dummy;sales;price;avg_price;promo_dummy;elasticity
26;4;26;0;53.60671670510961;22.974818095464652;23.074199739093615;0;2.6492104274187342
27;4;27;0;57.28789664534814;22.380924249992756;23.074199739093615;0;2.6492104274187342
28;4;28;0;59.22637898571272;22.05428329197961;23.074199739093615;0;2.6492104274187342
29;4;29;0;100.35169509746791;15.3300794567861;23.074199739093615;1;2.6492104274187342
30;4;30;0;53.063076905599125;23.05801059428437;23.074199739093615;0;2.6492104274187342
31;4;31;0;79.94055119789925;20.76538152477958;23.074199739093615;1;2.6492104274187342
32;4;32;0;74.83912215317599;21.355285533646352;23.074199739093615;0;2.6492104274187342
33;4;33;0;110.40567371470115;16.808833631472616;23.074199739093615;1;2.6492104274187342
34;4;34;0;116.6389839710451;12.618743523231965;23.074199739093615;1;2.6492104274187342
35;4;35;0;54.58498167610065;22.7968118765826;23.074199739093615;0;2.6492104274187342
36;4;36;1;0.0;;23.074199739093615;0;2.6492104274187342
37;4;37;0;101.91431369026739;14.988933236628553;23.074199739093615;1;2.6492104274187342
38;4;38;1;0.0;;23.074199739093615;0;2.6492104274187342
39;4;39;0;53.64643289056526;22.949264607598575;23.074199739093615;0;2.6492104274187342
40;4;40;0;145.93012890562682;12.62114614091444;23.074199739093615;1;2.6492104274187342
41;4;41;0;52.21906751349316;23.222047361591816;23.074199739093615;0;2.6492104274187342
42;4;42;0;58.18610415702924;22.24367439420233;23.074199739093615;0;2.6492104274187342
43;4;43;1;0.0;;23.074199739093615;0;2.6492104274187342
44;4;44;0;78.00960349289603;18.955696375899347;23.074199739093615;1;2.6492104274187342
45;4;45;0;51.842780964024;24.780926746254686;23.074199739093615;0;2.6492104274187342
46;4;46;1;0.0;;23.074199739093615;0;2.6492104274187342
47;4;47;0;39.802664124449834;25.247956560904953;23.074199739093615;0;2.6492104274187342
48;4;48;0;42.19735004288685;25.20600482253702;23.074199739093615;0;2.6492104274187342
49;4;49;1;0.0;;23.074199739093615;0;2.6492104274187342
50;4;50;0;72.47609154982958;19.870035401467018;23.074199739093615;0;2.6492104274187342
51;4;51;0;68.28672623141782;20.961438835831018;23.074199739093615;1;2.6492104274187342
52;4;52;0;101.94441435041394;15.012910534694223;23.074199739093615;1;2.6492104274187342
53;4;53;0;62.435387451361606;21.519500680249156;23.074199739093615;0;2.6492104274187342
54;4;54;0;70.14768820995099;20.223319853686657;23.074199739093615;0;2.6492104274187342
55;4;55;1;0.0;;23.074199739093615;0;2.6492104274187342
56;4;56;0;171.17442654139055;10.240312835003621;23.074199739093615;1;2.6492104274187342
57;4;57;0;78.17508806894095;21.81863731251159;23.074199739093615;0;2.6492104274187342
58;4;58;0;130.38482399550983;15.289415626020038;23.074199739093615;1;2.6492104274187342
59;4;59;0;99.27752685359057;15.48747542258006;23.074199739093615;1;2.6492104274187342
60;4;60;0;61.13232672992742;23.06228015077666;23.074199739093615;0;2.6492104274187342
61;4;61;0;56.800940512187616;24.581077793413197;23.074199739093615;0;2.6492104274187342
62;4;62;0;55.26880801620331;24.01165238630958;23.074199739093615;0;2.6492104274187342
63;4;63;0;107.92249469678028;18.69461092800427;23.074199739093615;1;2.6492104274187342
64;4;64;0;66.28293233546655;23.3596532046156;23.074199739093615;0;2.6492104274187342
65;4;65;0;60.16185844160809;23.369985575730254;23.074199739093615;0;2.6492104274187342
66;4;66;0;83.35376316581677;21.17825072657414;23.074199739093615;0;2.6492104274187342
67;4;67;0;50.87342272060314;25.58465022608575;23.074199739093615;0;2.6492104274187342
68;4;68;0;63.47663945179574;21.37622258778069;23.074199739093615;0;2.6492104274187342
69;4;69;0;38.70867756224252;25.410259693200967;23.074199739093615;0;2.6492104274187342
70;4;70;0;115.82169733462217;12.793572158698304;23.074199739093615;1;2.6492104274187342
71;4;71;0;57.2368962305824;23.846798883531523;23.074199739093615;0;2.6492104274187342
72;4;72;0;47.217994989896674;24.042037996363845;23.074199739093615;0;2.6492104274187342
73;4;73;0;145.40930151302038;13.87299750204863;23.074199739093615;1;2.6492104274187342
74;4;74;0;91.51588192005677;20.090202180645196;23.074199739093615;1;2.6492104274187342
75;4;75;0;60.90705364354696;21.78639074765064;23.074199739093615;0;2.6492104274187342
76;4;76;0;54.6355693824002;22.8091680433279;23.074199739093615;0;2.6492104274187342
77;4;77;0;60.49200686449305;22.474545955920988;23.074199739093615;0;2.6492104274187342
78;4;78;0;62.871101044013336;21.45418062898664;23.074199739093615;0;2.6492104274187342
79;4;79;0;50.77943832123913;23.86046821920391;23.074199739093615;0;2.6492104274187342
80;4;80;0;75.04799567483929;19.9532732026266;23.074199739093615;1;2.6492104274187342
81;4;81;0;165.290594015839;11.298552156057498;23.074199739093615;1;2.6492104274187342
82;4;82;0;76.19741702247751;19.27009022863008;23.074199739093615;1;2.6492104274187342
83;4;83;0;142.14379024761726;10.931321898373977;23.074199739093615;1;2.6492104274187342
84;4;84;0;118.03857269918518;12.329125660136217;23.074199739093615;1;2.6492104274187342
85;4;85;0;59.44855535905806;21.999560339565235;23.074199739093615;0;2.6492104274187342
86;4;86;0;71.41954670973244;20.07388003353054;23.074199739093615;0;2.6492104274187342
87;4;87;0;47.915262744063035;23.927711914179024;23.074199739093615;0;2.6492104274187342
88;4;88;0;42.29274256630169;24.84959694340582;23.074199739093615;0;2.6492104274187342
89;4;89;0;43.174543774849816;24.705014210536326;23.074199739093615;0;2.6492104274187342
90;4;90;0;57.34322818166128;22.338253081939865;23.074199739093615;0;2.6492104274187342
91;4;91;0;144.02605259436285;13.450380958219629;23.074199739093615;1;2.6492104274187342
92;4;92;0;94.18286525127259;16.282232638681553;23.074199739093615;1;2.6492104274187342
93;4;93;0;56.05228464208857;23.932479783086755;23.074199739093615;0;2.6492104274187342
94;4;94;0;62.04864500407853;23.030715712864332;23.074199739093615;0;2.6492104274187342
95;4;95;1;0.0;;23.074199739093615;0;2.6492104274187342
96;4;96;0;75.09545314289579;22.71932991140035;23.074199739093615;1;2.6492104274187342
97;4;97;0;55.59799332311839;24.354663094608846;23.074199739093615;0;2.6492104274187342
98;4;98;0;46.40066363972724;24.171416313573314;23.074199739093615;0;2.6492104274187342
99;4;99;0;117.54660865041576;12.510750600304688;23.074199739093615;1;2.6492104274187342
100;4;100;0;45.15607858346578;24.361182732842813;23.074199739093615;0;2.6492104274187342
101;4;101;1;0.0;;23.074199739093615;0;2.6492104274187342
102;4;102;1;0.0;;23.074199739093615;0;2.6492104274187342
103;4;103;0;47.394373186340786;23.988094501646664;23.074199739093615;0;2.6492104274187342
104;4;104;0;79.74499472784011;18.66226584316521;23.074199739093615;1;2.6492104274187342
105;4;105;0;67.97976141405894;23.382101915527013;23.074199739093615;0;2.6492104274187342
106;4;106;0;129.52438855998759;10.517473038053552;23.074199739093615;1;2.6492104274187342
107;4;107;0;66.01371955356773;20.954084082697598;23.074199739093615;0;2.6492104274187342
108;4;108;0;51.034087995548006;23.41634010630349;23.074199739093615;0;2.6492104274187342
109;4;109;0;134.84474845015473;14.927235200303743;23.074199739093615;1;2.6492104274187342
110;4;110;0;109.1800700463019;13.882553002381902;23.074199739093615;1;2.6492104274187342
111;4;111;1;0.0;;23.074199739093615;0;2.6492104274187342
112;4;112;0;39.97485471762215;25.774801734353986;23.074199739093615;0;2.6492104274187342
113;4;113;0;53.147386388180514;23.069837454670026;23.074199739093615;0;2.6492104274187342
114;4;114;0;135.31703679437152;13.287903839538593;23.074199739093615;1;2.6492104274187342
115;4;115;0;40.97414772935675;26.62544217069291;23.074199739093615;0;2.6492104274187342
116;4;116;0;58.71585535030537;22.15681482254122;23.074199739093615;1;2.6492104274187342
117;4;117;0;82.36961186416536;20.214478745629492;23.074199739093615;1;2.6492104274187342
118;4;118;0;56.238890622381525;22.86495939382737;23.074199739093615;0;2.6492104274187342
119;4;119;0;158.8316223294173;12.378913321441269;23.074199739093615;1;2.6492104274187342
120;4;120;0;181.06237154592947;9.027788229325708;23.074199739093615;1;2.6492104274187342
121;4;121;0;64.45444854910447;21.19871886384331;23.074199739093615;0;2.6492104274187342
122;4;122;0;54.341614475958465;22.860102230503752;23.074199739093615;0;2.6492104274187342
123;4;123;0;95.92767895379289;16.045921830608517;23.074199739093615;1;2.6492104274187342
124;4;124;0;80.56369047165082;18.54817778730573;23.074199739093615;1;2.6492104274187342
125;4;125;0;51.63920890761042;23.81768386994804;23.074199739093615;0;2.6492104274187342
126;4;126;0;57.4508706511323;23.015480421243147;23.074199739093615;0;2.6492104274187342
127;4;127;0;144.43771713552835;14.278979681109055;23.074199739093615;1;2.6492104274187342
128;4;128;0;53.30830744618537;23.038744599350345;23.074199739093615;0;2.6492104274187342
129;4;129;0;66.11727003571946;22.465047169694817;23.074199739093615;0;2.6492104274187342
130;4;130;0;90.45297328034817;20.932933110734474;23.074199739093615;0;2.6492104274187342
131;4;131;0;139.19777688153664;8.923745171728777;23.074199739093615;1;2.6492104274187342
132;4;132;0;81.58805161178029;18.39909933036887;23.074199739093615;1;2.6492104274187342
133;4;133;0;88.39855669799947;17.276991838205653;23.074199739093615;1;2.6492104274187342
134;4;134;0;75.77707894816717;22.06678449517132;23.074199739093615;0;2.6492104274187342
135;4;135;0;99.63840410899653;15.447032755834282;23.074199739093615;1;2.6492104274187342
136;4;136;0;134.7291919251367;12.721777572055414;23.074199739093615;1;2.6492104274187342
137;4;137;0;137.90502431488747;9.172724585905312;23.074199739093615;1;2.6492104274187342
138;4;138;0;131.68614357478066;10.192390655851549;23.074199739093615;1;2.6492104274187342
139;4;139;0;64.8531799502967;21.113167357896533;23.074199739093615;1;2.6492104274187342
140;4;140;0;116.17570744719845;14.069632084276918;23.074199739093615;1;2.6492104274187342
141;4;141;0;90.53751819624624;16.939240913459084;23.074199739093615;1;2.6492104274187342
142;4;142;1;0.0;;23.074199739093615;0;2.6492104274187342
143;4;143;0;47.15731540601875;24.051987200312997;23.074199739093615;0;2.6492104274187342
144;4;144;0;102.31349515799906;17.87574644841107;23.074199739093615;1;2.6492104274187342
145;4;145;0;48.71025630769685;24.463912918888738;23.074199739093615;0;2.6492104274187342
146;4;146;0;72.87604477572363;21.91479680548997;23.074199739093615;0;2.6492104274187342
147;4;147;0;126.87143035582669;16.528983019321984;23.074199739093615;1;2.6492104274187342
148;4;148;0;92.47129922592353;16.622172459331797;23.074199739093615;1;2.6492104274187342
149;4;149;0;59.36297550465459;22.46745708646659;23.074199739093615;0;2.6492104274187342
150;4;150;0;94.10229545454025;16.298091883738365;23.074199739093615;1;2.6492104274187342
151;4;151;0;76.849066804148;22.480423685101623;23.074199739093615;0;2.6492104274187342
152;4;152;0;185.21449525601236;9.422115040885886;23.074199739093615;1;2.6492104274187342
153;4;153;1;0.0;;23.074199739093615;0;2.6492104274187342
154;4;154;0;47.99877022063046;24.76815860917761;23.074199739093615;0;2.6492104274187342
155;4;155;0;67.1945994623394;23.181056570150417;23.074199739093615;0;2.6492104274187342
156;4;156;0;56.66703846184812;22.492744896134624;23.074199739093615;0;2.6492104274187342
157;4;157;0;121.4328188273494;14.392015102067095;23.074199739093615;1;2.6492104274187342
158;4;158;0;53.053727004344736;23.523385677796124;23.074199739093615;0;2.6492104274187342
159;4;159;0;149.68811504054162;9.305816543978302;23.074199739093615;1;2.6492104274187342
160;4;160;0;129.6045957995595;13.524391732823315;23.074199739093615;1;2.6492104274187342
161;4;161;0;25.0907506988159;27.670086381263268;23.074199739093615;0;2.6492104274187342
162;4;162;0;143.30858738412874;12.250753341129855;23.074199739093615;1;2.6492104274187342
163;4;163;1;0.0;;23.074199739093615;0;2.6492104274187342
164;4;164;0;78.75792001995086;18.819662169906962;23.074199739093615;1;2.6492104274187342
165;4;165;0;175.20279350414842;10.629321416160055;23.074199739093615;1;2.6492104274187342
166;4;166;0;54.11284726081334;22.899681059392197;23.074199739093615;0;2.6492104274187342
167;4;167;1;0.0;;23.074199739093615;0;2.6492104274187342
168;4;168;0;70.10212199033406;20.8800432612309;23.074199739093615;0;2.6492104274187342
169;4;169;0;68.5174203800384;21.11580984970935;23.074199739093615;0;2.6492104274187342
170;4;170;0;151.46132978509277;9.16292338728228;23.074199739093615;1;2.6492104274187342
171;4;171;0;80.24489439041358;21.04674714200309;23.074199739093615;0;2.6492104274187342
172;4;172;0;72.11915875743502;19.959169574047493;23.074199739093615;0;2.6492104274187342
173;4;173;0;65.77453953357526;22.34517364262124;23.074199739093615;0;2.6492104274187342
174;4;174;0;33.46971264766528;26.291624258915093;23.074199739093615;0;2.6492104274187342
175;4;175;1;0.0;;23.074199739093615;0;2.6492104274187342
176;4;176;0;66.32136033978873;20.90979374163048;23.074199739093615;0;2.6492104274187342
177;4;177;0;44.7955786012553;24.403510174718;23.074199739093615;0;2.6492104274187342
178;4;178;0;83.21536986339062;20.20165782792084;23.074199739093615;1;2.6492104274187342
179;4;179;1;0.0;;23.074199739093615;0;2.6492104274187342
180;4;180;0;72.2475891233339;22.50376193826858;23.074199739093615;0;2.6492104274187342
181;4;181;0;51.19570838000246;23.878266276706643;23.074199739093615;0;2.6492104274187342
182;4;182;0;57.27523536184093;22.814276777488462;23.074199739093615;0;2.6492104274187342
183;4;183;0;97.80905282964291;15.713686600128305;23.074199739093615;1;2.6492104274187342
184;4;184;0;68.27273589307025;21.950200080607893;23.074199739093615;1;2.6492104274187342
185;4;185;0;142.65087371501673;10.157232266191283;23.074199739093615;1;2.6492104274187342
186;4;186;0;110.76572540160566;13.535685770568298;23.074199739093615;1;2.6492104274187342
187;4;187;0;35.950439310903775;26.427901966914547;23.074199739093615;0;2.6492104274187342
188;4;188;0;52.88081108604652;25.469588140335098;23.074199739093615;0;2.6492104274187342
189;4;189;0;81.33790739637779;19.13899171798262;23.074199739093615;1;2.6492104274187342
190;4;190;0;92.47736919996845;17.13637427566604;23.074199739093615;1;2.6492104274187342
191;4;191;0;67.49401681475663;23.188158719707843;23.074199739093615;0;2.6492104274187342
192;4;192;0;57.434468023708575;24.533223333522873;23.074199739093615;0;2.6492104274187342
193;4;193;0;164.59136257505523;11.229329247385744;23.074199739093615;1;2.6492104274187342
194;4;194;0;113.68073423964748;16.53444076175802;23.074199739093615;1;2.6492104274187342
195;4;195;0;70.86225848274603;22.097545122086686;23.074199739093615;0;2.6492104274187342
196;4;196;0;154.2058829767022;10.274454311394388;23.074199739093615;1;2.6492104274187342
197;4;197;0;44.55992438339025;24.70173997892599;23.074199739093615;0;2.6492104274187342
198;4;198;0;74.79991780579027;20.783702177214355;23.074199739093615;0;2.6492104274187342
199;4;199;0;45.13390768809249;24.357854873349922;23.074199739093615;0;2.6492104274187342
200;4;200;0;55.71462865613272;22.644296434315496;23.074199739093615;1;2.6492104274187342
201;4;201;0;134.0678000648286;12.971856665938185;23.074199739093615;1;2.6492104274187342
202;4;202;0;53.961653113036206;23.802509335665814;23.074199739093615;0;2.6492104274187342
203;4;203;0;156.77117652098315;11.491837248449398;23.074199739093615;1;2.6492104274187342
204;4;204;0;56.8026843924382;22.4526548639511;23.074199739093615;0;2.6492104274187342
205;4;205;0;38.311138866331056;25.72911305707765;23.074199739093615;0;2.6492104274187342
206;4;206;0;50.95742461580932;23.428910060672095;23.074199739093615;0;2.6492104274187342
207;4;207;1;0.0;;23.074199739093615;0;2.6492104274187342
208;4;208;1;0.0;;23.074199739093615;0;2.6492104274187342
209;4;209;0;163.98144902937685;9.417753666847542;23.074199739093615;1;2.6492104274187342
210;4;210;0;42.795979092241595;24.73961557193207;23.074199739093615;0;2.6492104274187342
211;4;211;0;58.2342079580076;22.20300970624468;23.074199739093615;1;2.6492104274187342
212;4;212;0;95.0690182813467;17.153836231455088;23.074199739093615;1;2.6492104274187342
213;4;213;1;0.0;;23.074199739093615;0;2.6492104274187342
214;4;214;0;46.85321920865531;24.085297610024384;23.074199739093615;0;2.6492104274187342
215;4;215;0;130.97595888492032;10.230403660628657;23.074199739093615;1;2.6492104274187342
216;4;216;0;56.10277230934341;23.22352135946612;23.074199739093615;0;2.6492104274187342
217;4;217;0;56.26380515094941;23.305399123542657;23.074199739093615;0;2.6492104274187342
218;4;218;0;120.37215721234486;12.047465305411736;23.074199739093615;1;2.6492104274187342
219;4;219;0;65.52080706299745;21.52530000433738;23.074199739093615;0;2.6492104274187342
220;4;220;0;44.87024613510312;24.426981838838465;23.074199739093615;0;2.6492104274187342
221;4;221;0;56.843731568415784;22.77274008191516;23.074199739093615;0;2.6492104274187342
222;4;222;0;62.86798234282174;21.45002547194529;23.074199739093615;0;2.6492104274187342
223;4;223;0;76.16560636986667;19.260424409886014;23.074199739093615;1;2.6492104274187342
224;4;224;0;61.98863169749838;21.991954510602515;23.074199739093615;0;2.6492104274187342
225;4;225;0;83.18573537128698;20.353689257466968;23.074199739093615;0;2.6492104274187342
226;4;226;0;112.997975645267;18.200061283214772;23.074199739093615;1;2.6492104274187342
227;4;227;0;101.6355354650229;18.043408925645537;23.074199739093615;1;2.6492104274187342
228;4;228;0;131.7386573253151;10.183780346076631;23.074199739093615;1;2.6492104274187342
229;4;229;0;88.26268430460404;17.25401337080625;23.074199739093615;1;2.6492104274187342
230;4;230;0;54.59483985605522;22.80123140891155;23.074199739093615;0;2.6492104274187342
231;4;231;0;60.452640524680476;23.92811373634222;23.074199739093615;0;2.6492104274187342
232;4;232;0;90.65018882331998;16.920767104375443;23.074199739093615;1;2.6492104274187342
233;4;233;0;94.60206563994753;19.105545507811925;23.074199739093615;1;2.6492104274187342
234;4;234;0;130.8413431221205;15.539556182084777;23.074199739093615;1;2.6492104274187342
