simulated_sales_data.csv.csv
;global_id;date_placed;offer_dummy;sales;price;avg_price;promo_dummy;elasticity
235;4;235;0;47.251546250182145;25.063326179678263;23.074199739093615;0;2.6492104274187342
236;4;236;0;78.97253742836322;20.44365124942779;23.074199739093615;0;2.6492104274187342
237;4;237;0;104.00300596954766;17.500821033254976;23.074199739093615;1;2.6492104274187342
238;4;238;0;141.74234682808475;12.173256758444738;23.074199739093615;1;2.6492104274187342
239;4;239;0;134.63917401563606;15.380612149007243;23.074199739093615;1;2.6492104274187342
240;4;240;0;64.97556035193492;23.24307368092696;23.074199739093615;0;2.6492104274187342
241;4;241;0;47.236980180174115;24.03892512844333;23.074199739093615;0;2.6492104274187342
242;4;242;1;0.0;;23.074199739093615;0;2.6492104274187342
243;4;243;0;51.496297794651326;23.293266164906164;23.074199739093615;0;2.6492104274187342
244;4;244;0;75.99349342600428;19.32392220876539;23.074199739093615;1;2.6492104274187342
245;4;245;0;123.77795803654118;11.476692459944559;23.074199739093615;1;2.6492104274187342
246;4;246;0;65.44672469042246;21.04271670880473;23.074199739093615;0;2.6492104274187342
247;4;247;0;46.063304567222076;24.991038876745268;23.074199739093615;0;2.6492104274187342
248;4;248;0;51.899565759882144;23.274433813601487;23.074199739093615;0;2.6492104274187342
249;4;249;0;183.64029744246204;8.82446878611021;23.074199739093615;1;2.6492104274187342
250;4;250;0;110.22251562829523;13.624067560564558;23.074199739093615;1;2.6492104274187342
251;4;251;0;127.07752404706213;10.948033537278718;23.074199739093615;1;2.6492104274187342
252;4;252;0;60.3767139806046;22.824921070327854;23.074199739093615;0;2.6492104274187342
253;4;253;0;79.34583426700223;20.394109392991503;23.074199739093615;0;2.6492104274187342
254;4;254;0;75.74134373327372;21.975975133311294;23.074199739093615;0;2.6492104274187342
255;4;255;0;92.63573278508353;16.58513243578602;23.074199739093615;1;2.6492104274187342
256;4;256;0;93.09784512753507;16.51944214115461;23.074199739093615;1;2.6492104274187342
257;4;257;0;100.41063888283433;15.282807680678747;23.074199739093615;1;2.6492104274187342
258;4;258;0;118.0301376012402;12.431469764154755;23.074199739093615;1;2.6492104274187342
259;4;259;0;49.489429491045655;23.663564096914765;23.074199739093615;0;2.6492104274187342
260;4;260;0;59.22384690451473;24.206790518475664;23.074199739093615;0;2.6492104274187342
261;4;261;0;105.46639383727855;14.41161840329938;23.074199739093615;1;2.6492104274187342
262;4;262;0;86.21626038544113;17.63506614732484;23.074199739093615;1;2.6492104274187342
263;4;263;0;55.686239949512235;22.653559519581716;23.074199739093615;0;2.6492104274187342
264;4;264;1;0.0;;23.074199739093615;0;2.6492104274187342
265;4;265;0;68.356767521409;21.438434877383685;23.074199739093615;1;2.6492104274187342
266;4;266;0;121.2875832976003;14.360130440305952;23.074199739093615;1;2.6492104274187342
267;4;267;0;43.004678747936296;24.73286578249158;23.074199739093615;0;2.6492104274187342
268;4;268;1;0.0;;23.074199739093615;0;2.6492104274187342
269;4;269;0;78.43684858028844;18.92330247480197;23.074199739093615;1;2.6492104274187342
270;4;270;0;54.73221557922996;22.809984175549946;23.074199739093615;0;2.6492104274187342
271;4;271;0;92.89105155053727;16.519464376372863;23.074199739093615;1;2.6492104274187342
272;4;272;0;53.56615389695675;23.001175096001333;23.074199739093615;0;2.6492104274187342
273;4;273;0;36.55747533191502;25.771799170652155;23.074199739093615;0;2.6492104274187342
274;4;274;0;71.6451652210498;21.587249822553915;23.074199739093615;1;2.6492104274187342
275;4;275;0;66.27518120088943;23.15702187522799;23.074199739093615;0;2.6492104274187342
276;4;276;0;110.66624573504501;14.396584780936498;23.074199739093615;1;2.6492104274187342
277;4;277;0;119.76371408754858;12.122591810380412;23.074199739093615;1;2.6492104274187342
278;4;278;0;85.62970757374552;17.743940051233473;23.074199739093615;1;2.6492104274187342
279;4;279;0;85.20564599721276;17.77996575411786;23.074199739093615;1;2.6492104274187342
280;4;280;0;128.84945384274022;10.613009670010506;23.074199739093615;1;2.6492104274187342
281;4;281;0;134.19338412423045;9.781296083643465;23.074199739093615;1;2.6492104274187342
282;4;282;0;65.12225851308368;22.33116433701566;23.074199739093615;0;2.6492104274187342
283;4;283;0;80.35220811046885;18.59909819986779;23.074199739093615;0;2.6492104274187342
284;4;284;0;102.968086769505;18.34491769322218;23.074199739093615;1;2.6492104274187342
285;4;285;0;56.6145832182497;23.26692654731057;23.074199739093615;0;2.6492104274187342
286;4;286;0;35.53484030669223;25.957642575105524;23.074199739093615;0;2.6492104274187342
287;4;287;0;40.76743025491856;25.74024861596363;23.074199739093615;0;2.6492104274187342
288;4;288;0;39.51778826574813;26.97784991494994;23.074199739093615;0;2.6492104274187342
289;4;289;0;75.97311220153561;21.909426412865198;23.074199739093615;1;2.6492104274187342
290;4;290;0;52.273207149278726;23.196745532986117;23.074199739093615;0;2.6492104274187342
291;4;291;0;45.33525334787284;24.350737881612584;23.074199739093615;0;2.6492104274187342
292;4;292;0;176.63973138969843;10.113715033189617;23.074199739093615;1;2.6492104274187342
293;4;293;0;66.58034103423941;21.98661329519599;23.074199739093615;0;2.6492104274187342
294;4;294;0;43.613087643290406;24.608661052946033;23.074199739093615;0;2.6492104274187342
295;4;295;0;37.57434339661644;25.601736918193644;23.074199739093615;0;2.6492104274187342
296;4;296;0;111.35395417179457;17.653213249436202;23.074199739093615;1;2.6492104274187342
297;4;297;0;121.36141550524088;11.858683680518972;23.074199739093615;1;2.6492104274187342
298;4;298;0;55.300616913179276;24.003647811304056;23.074199739093615;0;2.6492104274187342
299;4;299;0;61.93127367833142;22.15453408467098;23.074199739093615;0;2.6492104274187342
300;4;300;0;48.66400608716488;23.795792930253644;23.074199739093615;0;2.6492104274187342
301;4;301;0;48.860404671752526;23.77274364975593;23.074199739093615;0;2.6492104274187342
302;4;302;0;66.64615941431246;21.195293932969197;23.074199739093615;0;2.6492104274187342
303;4;303;0;46.80214185721691;24.563448334974087;23.074199739093615;0;2.6492104274187342
304;4;304;0;70.29555276502019;20.23517206433698;23.074199739093615;1;2.6492104274187342
305;4;305;0;43.48785665873103;24.653642503902635;23.074199739093615;0;2.6492104274187342
306;4;306;1;0.0;;23.074199739093615;0;2.6492104274187342
307;4;307;0;39.01648446349154;26.351874352143987;23.074199739093615;0;2.6492104274187342
308;4;308;0;60.4005967343575;23.30383083470211;23.074199739093615;0;2.6492104274187342
309;4;309;0;71.95658778902796;20.75613853437659;23.074199739093615;0;2.6492104274187342
310;4;310;0;65.51165227445674;21.77860186427716;23.074199739093615;0;2.6492104274187342
311;4;311;0;55.348679138858024;23.597431683355214;23.074199739093615;0;2.6492104274187342
312;4;312;0;94.59078372884382;18.38225790020557;23.074199739093615;1;2.6492104274187342
313;4;313;0;53.868328698925005;22.931551592315103;23.074199739093615;0;2.6492104274187342
314;4;314;0;54.16917245721558;24.944941056478825;23.074199739093615;0;2.6492104274187342
315;4;315;0;50.68027023813275;23.474353111739354;23.074199739093615;0;2.6492104274187342
316;4;316;0;64.50319302353067;23.487662343044395;23.074199739093615;0;2.6492104274187342
317;4;317;0;100.4309853535538;15.31707879200623;23.074199739093615;1;2.6492104274187342
318;4;318;0;105.79379980216328;15.16062207377876;23.074199739093615;1;2.6492104274187342
319;4;319;1;0.0;;23.074199739093615;0;2.6492104274187342
320;4;320;0;87.1832511859925;20.784295224227563;23.074199739093615;0;2.6492104274187342
321;4;321;0;96.66397484981862;15.905728894142081;23.074199739093615;1;2.6492104274187342
322;4;322;0;118.61226033410695;12.322065641591669;23.074199739093615;1;2.6492104274187342
323;4;323;0;84.55208160891013;17.920630790026586;23.074199739093615;1;2.6492104274187342
324;4;324;0;147.88164963041248;12.979862753599312;23.074199739093615;1;2.6492104274187342
325;4;325;0;162.01540050857608;11.68706956335462;23.074199739093615;1;2.6492104274187342
326;4;326;0;65.84715551558483;20.979482196376782;23.074199739093615;0;2.6492104274187342
327;4;327;0;164.1627551468654;9.3629822827821;23.074199739093615;1;2.6492104274187342
328;4;328;0;121.95530311529906;11.787888023183765;23.074199739093615;1;2.6492104274187342
329;4;329;0;69.54567964993439;20.81030243041718;23.074199739093615;0;2.6492104274187342
330;4;330;0;126.40496634232218;11.058308086713552;23.074199739093615;1;2.6492104274187342
331;4;331;0;129.11312085773008;10.614271066719871;23.074199739093615;1;2.6492104274187342
332;4;332;1;0.0;;23.074199739093615;0;2.6492104274187342
333;4;333;0;67.00782408742857;22.43949046639024;23.074199739093615;0;2.6492104274187342
334;4;334;0;50.415724353904274;23.51772883694856;23.074199739093615;0;2.6492104274187342
335;4;335;0;90.2088718144722;16.923392098675468;23.074199739093615;1;2.6492104274187342
336;4;336;0;50.98048479988754;25.247715574805706;23.074199739093615;0;2.6492104274187342
337;4;337;0;60.30921134131485;23.61725997194109;23.074199739093615;0;2.6492104274187342
338;4;338;0;43.32044284070062;24.663410059372232;23.074199739093615;0;2.6492104274187342
339;4;339;0;79.76778083333913;18.633821899100337;23.074199739093615;1;2.6492104274187342
340;4;340;1;0.0;;23.074199739093615;0;2.6492104274187342
341;4;341;0;59.38767568580255;22.022855817939327;23.074199739093615;0;2.6492104274187342
342;4;342;0;58.19402984402414;24.752242219348794;23.074199739093615;0;2.6492104274187342
343;4;343;0;144.53853081896648;9.532917809386957;23.074199739093615;1;2.6492104274187342
344;4;344;0;61.69064356975008;23.80921692164754;23.074199739093615;0;2.6492104274187342
345;4;345;0;140.77357966502183;13.79206802013572;23.074199739093615;1;2.6492104274187342
346;4;346;0;78.10564888548794;18.977606955829664;23.074199739093615;1;2.6492104274187342
347;4;347;0;80.90281406223397;19.7769809097834;23.074199739093615;1;2.6492104274187342
348;4;348;0;115.3322969982805;12.836467367684177;23.074199739093615;1;2.6492104274187342
349;4;349;0;95.18981797041417;20.058065605742016;23.074199739093615;1;2.6492104274187342
350;4;350;0;43.61981667223535;24.608075610614343;23.074199739093615;0;2.6492104274187342
351;4;351;1;0.0;;23.074199739093615;0;2.6492104274187342
352;4;352;1;0.0;;23.074199739093615;0;2.6492104274187342
353;4;353;0;73.33442069123416;20.695596157136954;23.074199739093615;0;2.6492104274187342
354;4;354;0;60.89451947202873;21.799594612736655;23.074199739093615;0;2.6492104274187342
355;4;355;0;65.27918762600848;21.43966208714341;23.074199739093615;0;2.6492104274187342
356;4;356;0;46.817890789170185;24.107640263873602;23.074199739093615;0;2.6492104274187342
357;4;357;0;63.58543206733442;21.338095107103193;23.074199739093615;0;2.6492104274187342
358;4;358;0;63.4206856138667;21.376427038478205;23.074199739093615;0;2.6492104274187342
359;4;359;0;68.79530634855743;23.181303736132378;23.074199739093615;0;2.6492104274187342
360;4;360;0;122.47519450859035;11.683390702698317;23.074199739093615;1;2.6492104274187342
361;4;361;0;76.76511474105695;20.066805720457687;23.074199739093615;1;2.6492104274187342
362;4;362;0;179.9597251279391;9.44330818763427;23.074199739093615;1;2.6492104274187342
363;4;363;0;52.127856474208485;23.237002593224304;23.074199739093615;0;2.6492104274187342
364;4;364;0;147.12474544712458;14.05564655339223;23.074199739093615;1;2.6492104274187342
365;4;365;0;64.24316823940487;21.241709931361054;23.074199739093615;0;2.6492104274187342
366;4;366;0;85.75684306668091;18.11471817963977;23.074199739093615;1;2.6492104274187342
367;4;367;0;70.5410780660119;20.997139570129885;23.074199739093615;0;2.6492104274187342
368;4;368;0;79.9629749331094;21.217165922887276;23.074199739093615;0;2.6492104274187342
369;4;369;0;74.66117993817664;22.00694939624919;23.074199739093615;0;2.6492104274187342
370;4;370;0;63.92539664328281;21.29180923143384;23.074199739093615;0;2.6492104274187342
371;4;371;0;70.22258717871235;21.879958699971606;23.074199739093615;0;2.6492104274187342
372;4;372;0;135.76770411107307;11.481784013622551;23.074199739093615;1;2.6492104274187342
373;4;373;0;74.11309265728559;21.812543315517626;23.074199739093615;0;2.6492104274187342
374;4;374;0;138.4371575444614;14.638147729469726;23.074199739093615;1;2.6492104274187342
375;4;375;0;96.1368149532816;18.664294773420522;23.074199739093615;1;2.6492104274187342
376;4;376;0;137.68239622613729;9.209227345453591;23.074199739093615;1;2.6492104274187342
377;4;377;0;78.95437224087257;19.688490405789583;23.074199739093615;1;2.6492104274187342
378;4;378;0;33.36191731986226;26.981002266813533;23.074199739093615;0;2.6492104274187342
379;4;379;0;69.52934937385798;22.766538036727297;23.074199739093615;0;2.6492104274187342
380;4;380;0;122.93585852676587;17.042157891848632;23.074199739093615;1;2.6492104274187342
381;4;381;0;120.22157209953474;14.214965153984258;23.074199739093615;1;2.6492104274187342
382;4;382;0;70.72159067321499;21.06741698019363;23.074199739093615;0;2.6492104274187342
383;4;383;0;106.3026280029797;18.42985302328495;23.074199739093615;0;2.6492104274187342
384;4;384;1;0.0;;23.074199739093615;0;2.6492104274187342
385;4;385;0;71.91679886405751;21.679479269895822;23.074199739093615;0;2.6492104274187342
386;4;386;0;107.64031124843385;17.747558594403387;23.074199739093615;1;2.6492104274187342
387;4;387;0;91.53433882191513;18.57326327854624;23.074199739093615;1;2.6492104274187342
388;4;388;0;55.563798945508694;22.891188426490626;23.074199739093615;0;2.6492104274187342
389;4;389;0;124.08921399342371;16.350140278721124;23.074199739093615;1;2.6492104274187342
390;4;390;0;55.14353679652528;24.543490187795143;23.074199739093615;0;2.6492104274187342
391;4;391;0;80.49968093672638;22.117872998614814;23.074199739093615;0;2.6492104274187342
392;4;392;0;155.9644743167366;8.748268973483382;23.074199739093615;1;2.6492104274187342
393;4;393;0;126.1427797461184;11.06432566970442;23.074199739093615;1;2.6492104274187342
394;4;394;0;57.36763659485758;23.39645451549851;23.074199739093615;0;2.6492104274187342
395;4;395;1;0.0;;23.074199739093615;0;2.6492104274187342
396;4;396;1;0.0;;23.074199739093615;0;2.6492104274187342
397;4;397;0;48.755292147397064;23.789978209975175;23.074199739093615;0;2.6492104274187342
398;4;398;0;34.611691707865745;26.73730392241052;23.074199739093615;0;2.6492104274187342
399;4;399;1;0.0;;23.074199739093615;0;2.6492104274187342
400;4;400;0;63.928204571278776;23.193817367636548;23.074199739093615;0;2.6492104274187342
401;4;401;0;50.53570123980572;24.16408436163965;23.074199739093615;0;2.6492104274187342
402;4;402;0;76.09347491571117;23.677864735123066;23.074199739093615;0;2.6492104274187342
403;4;403;0;46.69331799139199;24.836946690873397;23.074199739093615;0;2.6492104274187342
404;4;404;0;128.77329230480586;10.669990360833522;23.074199739093615;1;2.6492104274187342
405;4;405;0;77.34974030644999;22.787891663033424;23.074199739093615;0;2.6492104274187342
406;4;406;1;0.0;;23.074199739093615;0;2.6492104274187342
407;4;407;0;72.63218326499069;22.771446084067406;23.074199739093615;0;2.6492104274187342
408;4;408;0;147.2237938919406;9.484396439651233;23.074199739093615;1;2.6492104274187342
409;4;409;0;108.78320367943762;13.908179115936065;23.074199739093615;1;2.6492104274187342
410;4;410;1;0.0;;23.074199739093615;0;2.6492104274187342
411;4;411;1;0.0;;23.074199739093615;0;2.6492104274187342
412;4;412;0;41.654098472979655;24.933233240004505;23.074199739093615;0;2.6492104274187342
413;4;413;0;73.42961919727836;20.939223490758568;23.074199739093615;1;2.6492104274187342
414;4;414;1;0.0;;23.074199739093615;0;2.6492104274187342
415;4;415;0;89.44303568399265;18.330951864255805;23.074199739093615;1;2.6492104274187342
416;4;416;0;131.95004021231418;14.61323564435732;23.074199739093615;1;2.6492104274187342
417;4;417;1;0.0;;23.074199739093615;0;2.6492104274187342
418;4;418;1;0.0;;23.074199739093615;0;2.6492104274187342
419;4;419;0;85.19064103252816;20.822768436694183;23.074199739093615;0;2.6492104274187342
420;4;420;0;106.31836750048363;14.312540869285682;23.074199739093615;1;2.6492104274187342
421;4;421;0;64.87692282855846;23.73517954115629;23.074199739093615;0;2.6492104274187342
422;4;422;0;64.54416769768176;23.38733397108529;23.074199739093615;0;2.6492104274187342
423;4;423;1;0.0;;23.074199739093615;0;2.6492104274187342
424;4;424;0;109.97602648657445;16.10647443150913;23.074199739093615;1;2.6492104274187342
425;4;425;0;152.03354509527765;11.103560352932588;23.074199739093615;1;2.6492104274187342
426;4;426;0;62.15951694928674;21.54902802995282;23.074199739093615;0;2.6492104274187342
427;4;427;0;164.25302693606804;9.944354042950824;23.074199739093615;1;2.6492104274187342
428;4;428;0;76.07766987866897;23.013318697563786;23.074199739093615;0;2.6492104274187342
429;4;429;0;111.41375587198125;13.505970029540855;23.074199739093615;1;2.6492104274187342
430;4;430;0;118.56700708680364;15.049120938033099;23.074199739093615;1;2.6492104274187342
431;4;431;0;67.30956766718121;21.169254702391623;23.074199739093615;1;2.6492104274187342
432;4;432;0;136.79477393445018;10.168102877658304;23.074199739093615;1;2.6492104274187342
433;4;433;0;160.31627409957463;10.86337897954913;23.074199739093615;1;2.6492104274187342
434;4;434;0;64.43039939424439;21.21984128818174;23.074199739093615;0;2.6492104274187342
435;4;435;0;65.94041619113048;23.182035067023747;23.074199739093615;0;2.6492104274187342
436;4;436;1;0.0;;23.074199739093615;0;2.6492104274187342
437;4;437;0;40.55246462993888;25.13493805833364;23.074199739093615;0;2.6492104274187342
438;4;438;0;125.09316883595922;12.45982509402924;23.074199739093615;1;2.6492104274187342
439;4;439;0;66.39186993105251;22.880538309689847;23.074199739093615;0;2.6492104274187342
440;4;440;0;79.70687894259576;19.18815435060467;23.074199739093615;1;2.6492104274187342
441;4;441;0;50.370321304962495;23.87715852459091;23.074199739093615;0;2.6492104274187342
442;4;442;0;86.46506025208929;20.18984105377914;23.074199739093615;1;2.6492104274187342
