simulated_sales_data.csv.csv
;global_id;date_placed;offer_dummy;sales;price;avg_price;promo_dummy;elasticity
443;4;443;0;54.236824855772795;24.7745575824481;23.074199739093615;0;2.6492104274187342
444;4;444;0;69.49522527507254;22.16830020708898;23.074199739093615;0;2.6492104274187342
445;4;445;1;0.0;;23.074199739093615;0;2.6492104274187342
446;4;446;0;60.21097929617607;24.128572193061327;23.074199739093615;0;2.6492104274187342
447;4;447;1;0.0;;23.074199739093615;0;2.6492104274187342
448;4;448;0;42.614968494873075;25.030305642648997;23.074199739093615;0;2.6492104274187342
449;4;449;0;72.21926229175138;20.565489625029926;23.074199739093615;1;2.6492104274187342
450;4;450;0;139.70286392214783;13.02279494975393;23.074199739093615;1;2.6492104274187342
451;4;451;1;0.0;;23.074199739093615;0;2.6492104274187342
452;4;452;0;62.90965296118106;21.421413136389067;23.074199739093615;1;2.6492104274187342
453;4;453;0;73.5145095779679;19.707318861647014;23.074199739093615;1;2.6492104274187342
454;4;454;0;68.01293776036721;20.632437707235546;23.074199739093615;0;2.6492104274187342
455;4;455;0;60.597309901706126;21.848325972475845;23.074199739093615;0;2.6492104274187342
456;4;456;0;59.86016055852565;21.929564314713;23.074199739093615;0;2.6492104274187342
457;4;457;0;62.94574097305217;23.557186349599366;23.074199739093615;0;2.6492104274187342
458;4;458;0;62.92077579311745;24.944158588623477;23.074199739093615;0;2.6492104274187342
459;4;459;0;66.3801291513238;23.009672063605418;23.074199739093615;0;2.6492104274187342
460;4;460;0;88.38859547783966;21.63550743624022;23.074199739093615;1;2.6492104274187342
461;4;461;0;151.15838732118704;12.974007581126017;23.074199739093615;1;2.6492104274187342
462;4;462;0;88.84598845758394;20.1029642401208;23.074199739093615;1;2.6492104274187342
463;4;463;0;63.28084257699161;21.93089029282798;23.074199739093615;0;2.6492104274187342
464;4;464;0;85.49111087564414;18.21351828633758;23.074199739093615;1;2.6492104274187342
465;4;465;1;0.0;;23.074199739093615;0;2.6492104274187342
466;4;466;1;0.0;;23.074199739093615;0;2.6492104274187342
467;4;467;0;64.27631724018597;22.130605726852462;23.074199739093615;0;2.6492104274187342
468;4;468;0;54.187482924655846;22.899300151892568;23.074199739093615;0;2.6492104274187342
469;4;469;0;79.49641696818762;22.18570942402664;23.074199739093615;1;2.6492104274187342
470;4;470;0;52.68112020690224;23.14628783609424;23.074199739093615;0;2.6492104274187342
471;4;471;0;90.70504065836985;17.276533448199686;23.074199739093615;1;2.6492104274187342
472;4;472;0;96.30006164973969;15.916299282093174;23.074199739093615;1;2.6492104274187342
473;4;473;1;0.0;;23.074199739093615;0;2.6492104274187342
474;4;474;0;66.63274902152243;20.85873753286908;23.074199739093615;0;2.6492104274187342
475;4;475;1;0.0;;23.074199739093615;0;2.6492104274187342
476;4;476;0;46.49837808838803;24.152915246319886;23.074199739093615;0;2.6492104274187342
477;4;477;0;154.5349368287673;14.305433574436709;23.074199739093615;1;2.6492104274187342
478;4;478;0;50.31104357605668;26.114598942998917;23.074199739093615;0;2.6492104274187342
479;4;479;0;57.96159025852551;23.73145504000275;23.074199739093615;0;2.6492104274187342
480;4;480;0;51.0208525289876;23.854018385775507;23.074199739093615;0;2.6492104274187342
481;4;481;0;56.98191226852883;22.826833222594537;23.074199739093615;0;2.6492104274187342
482;4;482;0;71.28259734651925;23.323863811170582;23.074199739093615;0;2.6492104274187342
483;4;483;0;41.49561384050645;24.952187305660473;23.074199739093615;0;2.6492104274187342
484;4;484;0;50.75170136742729;23.435123076808818;23.074199739093615;0;2.6492104274187342
485;4;485;0;70.43004650465882;22.31013784346938;23.074199739093615;0;2.6492104274187342
486;4;486;1;0.0;;23.074199739093615;0;2.6492104274187342
487;4;487;0;100.70951581229107;18.18397706163145;23.074199739093615;0;2.6492104274187342
488;4;488;0;98.72344975892429;19.53697704496019;23.074199739093615;0;2.6492104274187342
489;4;489;0;129.86066203100415;11.375913956166483;23.074199739093615;1;2.6492104274187342
490;4;490;0;64.80193744654275;22.916994468096586;23.074199739093615;0;2.6492104274187342
491;4;491;0;110.54027978726168;16.290218883677333;23.074199739093615;1;2.6492104274187342
492;4;492;0;96.34602913818736;15.986860288725138;23.074199739093615;1;2.6492104274187342
493;4;493;0;61.623327113613996;21.65208541440623;23.074199739093615;0;2.6492104274187342
494;4;494;1;0.0;;23.074199739093615;0;2.6492104274187342
495;4;495;0;222.27706260052608;8.500394679186929;23.074199739093615;1;2.6492104274187342
496;4;496;0;66.49475867601137;24.161659647047426;23.074199739093615;0;2.6492104274187342
497;4;497;0;64.18666823871487;23.42539374561883;23.074199739093615;0;2.6492104274187342
498;4;498;1;0.0;;23.074199739093615;0;2.6492104274187342
499;4;499;0;108.98563580530616;18.213416714350394;23.074199739093615;1;2.6492104274187342
500;4;500;0;54.54211879695579;24.100350337362947;23.074199739093615;0;2.6492104274187342
501;4;501;0;131.88062202599247;10.149361146214106;23.074199739093615;1;2.6492104274187342
502;4;502;0;67.71628365899986;24.712623473767636;23.074199739093615;0;2.6492104274187342
503;4;503;0;108.068882453543;17.903761336677466;23.074199739093615;1;2.6492104274187342
504;4;504;0;60.60230190942094;24.509299529672855;23.074199739093615;0;2.6492104274187342
505;4;505;0;151.0769834823595;13.951420243039626;23.074199739093615;1;2.6492104274187342
506;4;506;0;49.63901413720037;24.446429723549933;23.074199739093615;0;2.6492104274187342
507;4;507;0;47.12099825078467;25.428457015609716;23.074199739093615;0;2.6492104274187342
508;4;508;0;66.34946379725335;20.905185815667203;23.074199739093615;1;2.6492104274187342
509;4;509;0;150.14417315369838;13.847840553383099;23.074199739093615;1;2.6492104274187342
510;4;510;0;78.24790448681901;21.928182039912954;23.074199739093615;0;2.6492104274187342
511;4;511;0;74.44172174022388;22.462831197078504;23.074199739093615;0;2.6492104274187342
512;4;512;0;145.60040162937713;10.499477091977147;23.074199739093615;1;2.6492104274187342
513;4;513;1;0.0;;23.074199739093615;0;2.6492104274187342
514;4;514;0;75.9183805016473;21.776949707025043;23.074199739093615;0;2.6492104274187342
515;4;515;0;57.564159383464414;23.225339260205185;23.074199739093615;0;2.6492104274187342
516;4;516;1;0.0;;23.074199739093615;0;2.6492104274187342
517;4;517;1;0.0;;23.074199739093615;0;2.6492104274187342
518;4;518;0;125.83118164814401;13.864653352050576;23.074199739093615;1;2.6492104274187342
519;4;519;0;84.51229930048713;17.927153614917156;23.074199739093615;1;2.6492104274187342
520;4;520;0;47.959206565788534;23.920506755265414;23.074199739093615;0;2.6492104274187342
521;4;521;0;87.55756009726719;19.984525303237994;23.074199739093615;0;2.6492104274187342
522;4;522;1;0.0;;23.074199739093615;0;2.6492104274187342
523;4;523;0;109.76004320928915;16.30640486092495;23.074199739093615;1;2.6492104274187342
524;4;524;0;150.5767695825166;12.135008782413886;23.074199739093615;1;2.6492104274187342
525;4;525;0;84.73714436891136;22.249177136158476;23.074199739093615;0;2.6492104274187342
526;4;526;0;70.83891047630678;20.83527148427656;23.074199739093615;0;2.6492104274187342
527;4;527;0;47.73299191387788;24.160749283278072;23.074199739093615;0;2.6492104274187342
528;4;528;0;70.1431518206417;20.64308941824849;23.074199739093615;1;2.6492104274187342
529;4;529;0;140.1778900564928;15.693352922253034;23.074199739093615;1;2.6492104274187342
530;4;530;0;134.56714361756755;9.72001337223556;23.074199739093615;1;2.6492104274187342
531;4;531;0;46.051918168421786;24.217210760879986;23.074199739093615;0;2.6492104274187342
532;4;532;0;56.89610221413966;23.234651602974964;23.074199739093615;0;2.6492104274187342
533;4;533;0;145.246254168735;14.231278981690568;23.074199739093615;1;2.6492104274187342
534;4;534;0;76.39615833689325;19.231068646524044;23.074199739093615;0;2.6492104274187342
535;4;535;0;129.94274723046507;14.077379715378132;23.074199739093615;1;2.6492104274187342
536;4;536;0;86.20769188216744;18.889200766758854;23.074199739093615;1;2.6492104274187342
537;4;537;0;82.60239316182208;21.568728552426613;23.074199739093615;0;2.6492104274187342
538;4;538;0;124.84152438658452;16.246421208478097;23.074199739093615;1;2.6492104274187342
539;4;539;0;49.31694872772266;24.579157907365566;23.074199739093615;0;2.6492104274187342
540;4;540;0;128.35212157238672;10.68131779794245;23.074199739093615;1;2.6492104274187342
541;4;541;0;61.25974886116355;21.71042715006271;23.074199739093615;0;2.6492104274187342
542;4;542;0;62.01953366077594;21.605745105306312;23.074199739093615;0;2.6492104274187342
543;4;543;1;0.0;;23.074199739093615;0;2.6492104274187342
544;4;544;0;54.343510672641536;23.08600175550839;23.074199739093615;0;2.6492104274187342
545;4;545;0;185.9746025646167;8.65326676941842;23.074199739093615;1;2.6492104274187342
546;4;546;0;77.33507944053322;19.82554269505084;23.074199739093615;0;2.6492104274187342
547;4;547;0;57.120592356329915;22.395197845679267;23.074199739093615;0;2.6492104274187342
548;4;548;0;48.68746131789827;24.42976848771296;23.074199739093615;0;2.6492104274187342
549;4;549;0;47.874658213523084;24.1053354407335;23.074199739093615;0;2.6492104274187342
550;4;550;0;133.41276632310047;10.918602518467827;23.074199739093615;1;2.6492104274187342
551;4;551;0;57.940427196709784;23.44036599219923;23.074199739093615;0;2.6492104274187342
552;4;552;0;92.17539392223578;19.11102878227398;23.074199739093615;1;2.6492104274187342
553;4;553;0;167.452515559284;12.26890140531633;23.074199739093615;1;2.6492104274187342
554;4;554;0;63.8816062033658;21.302593201549957;23.074199739093615;0;2.6492104274187342
555;4;555;0;68.55655289908096;23.40810690862211;23.074199739093615;0;2.6492104274187342
556;4;556;0;84.9896987978752;21.173427592757143;23.074199739093615;0;2.6492104274187342
557;4;557;0;66.2298406267362;22.858033964842615;23.074199739093615;0;2.6492104274187342
558;4;558;0;54.60662312223535;23.931591097281416;23.074199739093615;0;2.6492104274187342
559;4;559;1;0.0;;23.074199739093615;0;2.6492104274187342
560;4;560;0;122.67286731411322;12.772369775087773;23.074199739093615;1;2.6492104274187342
561;4;561;0;71.19170363295389;20.577388878781782;23.074199739093615;0;2.6492104274187342
562;4;562;0;101.20135301029863;18.054349990345255;23.074199739093615;1;2.6492104274187342
563;4;563;0;49.98695342777687;25.47619878901223;23.074199739093615;0;2.6492104274187342
564;4;564;0;49.95207086540697;23.55847559990201;23.074199739093615;0;2.6492104274187342
565;4;565;1;0.0;;23.074199739093615;0;2.6492104274187342
566;4;566;0;50.68675442980541;23.792255041781356;23.074199739093615;0;2.6492104274187342
567;4;567;0;58.35917863821663;24.988882325499226;23.074199739093615;0;2.6492104274187342
568;4;568;1;0.0;;23.074199739093615;0;2.6492104274187342
569;4;569;0;138.2143642002291;12.736853441741223;23.074199739093615;1;2.6492104274187342
570;4;570;0;55.62430191287102;22.663715063166084;23.074199739093615;0;2.6492104274187342
571;4;571;0;91.68901148039326;21.57968875732233;23.074199739093615;0;2.6492104274187342
572;4;572;1;0.0;;23.074199739093615;0;2.6492104274187342
573;4;573;0;81.98036941707512;20.91456259633665;23.074199739093615;0;2.6492104274187342
574;4;574;0;53.64422432462161;23.773924202224354;23.074199739093615;0;2.6492104274187342
575;4;575;0;51.302586063881385;23.67262881806604;23.074199739093615;0;2.6492104274187342
576;4;576;0;154.3466379093326;11.625241104879159;23.074199739093615;1;2.6492104274187342
577;4;577;0;47.795387904172;24.454823053521995;23.074199739093615;0;2.6492104274187342
578;4;578;0;49.954726848515676;23.59331535069903;23.074199739093615;0;2.6492104274187342
579;4;579;0;47.03548716883458;24.304910580800033;23.074199739093615;0;2.6492104274187342
580;4;580;0;83.4983694884224;20.115489829913678;23.074199739093615;1;2.6492104274187342
581;4;581;0;112.20262781094473;15.565253774928445;23.074199739093615;1;2.6492104274187342
582;4;582;0;119.79426558961829;12.12649211498813;23.074199739093615;1;2.6492104274187342
583;4;583;0;101.51532795717459;17.527615947912313;23.074199739093615;1;2.6492104274187342
584;4;584;0;137.02667807470237;12.342835245940456;23.074199739093615;1;2.6492104274187342
585;4;585;0;53.79547445532016;22.95452339662751;23.074199739093615;0;2.6492104274187342
586;4;586;0;39.79807920944215;25.258629321937036;23.074199739093615;0;2.6492104274187342
587;4;587;0;52.583337772997346;23.404950254099347;23.074199739093615;0;2.6492104274187342
588;4;588;1;0.0;;23.074199739093615;0;2.6492104274187342
589;4;589;0;50.03638404380853;24.19205554378869;23.074199739093615;0;2.6492104274187342
590;4;590;0;57.18649828327894;23.980313531394433;23.074199739093615;0;2.6492104274187342
591;4;591;0;52.904574954127824;24.16007283138677;23.074199739093615;0;2.6492104274187342
592;4;592;0;49.6241450744938;23.99300508013939;23.074199739093615;0;2.6492104274187342
593;4;593;0;105.03277142105507;15.32857475664456;23.074199739093615;1;2.6492104274187342
594;4;594;0;39.911819608091356;25.239980109943502;23.074199739093615;0;2.6492104274187342
595;4;595;1;0.0;;23.074199739093615;0;2.6492104274187342
596;4;596;0;54.85182947344439;24.243122809031107;23.074199739093615;0;2.6492104274187342
597;4;597;0;126.62013477024354;16.226436450988444;23.074199739093615;1;2.6492104274187342
598;4;598;0;57.72462257607173;22.8663106257041;23.074199739093615;0;2.6492104274187342
599;4;599;0;91.42875893498956;19.54033083850123;23.074199739093615;1;2.6492104274187342
600;4;600;0;126.57986700905226;15.512655319836368;23.074199739093615;1;2.6492104274187342
601;4;601;0;60.6538188778004;22.287568667109273;23.074199739093615;0;2.6492104274187342
602;4;602;0;42.57856136353657;25.07833763885035;23.074199739093615;0;2.6492104274187342
603;4;603;1;0.0;;23.074199739093615;0;2.6492104274187342
604;4;604;0;48.73367718429604;24.039438315503013;23.074199739093615;0;2.6492104274187342
605;4;605;1;0.0;;23.074199739093615;0;2.6492104274187342
606;4;606;0;85.95431690789239;20.527890600092274;23.074199739093615;1;2.6492104274187342
607;4;607;0;55.898641494785124;24.916801463318514;23.074199739093615;0;2.6492104274187342
608;4;608;0;44.1581688888427;24.867715201262566;23.074199739093615;0;2.6492104274187342
609;4;609;0;150.53666595200158;9.61003159776978;23.074199739093615;1;2.6492104274187342
610;4;610;0;124.883534577647;11.886263224596915;23.074199739093615;1;2.6492104274187342
611;4;611;0;90.64933261309496;16.920907491135004;23.074199739093615;1;2.6492104274187342
612;4;612;0;78.23047463164411;22.33651479994741;23.074199739093615;0;2.6492104274187342
613;4;613;0;111.0107972157709;13.582381563814616;23.074199739093615;1;2.6492104274187342
614;4;614;0;86.67835516749585;19.53352811187001;23.074199739093615;0;2.6492104274187342
615;4;615;0;75.39061166310442;22.15381856387622;23.074199739093615;0;2.6492104274187342
616;4;616;0;73.40060208013504;22.144901419632987;23.074199739093615;0;2.6492104274187342
617;4;617;0;62.15058504629239;23.160472410558725;23.074199739093615;1;2.6492104274187342
618;4;618;0;76.49912073838422;21.81215115690162;23.074199739093615;0;2.6492104274187342
619;4;619;0;93.36593570351124;16.47548521780789;23.074199739093615;1;2.6492104274187342
620;4;620;0;137.623203770958;10.44662721744664;23.074199739093615;1;2.6492104274187342
621;4;621;0;73.48538543371359;23.295350182552315;23.074199739093615;0;2.6492104274187342
622;4;622;1;0.0;;23.074199739093615;0;2.6492104274187342
623;4;623;0;77.42868361603064;21.088277045865585;23.074199739093615;0;2.6492104274187342
624;4;624;0;63.72858017813621;24.437066284668525;23.074199739093615;0;2.6492104274187342
625;4;625;0;60.004738693577345;22.3564257829921;23.074199739093615;0;2.6492104274187342
626;4;626;0;48.088897463016906;23.85895064324812;23.074199739093615;0;2.6492104274187342
627;4;627;0;165.8103470430963;11.193068184057783;23.074199739093615;1;2.6492104274187342
628;4;628;0;150.18291549767676;10.87061187051696;23.074199739093615;1;2.6492104274187342
629;4;629;0;140.31139103433833;15.044893639564325;23.074199739093615;1;2.6492104274187342
630;4;630;0;152.3002050230183;13.638010082464831;23.074199739093615;1;2.6492104274187342
631;4;631;0;71.03968589182705;22.0148417837236;23.074199739093615;0;2.6492104274187342
632;4;632;0;129.29565625457684;14.573495353944377;23.074199739093615;1;2.6492104274187342
633;4;633;0;40.90791687085575;25.57221375381939;23.074199739093615;0;2.6492104274187342
634;4;634;0;71.93592225359477;22.340102375816915;23.074199739093615;0;2.6492104274187342
635;4;635;0;83.38917486432626;20.10085283649915;23.074199739093615;1;2.6492104274187342
636;4;636;0;57.318163165985055;22.385984564837322;23.074199739093615;0;2.6492104274187342
637;4;637;0;106.04091371848769;14.357895307633676;23.074199739093615;1;2.6492104274187342
638;4;638;0;65.27699448388832;23.407582131411388;23.074199739093615;0;2.6492104274187342
639;4;639;1;0.0;;23.074199739093615;0;2.6492104274187342
640;4;640;0;79.36654742231194;19.315739479045853;23.074199739093615;1;2.6492104274187342
641;4;641;0;67.27200251860629;23.313528915223955;23.074199739093615;0;2.6492104274187342
642;4;642;0;55.967934493024;23.44708426256971;23.074199739093615;0;2.6492104274187342
643;4;643;0;90.95955992612807;16.799667455125764;23.074199739093615;1;2.6492104274187342
644;4;644;0;75.14691917467842;22.588980020104486;23.074199739093615;0;2.6492104274187342
645;4;645;0;61.27494659611609;21.73721865688058;23.074199739093615;0;2.6492104274187342
646;4;646;0;53.31612740202442;25.070942961481574;23.074199739093615;0;2.6492104274187342
647;4;647;0;141.77149641344633;13.421944989168605;23.074199739093615;1;2.6492104274187342
648;4;648;0;134.80696127970052;13.50581487345544;23.074199739093615;1;2.6492104274187342
649;4;649;0;78.85150740099958;21.199603525337228;23.074199739093615;0;2.6492104274187342
650;4;650;0;77.60713727000343;18.989591619680724;23.074199739093615;1;2.6492104274187342
651;4;651;0;145.14858606578412;10.572139978213336;23.074199739093615;1;2.6492104274187342
652;4;652;0;78.24374198334746;22.359818535927015;23.074199739093615;0;2.6492104274187342
