simulated_sales_data.csv.csv
;global_id;date_placed;offer_dummy;sales;price;avg_price;promo_dummy;elasticity
653;4;653;0;53.45088918274596;23.889631578168895;23.074199739093615;0;2.6492104274187342
654;4;654;0;72.9568255652593;19.78768009038746;23.074199739093615;1;2.6492104274187342
655;4;655;0;89.11532706203734;17.172427576000914;23.074199739093615;1;2.6492104274187342
656;4;656;0;66.3879503413477;23.537785704813526;23.074199739093615;0;2.6492104274187342
657;4;657;0;48.3355228151315;25.352453296685;23.074199739093615;0;2.6492104274187342
658;4;658;0;132.9235812915402;10.865590105916873;23.074199739093615;1;2.6492104274187342
659;4;659;0;103.59140100929498;14.751566487770026;23.074199739093615;1;2.6492104274187342
660;4;660;0;65.07170457855115;21.107418189683493;23.074199739093615;1;2.6492104274187342
661;4;661;0;53.98312070080701;22.90492770459531;23.074199739093615;0;2.6492104274187342
662;4;662;0;48.25786369751383;24.210898284470066;23.074199739093615;0;2.6492104274187342
663;4;663;0;63.128407433129524;22.841723584830735;23.074199739093615;0;2.6492104274187342
664;4;664;0;61.56303059657861;23.26809278563685;23.074199739093615;0;2.6492104274187342
665;4;665;0;62.707200570787016;24.01148707604558;23.074199739093615;0;2.6492104274187342
666;4;666;0;71.45212898967915;22.39089313661634;23.074199739093615;0;2.6492104274187342
667;4;667;0;147.66471161918304;11.893287802440684;23.074199739093615;1;2.6492104274187342
668;4;668;1;0.0;;23.074199739093615;0;2.6492104274187342
669;4;669;0;53.77978074148484;24.82612383421936;23.074199739093615;0;2.6492104274187342
670;4;670;0;170.08871656515916;10.102085139796605;23.074199739093615;1;2.6492104274187342
671;4;671;0;50.783162476676566;23.45181037231484;23.074199739093615;0;2.6492104274187342
672;4;672;1;0.0;;23.074199739093615;0;2.6492104274187342
673;4;673;0;147.71777746448743;10.499388364372873;23.074199739093615;1;2.6492104274187342
674;4;674;0;87.81287012086364;17.332671666763208;23.074199739093615;1;2.6492104274187342
675;4;675;0;104.31032901168324;14.65755901937367;23.074199739093615;1;2.6492104274187342
676;4;676;0;41.214399195328;25.38097717198949;23.074199739093615;0;2.6492104274187342
677;4;677;0;44.26825453901581;24.511851241745653;23.074199739093615;0;2.6492104274187342
678;4;678;0;45.77030447614048;24.279405612555642;23.074199739093615;0;2.6492104274187342
679;4;679;0;71.26697480961337;21.80600974341124;23.074199739093615;0;2.6492104274187342
680;4;680;0;117.23551653645613;12.561758182937158;23.074199739093615;1;2.6492104274187342
681;4;681;0;75.57095543316467;22.032243947403142;23.074199739093615;0;2.6492104274187342
682;4;682;0;176.82140616667417;10.46727568050983;23.074199739093615;1;2.6492104274187342
683;4;683;1;0.0;;23.074199739093615;0;2.6492104274187342
684;4;684;0;46.29386588256202;24.187524432707928;23.074199739093615;0;2.6492104274187342
685;4;685;0;27.721136522212237;27.86285981815074;23.074199739093615;0;2.6492104274187342
686;4;686;0;91.30432947775554;21.187820730352072;23.074199739093615;1;2.6492104274187342
687;4;687;0;38.09680156553294;25.516383344778607;23.074199739093615;0;2.6492104274187342
688;4;688;0;53.97871425223175;22.912323045621864;23.074199739093615;0;2.6492104274187342
689;4;689;0;108.09995788952808;16.39569678342629;23.074199739093615;1;2.6492104274187342
690;4;690;0;59.879724001617234;23.286484447897255;23.074199739093615;0;2.6492104274187342
691;4;691;0;74.73282764871585;22.835279865770737;23.074199739093615;0;2.6492104274187342
692;4;692;0;57.47206929641588;23.555833445015523;23.074199739093615;0;2.6492104274187342
693;4;693;0;57.21396065048616;23.564443321952748;23.074199739093615;0;2.6492104274187342
694;4;694;0;50.98161025865179;23.641981281084227;23.074199739093615;0;2.6492104274187342
695;4;695;0;103.08293195456226;14.797628912382851;23.074199739093615;1;2.6492104274187342
696;4;696;1;0.0;;23.074199739093615;0;2.6492104274187342
697;4;697;0;163.48863088365036;9.555180280689349;23.074199739093615;1;2.6492104274187342
698;4;698;0;59.60487839299784;22.011047976396764;23.074199739093615;0;2.6492104274187342
699;4;699;0;97.01669880103785;15.876895308219792;23.074199739093615;1;2.6492104274187342
700;4;700;0;119.63820036129654;12.167807040378934;23.074199739093615;1;2.6492104274187342
701;4;701;0;56.84547521344582;25.08552986521306;23.074199739093615;0;2.6492104274187342
702;4;702;1;0.0;;23.074199739093615;0;2.6492104274187342
703;4;703;0;109.46033725177524;18.502407271398997;23.074199739093615;1;2.6492104274187342
704;4;704;0;121.32221444116493;15.469826706228938;23.074199739093615;1;2.6492104274187342
705;4;705;0;83.74571026301561;20.12767310176759;23.074199739093615;1;2.6492104274187342
706;4;706;0;101.78878469937233;18.76809140770898;23.074199739093615;1;2.6492104274187342
707;4;707;0;69.93087855578689;21.158543628741658;23.074199739093615;0;2.6492104274187342
708;4;708;0;118.93599980017316;14.415110888723614;23.074199739093615;1;2.6492104274187342
709;4;709;0;123.1039704252961;13.649256539667808;23.074199739093615;1;2.6492104274187342
710;4;710;0;76.38882415706153;21.503671493842074;23.074199739093615;0;2.6492104274187342
711;4;711;0;81.913989769479;20.626681259232225;23.074199739093615;0;2.6492104274187342
712;4;712;1;0.0;;23.074199739093615;0;2.6492104274187342
713;4;713;0;146.30256597150543;12.596481163477767;23.074199739093615;1;2.6492104274187342
714;4;714;0;40.513187006278045;26.065696324258955;23.074199739093615;0;2.6492104274187342
715;4;715;0;46.08883269562526;24.633483311196628;23.074199739093615;0;2.6492104274187342
716;4;716;0;67.59356959384583;21.678884578705723;23.074199739093615;0;2.6492104274187342
717;4;717;0;64.69916962650852;21.1757729263809;23.074199739093615;0;2.6492104274187342
718;4;718;0;118.1491017198828;15.43621231849606;23.074199739093615;1;2.6492104274187342
719;4;719;0;81.02691990988258;22.832293837638527;23.074199739093615;0;2.6492104274187342
720;4;720;0;61.50724823957743;24.210315491291013;23.074199739093615;0;2.6492104274187342
721;4;721;0;52.42567043897069;24.051719718688936;23.074199739093615;0;2.6492104274187342
722;4;722;0;132.1805797690741;10.11132143581925;23.074199739093615;1;2.6492104274187342
723;4;723;0;59.85237786125741;24.266038063640625;23.074199739093615;0;2.6492104274187342
724;4;724;0;56.55121280066129;24.036146109256627;23.074199739093615;0;2.6492104274187342
725;4;725;0;51.170785647572615;25.171586548859526;23.074199739093615;0;2.6492104274187342
726;4;726;0;116.14566379401302;15.346983117822168;23.074199739093615;1;2.6492104274187342
727;4;727;0;75.76606162669826;23.12594783386669;23.074199739093615;0;2.6492104274187342
728;4;728;0;114.80898291530065;14.534788883855585;23.074199739093615;1;2.6492104274187342
729;4;729;0;78.72184994828105;19.690039929239134;23.074199739093615;1;2.6492104274187342
730;4;730;0;157.81528157302031;12.526919786938961;23.074199739093615;1;2.6492104274187342
731;4;731;0;56.76092602173861;24.442319529964433;23.074199739093615;0;2.6492104274187342
732;4;732;0;57.408251139253466;22.31832865344046;23.074199739093615;0;2.6492104274187342
733;4;733;0;50.68395418257263;23.473749081318786;23.074199739093615;0;2.6492104274187342
734;4;734;0;55.42587994890666;22.69624891493811;23.074199739093615;0;2.6492104274187342
735;4;735;0;103.98320530713718;14.722826911862342;23.074199739093615;1;2.6492104274187342
736;4;736;0;72.61479914692816;20.425005612706837;23.074199739093615;0;2.6492104274187342
737;4;737;0;44.13891274724599;24.807779497693424;23.074199739093615;0;2.6492104274187342
738;4;738;0;58.51959543992753;23.278627708675135;23.074199739093615;0;2.6492104274187342
739;4;739;0;68.8437112187452;21.693616610379756;23.074199739093615;0;2.6492104274187342
740;4;740;0;53.731627796114864;25.012673713059264;23.074199739093615;0;2.6492104274187342
741;4;741;0;96.43034174150543;20.996419287497293;23.074199739093615;0;2.6492104274187342
742;4;742;0;88.1141960815231;19.033125125898913;23.074199739093615;1;2.6492104274187342
743;4;743;0;88.13206594687776;17.333645975086743;23.074199739093615;1;2.6492104274187342
744;4;744;0;168.43946712616076;11.11277199934266;23.074199739093615;1;2.6492104274187342
745;4;745;0;58.31512300159625;22.222520083051094;23.074199739093615;0;2.6492104274187342
746;4;746;0;135.5067255411362;9.54706922266536;23.074199739093615;1;2.6492104274187342
747;4;747;1;0.0;;23.074199739093615;0;2.6492104274187342
748;4;748;0;104.50659206104811;15.001906185857813;23.074199739093615;1;2.6492104274187342
749;4;749;0;44.090946142327724;24.5547581693633;23.074199739093615;0;2.6492104274187342
750;4;750;0;49.777780058263716;24.280482137681435;23.074199739093615;0;2.6492104274187342
751;4;751;0;54.76499483543389;22.80460959180312;23.074199739093615;0;2.6492104274187342
752;4;752;0;66.21936598988772;22.724568103247023;23.074199739093615;0;2.6492104274187342
753;4;753;0;139.1367164718118;9.981955834351906;23.074199739093615;1;2.6492104274187342
754;4;754;0;129.14081153471733;12.890907397077319;23.074199739093615;1;2.6492104274187342
755;4;755;0;64.70213100651688;22.734966269700553;23.074199739093615;0;2.6492104274187342
756;4;756;0;74.7444920609438;22.73731560862489;23.074199739093615;0;2.6492104274187342
757;4;757;0;63.76151356280624;22.6037225303816;23.074199739093615;0;2.6492104274187342
758;4;758;0;69.41974064075187;20.401774148280364;23.074199739093615;0;2.6492104274187342
759;4;759;0;68.46963450678092;21.921225120095112;23.074199739093615;0;2.6492104274187342
760;4;760;0;42.12553850325672;24.87701221585904;23.074199739093615;0;2.6492104274187342
761;4;761;0;70.25184603305635;23.03075769781822;23.074199739093615;0;2.6492104274187342
762;4;762;0;59.92914160009531;21.929199839361885;23.074199739093615;0;2.6492104274187342
763;4;763;0;72.96637907809603;20.404212886263473;23.074199739093615;0;2.6492104274187342
764;4;764;0;76.32532690248084;21.29456129889453;23.074199739093615;0;2.6492104274187342
765;4;765;0;63.45876858798324;21.7967778335898;23.074199739093615;0;2.6492104274187342
766;4;766;0;145.1036527903636;13.223306129137756;23.074199739093615;1;2.6492104274187342
767;4;767;0;50.209124657407095;23.542669427694825;23.074199739093615;0;2.6492104274187342
768;4;768;0;29.441819102308937;26.938102232704725;23.074199739093615;0;2.6492104274187342
769;4;769;0;54.43335743945395;22.854189197267665;23.074199739093615;0;2.6492104274187342
770;4;770;0;103.43010800871019;14.825333775680749;23.074199739093615;1;2.6492104274187342
771;4;771;0;58.652464025576315;22.667704923580505;23.074199739093615;0;2.6492104274187342
772;4;772;0;133.70134798332379;10.315792472277813;23.074199739093615;1;2.6492104274187342
773;4;773;1;0.0;;23.074199739093615;0;2.6492104274187342
774;4;774;0;145.69388005579998;10.790535856468413;23.074199739093615;1;2.6492104274187342
775;4;775;1;0.0;;23.074199739093615;0;2.6492104274187342
776;4;776;0;67.42438810416684;22.191609041399413;23.074199739093615;0;2.6492104274187342
777;4;777;0;103.64546331577922;20.234614273043434;23.074199739093615;1;2.6492104274187342
778;4;778;0;29.057869903417604;27.016710604321297;23.074199739093615;0;2.6492104274187342
779;4;779;0;139.26913537218766;16.127804254272718;23.074199739093615;1;2.6492104274187342
780;4;780;0;110.62705513225805;13.618853941069844;23.074199739093615;1;2.6492104274187342
781;4;781;0;168.75594616545564;9.316483119761457;23.074199739093615;1;2.6492104274187342
782;4;782;0;71.95123170191137;22.334711117657257;23.074199739093615;0;2.6492104274187342
783;4;783;0;104.12154906998333;15.589195902484974;23.074199739093615;1;2.6492104274187342
784;4;784;0;164.5515905995536;10.475116526896748;23.074199739093615;1;2.6492104274187342
785;4;785;0;102.0176309077913;15.056927696608438;23.074199739093615;1;2.6492104274187342
786;4;786;0;147.6617500008955;11.848832261907669;23.074199739093615;1;2.6492104274187342
787;4;787;0;92.49154500845113;19.56812529877159;23.074199739093615;1;2.6492104274187342
788;4;788;0;73.03538665146057;20.661402262469867;23.074199739093615;0;2.6492104274187342
789;4;789;1;0.0;;23.074199739093615;0;2.6492104274187342
790;4;790;0;92.5745174856877;16.605248488334627;23.074199739093615;1;2.6492104274187342
791;4;791;0;133.99491809366341;10.450361486842212;23.074199739093615;1;2.6492104274187342
792;4;792;0;64.69970929332796;21.175684441013864;23.074199739093615;0;2.6492104274187342
793;4;793;0;80.91319815268938;22.89429489568842;23.074199739093615;0;2.6492104274187342
794;4;794;0;70.27712127789928;21.577574546355258;23.074199739093615;0;2.6492104274187342
795;4;795;0;73.87921480783493;19.952209157866058;23.074199739093615;1;2.6492104274187342
796;4;796;0;66.91779146753521;23.181154669574713;23.074199739093615;0;2.6492104274187342
797;4;797;0;159.5534119321558;9.352629378261401;23.074199739093615;1;2.6492104274187342
798;4;798;0;133.9539713159683;11.649688356400135;23.074199739093615;1;2.6492104274187342
799;4;799;0;49.99655654246268;25.376735011294446;23.074199739093615;0;2.6492104274187342
800;4;800;0;97.04466366819096;15.872310105933682;23.074199739093615;1;2.6492104274187342
801;4;801;0;69.06709499510505;20.459594970805764;23.074199739093615;0;2.6492104274187342
802;4;802;1;0.0;;23.074199739093615;0;2.6492104274187342
803;4;803;0;64.77832409992449;24.245235562673052;23.074199739093615;0;2.6492104274187342
804;4;804;1;0.0;;23.074199739093615;0;2.6492104274187342
805;4;805;0;46.28234432803103;24.549217942938913;23.074199739093615;0;2.6492104274187342
806;4;806;0;161.43589600135329;14.303323021799722;23.074199739093615;1;2.6492104274187342
807;4;807;0;63.989169908546366;23.191045931784792;23.074199739093615;0;2.6492104274187342
808;4;808;0;69.42489175660785;22.37753517677225;23.074199739093615;0;2.6492104274187342
809;4;809;0;95.64583116712438;19.595841223888623;23.074199739093615;1;2.6492104274187342
810;4;810;0;58.139689723145075;22.72037325322992;23.074199739093615;0;2.6492104274187342
811;4;811;0;114.44352772734652;15.987003027284517;23.074199739093615;1;2.6492104274187342
812;4;812;1;0.0;;23.074199739093615;0;2.6492104274187342
813;4;813;0;41.81609590016665;24.927749339813175;23.074199739093615;0;2.6492104274187342
814;4;814;0;65.8911804069037;20.98032731509262;23.074199739093615;0;2.6492104274187342
815;4;815;0;68.14928126163898;21.242828048338016;23.074199739093615;1;2.6492104274187342
816;4;816;0;63.34593220815318;22.719007033591545;23.074199739093615;0;2.6492104274187342
817;4;817;0;49.86232600172013;23.60846566668822;23.074199739093615;0;2.6492104274187342
818;4;818;0;35.549938877054615;26.786847600261094;23.074199739093615;0;2.6492104274187342
819;4;819;0;141.40484815189546;14.75967881103153;23.074199739093615;1;2.6492104274187342
820;4;820;0;105.77254344306064;15.31823538521258;23.074199739093615;1;2.6492104274187342
821;4;821;0;92.4520729546105;18.660636873611026;23.074199739093615;1;2.6492104274187342
822;4;822;0;148.85349243786254;10.078758362688674;23.074199739093615;1;2.6492104274187342
823;4;823;1;0.0;;23.074199739093615;0;2.6492104274187342
824;4;824;1;0.0;;23.074199739093615;0;2.6492104274187342
825;4;825;0;62.105991502461585;21.60095807736228;23.074199739093615;1;2.6492104274187342
826;4;826;0;79.50881172690822;19.86607141732658;23.074199739093615;1;2.6492104274187342
827;4;827;0;158.64543737962595;11.12109544929395;23.074199739093615;1;2.6492104274187342
828;4;828;0;184.92037830053556;9.180485976296334;23.074199739093615;1;2.6492104274187342
829;4;829;0;141.20609533599077;9.31382476716766;23.074199739093615;1;2.6492104274187342
830;4;830;0;58.93042324094251;23.17944750565804;23.074199739093615;0;2.6492104274187342
831;4;831;0;79.11323323737601;18.744045326114726;23.074199739093615;1;2.6492104274187342
832;4;832;0;133.64011602622875;10.550060363817133;23.074199739093615;1;2.6492104274187342
833;4;833;0;162.45177962733723;9.308444848331957;23.074199739093615;1;2.6492104274187342
834;4;834;0;89.38255817234412;17.095883589977745;23.074199739093615;1;2.6492104274187342
835;4;835;0;93.44112805120834;18.287237088980632;23.074199739093615;1;2.6492104274187342
836;4;836;0;121.1415948692614;14.328716822565395;23.074199739093615;1;2.6492104274187342
837;4;837;0;96.38626541056072;19.396504070317384;23.074199739093615;1;2.6492104274187342
838;4;838;0;150.40573513398883;11.19369785428972;23.074199739093615;1;2.6492104274187342
839;4;839;0;134.87041944830008;9.64788720978321;23.074199739093615;1;2.6492104274187342
840;4;840;0;149.26485475710678;12.60139850174056;23.074199739093615;1;2.6492104274187342
841;4;841;0;99.38359274592285;16.300193343941796;23.074199739093615;1;2.6492104274187342
842;4;842;0;115.61571923218168;17.10274092461963;23.074199739093615;1;2.6492104274187342
843;4;843;0;125.40854192102498;15.475107834351716;23.074199739093615;1;2.6492104274187342
844;4;844;0;57.528085308234225;23.328901578209965;23.074199739093615;0;2.6492104274187342
845;4;845;0;143.39203037888194;14.622390686363817;23.074199739093615;1;2.6492104274187342
846;4;846;0;36.87200778392782;26.054797100861503;23.074199739093615;0;2.6492104274187342
847;4;847;0;72.97462291503295;21.598153016775818;23.074199739093615;1;2.6492104274187342
848;4;848;0;53.93773011837999;24.241858936916778;23.074199739093615;0;2.6492104274187342
849;4;849;0;38.46882126505007;26.051972903371404;23.074199739093615;0;2.6492104274187342
0;5;0;0;63.64316677764765;20.196143667470103;34.04326488065008;1;1.6698101747478513
1;5;1;0;59.519291805063474;22.161487843817802;34.04326488065008;1;1.6698101747478513
2;5;2;0;72.12150971508895;14.722789111747085;34.04326488065008;1;1.6698101747478513
3;5;3;0;37.17432108593156;34.319309752815045;34.04326488065008;0;1.6698101747478513
4;5;4;0;71.14383766162634;16.161418743771165;34.04326488065008;1;1.6698101747478513
5;5;5;0;37.04853982907344;34.50179790102449;34.04326488065008;0;1.6698101747478513
6;5;6;0;37.04412093680254;34.00607776353566;34.04326488065008;0;1.6698101747478513
7;5;7;0;30.788042618387255;37.86941454777763;34.04326488065008;0;1.6698101747478513
8;5;8;0;34.03491640605617;36.122871765425394;34.04326488065008;0;1.6698101747478513
9;5;9;0;35.55103174476698;35.30733027068193;34.04326488065008;0;1.6698101747478513
