simulated_sales_data.csv.csv
;global_id;date_placed;offer_dummy;sales;price;avg_price;promo_dummy;elasticity
10;5;10;0;38.08095392624489;33.24805900640647;34.04326488065008;0;1.6698101747478513
11;5;11;0;35.88096630022369;34.99067666562538;34.04326488065008;0;1.6698101747478513
12;5;12;0;46.678392088395405;29.067928853355557;34.04326488065008;1;1.6698101747478513
13;5;13;0;62.09005424237469;20.09710548088074;34.04326488065008;1;1.6698101747478513
14;5;14;0;43.655146212589074;30.948003867270057;34.04326488065008;1;1.6698101747478513
15;5;15;0;36.42138664023576;34.39871472299529;34.04326488065008;0;1.6698101747478513
16;5;16;0;71.47889019265011;15.735672016331117;34.04326488065008;1;1.6698101747478513
17;5;17;0;47.057718831576175;28.94737769413447;34.04326488065008;1;1.6698101747478513
18;5;18;0;34.518157848555035;35.15316590815235;34.04326488065008;0;1.6698101747478513
19;5;19;0;51.77099327406439;25.4258060572025;34.04326488065008;1;1.6698101747478513
20;5;20;0;70.7238653372914;14.999151214753608;34.04326488065008;1;1.6698101747478513
21;5;21;0;38.17902042290863;33.72737772098103;34.04326488065008;0;1.6698101747478513
22;5;22;0;39.92334346693598;32.95539730995206;34.04326488065008;1;1.6698101747478513
23;5;23;0;37.24572758039483;34.39572761115163;34.04326488065008;0;1.6698101747478513
24;5;24;1;0.0;;34.04326488065008;0;1.6698101747478513
25;5;25;0;38.068273053013165;33.788586321351005;34.04326488065008;0;1.6698101747478513
26;5;26;0;36.33526530247618;34.493608357297234;34.04326488065008;0;1.6698101747478513
27;5;27;0;38.65680161656566;32.93733400469146;34.04326488065008;0;1.6698101747478513
28;5;28;0;35.75138634644163;34.34125368537483;34.04326488065008;0;1.6698101747478513
29;5;29;0;35.28697476786423;35.4493705338085;34.04326488065008;0;1.6698101747478513
30;5;30;0;39.33457690575721;33.27210379599487;34.04326488065008;0;1.6698101747478513
31;5;31;0;53.56004328261555;25.620009119430915;34.04326488065008;1;1.6698101747478513
32;5;32;0;34.815840303511344;35.702800926254916;34.04326488065008;0;1.6698101747478513
33;5;33;0;62.20962493528595;20.808105462566317;34.04326488065008;1;1.6698101747478513
34;5;34;1;0.0;;34.04326488065008;0;1.6698101747478513
35;5;35;0;37.28300461641107;34.375675726643856;34.04326488065008;0;1.6698101747478513
36;5;36;0;37.059771572013574;34.4957561757071;34.04326488065008;0;1.6698101747478513
37;5;37;0;65.43507547831167;17.951299409964818;34.04326488065008;1;1.6698101747478513
38;5;38;0;36.568086049906015;34.760241294619156;34.04326488065008;0;1.6698101747478513
39;5;39;0;68.79862270432507;17.422945530643826;34.04326488065008;1;1.6698101747478513
40;5;40;0;37.35813778503042;33.46196596947472;34.04326488065008;0;1.6698101747478513
41;5;41;0;33.37727830543557;35.93764691519412;34.04326488065008;0;1.6698101747478513
42;5;42;0;34.51277574335229;35.86582396156439;34.04326488065008;0;1.6698101747478513
43;5;43;0;39.204645150010165;33.25178372879519;34.04326488065008;0;1.6698101747478513
44;5;44;0;38.934884610149226;32.77446654583274;34.04326488065008;0;1.6698101747478513
45;5;45;0;39.02056001089615;33.441018258681765;34.04326488065008;0;1.6698101747478513
46;5;46;1;0.0;;34.04326488065008;0;1.6698101747478513
47;5;47;1;0.0;;34.04326488065008;0;1.6698101747478513
48;5;48;1;0.0;;34.04326488065008;0;1.6698101747478513
49;5;49;0;50.33692052035673;27.353775864056953;34.04326488065008;1;1.6698101747478513
50;5;50;0;63.3970369887319;20.32854062357763;34.04326488065008;1;1.6698101747478513
51;5;51;0;69.66557510047471;16.956598653876178;34.04326488065008;1;1.6698101747478513
52;5;52;0;64.06464651157509;19.9694233095694;34.04326488065008;1;1.6698101747478513
53;5;53;0;34.49760102533852;35.71804647373254;34.04326488065008;0;1.6698101747478513
54;5;54;1;0.0;;34.04326488065008;0;1.6698101747478513
55;5;55;0;33.733648108967174;35.577276604133644;34.04326488065008;0;1.6698101747478513
56;5;56;1;0.0;;34.04326488065008;0;1.6698101747478513
57;5;57;0;31.267831879272162;37.30819261937878;34.04326488065008;0;1.6698101747478513
58;5;58;0;48.365335520229074;28.106700086591527;34.04326488065008;1;1.6698101747478513
59;5;59;0;38.065630838123695;33.246894231928046;34.04326488065008;0;1.6698101747478513
60;5;60;0;38.42155324962784;33.675299148150216;34.04326488065008;0;1.6698101747478513
61;5;61;0;47.29176231151827;28.276919515674038;34.04326488065008;1;1.6698101747478513
62;5;62;0;37.544143101868;34.235205364444575;34.04326488065008;0;1.6698101747478513
63;5;63;0;36.95769480668766;34.55066481995527;34.04326488065008;0;1.6698101747478513
64;5;64;0;45.07795974985122;30.182650830273086;34.04326488065008;1;1.6698101747478513
65;5;65;0;70.80514605216149;16.343606110647155;34.04326488065008;1;1.6698101747478513
66;5;66;0;33.10812166960877;36.62140874700187;34.04326488065008;0;1.6698101747478513
67;5;67;0;28.07384435251476;38.86117870606337;34.04326488065008;0;1.6698101747478513
68;5;68;0;64.80560835468444;18.226467534487902;34.04326488065008;1;1.6698101747478513
69;5;69;0;36.23663309459634;34.80742115304601;34.04326488065008;0;1.6698101747478513
70;5;70;0;49.341062760482345;27.88946289610719;34.04326488065008;1;1.6698101747478513
71;5;71;0;63.556528016118776;20.076343112232003;34.04326488065008;1;1.6698101747478513
72;5;72;0;38.9617446150507;33.02315948747786;34.04326488065008;0;1.6698101747478513
73;5;73;0;53.82703207332823;25.316887156403393;34.04326488065008;1;1.6698101747478513
74;5;74;0;44.77842498506668;30.34377513497654;34.04326488065008;0;1.6698101747478513
75;5;75;0;38.14583780734659;33.429536797500546;34.04326488065008;0;1.6698101747478513
76;5;76;0;68.66033387351888;17.49733319555454;34.04326488065008;1;1.6698101747478513
77;5;77;0;68.25076115419925;16.203282959331005;34.04326488065008;1;1.6698101747478513
78;5;78;0;59.29910699801497;22.066723145271606;34.04326488065008;1;1.6698101747478513
79;5;79;0;41.820494772534424;31.934890774586556;34.04326488065008;0;1.6698101747478513
80;5;80;1;0.0;;34.04326488065008;0;1.6698101747478513
81;5;81;0;40.964990462259244;32.241608417006574;34.04326488065008;0;1.6698101747478513
82;5;82;0;44.539458646713236;30.472318762099167;34.04326488065008;1;1.6698101747478513
83;5;83;1;0.0;;34.04326488065008;0;1.6698101747478513
84;5;84;0;37.26351087159086;34.38616170840454;34.04326488065008;0;1.6698101747478513
85;5;85;0;34.78298958730854;35.5988121076192;34.04326488065008;0;1.6698101747478513
86;5;86;0;63.644605357152955;19.113909123196066;34.04326488065008;1;1.6698101747478513
87;5;87;0;35.98368532181647;34.41136733719884;34.04326488065008;0;1.6698101747478513
88;5;88;0;37.716325659647104;33.41363071767105;34.04326488065008;0;1.6698101747478513
89;5;89;0;57.78643163417577;23.118457067781062;34.04326488065008;1;1.6698101747478513
90;5;90;0;45.563003225543504;29.92173856912677;34.04326488065008;0;1.6698101747478513
91;5;91;0;40.57089513089048;32.37789466879981;34.04326488065008;0;1.6698101747478513
92;5;92;0;37.65616672075998;34.17494615641135;34.04326488065008;0;1.6698101747478513
93;5;93;0;48.33168472171758;27.876161077510467;34.04326488065008;1;1.6698101747478513
94;5;94;1;0.0;;34.04326488065008;0;1.6698101747478513
95;5;95;0;36.46480898430205;34.81579559863866;34.04326488065008;0;1.6698101747478513
96;5;96;0;37.91485408614816;33.530270426116616;34.04326488065008;0;1.6698101747478513
97;5;97;0;34.37440522465312;35.70648393636461;34.04326488065008;0;1.6698101747478513
98;5;98;0;54.9502155042169;24.872214342471757;34.04326488065008;1;1.6698101747478513
99;5;99;0;57.6112869053883;22.6329946477604;34.04326488065008;1;1.6698101747478513
100;5;100;0;64.58658697629622;19.44673706128392;34.04326488065008;1;1.6698101747478513
101;5;101;0;47.91310541808534;28.159638365961307;34.04326488065008;1;1.6698101747478513
102;5;102;0;33.829267220492774;36.23349358944161;34.04326488065008;0;1.6698101747478513
103;5;103;0;42.637105351448795;31.367485845434924;34.04326488065008;0;1.6698101747478513
104;5;104;0;76.78375247889102;13.127622803015761;34.04326488065008;1;1.6698101747478513
105;5;105;0;36.64082249591311;34.721115254281486;34.04326488065008;0;1.6698101747478513
106;5;106;0;48.71346952954613;28.227054838210893;34.04326488065008;1;1.6698101747478513
107;5;107;0;53.4685976537644;24.70907459354247;34.04326488065008;1;1.6698101747478513
108;5;108;0;55.833202309564626;23.139188047711702;34.04326488065008;1;1.6698101747478513
109;5;109;0;61.41799837644853;21.393095586387403;34.04326488065008;1;1.6698101747478513
110;5;110;0;40.03240723816871;32.896730248982195;34.04326488065008;0;1.6698101747478513
111;5;111;0;73.76497203105839;14.751470709482568;34.04326488065008;1;1.6698101747478513
112;5;112;0;60.630866890745914;21.81650558166877;34.04326488065008;1;1.6698101747478513
113;5;113;0;37.605675799459995;34.2021059907436;34.04326488065008;0;1.6698101747478513
114;5;114;0;35.8328859144496;34.640001630528474;34.04326488065008;0;1.6698101747478513
115;5;115;0;37.01166863572172;34.52163147659177;34.04326488065008;0;1.6698101747478513
116;5;116;0;37.00290434851019;33.86646796972794;34.04326488065008;0;1.6698101747478513
117;5;117;0;71.44236282474158;15.078410889375462;34.04326488065008;1;1.6698101747478513
118;5;118;0;36.35046980269178;34.8773003830685;34.04326488065008;0;1.6698101747478513
119;5;119;0;50.60842935805638;27.207727131694732;34.04326488065008;1;1.6698101747478513
120;5;120;0;37.85270166056763;33.67556827884221;34.04326488065008;0;1.6698101747478513
121;5;121;0;36.31220440931985;34.897883920026864;34.04326488065008;0;1.6698101747478513
122;5;122;0;48.68204757408983;27.500367988893842;34.04326488065008;1;1.6698101747478513
123;5;123;0;44.93074112159037;29.140102002553434;34.04326488065008;1;1.6698101747478513
124;5;124;1;0.0;;34.04326488065008;0;1.6698101747478513
125;5;125;0;45.04945612824394;29.369473842948967;34.04326488065008;1;1.6698101747478513
126;5;126;0;34.958215547526514;35.62621511754109;34.04326488065008;0;1.6698101747478513
127;5;127;0;67.33541827250966;17.12185994137732;34.04326488065008;1;1.6698101747478513
128;5;128;0;32.13509462949845;37.052305458545774;34.04326488065008;0;1.6698101747478513
129;5;129;0;41.92866536004597;31.876704170722068;34.04326488065008;0;1.6698101747478513
130;5;130;0;39.139770834157915;33.376892944129395;34.04326488065008;0;1.6698101747478513
131;5;131;0;57.51409198219295;23.49306619866089;34.04326488065008;1;1.6698101747478513
132;5;132;0;61.1437032223475;21.540643120710655;34.04326488065008;1;1.6698101747478513
133;5;133;0;33.07249554044793;36.64057258360843;34.04326488065008;0;1.6698101747478513
134;5;134;1;0.0;;34.04326488065008;0;1.6698101747478513
135;5;135;0;60.68425071294951;21.103087214055147;34.04326488065008;1;1.6698101747478513
136;5;136;0;36.20072534159983;34.124593661318556;34.04326488065008;0;1.6698101747478513
137;5;137;1;0.0;;34.04326488065008;0;1.6698101747478513
138;5;138;0;61.63954368361175;21.27392299684621;34.04326488065008;1;1.6698101747478513
139;5;139;0;40.71619531890468;32.528910242672275;34.04326488065008;0;1.6698101747478513
140;5;140;0;36.596216806569174;34.74510933285374;34.04326488065008;0;1.6698101747478513
141;5;141;0;33.50427656452591;35.74171855414005;34.04326488065008;0;1.6698101747478513
142;5;142;0;69.45359248215716;17.070627327677034;34.04326488065008;1;1.6698101747478513
143;5;143;0;60.44518967948946;21.916384177011427;34.04326488065008;1;1.6698101747478513
144;5;144;0;52.492440321457416;25.984370262899766;34.04326488065008;1;1.6698101747478513
145;5;145;0;34.30831186952169;35.15431602082471;34.04326488065008;0;1.6698101747478513
146;5;146;0;59.789771539280395;22.268943560918586;34.04326488065008;1;1.6698101747478513
147;5;147;0;33.6875464851581;36.30972732798373;34.04326488065008;0;1.6698101747478513
148;5;148;0;35.458876023921206;35.35690223424483;34.04326488065008;0;1.6698101747478513
149;5;149;0;37.20407591523717;34.41813267519518;34.04326488065008;0;1.6698101747478513
150;5;150;0;66.67379280090695;18.565923845857455;34.04326488065008;1;1.6698101747478513
151;5;151;0;36.39500089816428;34.85334642967398;34.04326488065008;0;1.6698101747478513
152;5;152;1;0.0;;34.04326488065008;0;1.6698101747478513
153;5;153;0;36.80756064902123;34.63142426630416;34.04326488065008;0;1.6698101747478513
154;5;154;1;0.0;;34.04326488065008;0;1.6698101747478513
155;5;155;0;59.38799714446917;22.485064117269282;34.04326488065008;1;1.6698101747478513
156;5;156;0;49.10889564878355;28.014349115823237;34.04326488065008;1;1.6698101747478513
157;5;157;0;64.10854431238174;19.37208277549555;34.04326488065008;1;1.6698101747478513
158;5;158;0;65.07620350131093;18.86436504946334;34.04326488065008;1;1.6698101747478513
159;5;159;0;40.71029017470985;32.5320867095283;34.04326488065008;0;1.6698101747478513
160;5;160;0;37.46952101655522;34.11406041532354;34.04326488065008;0;1.6698101747478513
161;5;161;0;39.89041381650953;32.97311066964474;34.04326488065008;0;1.6698101747478513
162;5;162;0;52.6235861525435;26.123743649464455;34.04326488065008;1;1.6698101747478513
163;5;163;0;38.33189609681958;33.81146104988752;34.04326488065008;0;1.6698101747478513
164;5;164;0;35.51082835303007;34.49477398272914;34.04326488065008;0;1.6698101747478513
165;5;165;0;47.05637489274965;28.37401981131991;34.04326488065008;1;1.6698101747478513
166;5;166;0;33.3584665560886;36.48674442581985;34.04326488065008;0;1.6698101747478513
167;5;167;0;36.6332918526393;34.725166101809435;34.04326488065008;0;1.6698101747478513
168;5;168;0;34.658451968098056;35.54913960191316;34.04326488065008;0;1.6698101747478513
169;5;169;0;62.894518327397556;19.74831823887998;34.04326488065008;1;1.6698101747478513
170;5;170;0;66.05341403017441;18.315421661080773;34.04326488065008;1;1.6698101747478513
171;5;171;0;37.341902083344216;34.34399388358559;34.04326488065008;0;1.6698101747478513
172;5;172;0;60.222189888021205;21.00254728558343;34.04326488065008;1;1.6698101747478513
173;5;173;0;30.21434032427115;38.17801773550018;34.04326488065008;0;1.6698101747478513
174;5;174;0;44.0659382608018;30.306477319362973;34.04326488065008;1;1.6698101747478513
175;5;175;0;34.88364819860241;35.66632602839853;34.04326488065008;0;1.6698101747478513
176;5;176;0;34.2080812811693;35.945830327642504;34.04326488065008;0;1.6698101747478513
177;5;177;0;47.5564426491607;28.849437190921787;34.04326488065008;1;1.6698101747478513
178;5;178;1;0.0;;34.04326488065008;0;1.6698101747478513
179;5;179;0;31.84734664501775;36.83216431312363;34.04326488065008;0;1.6698101747478513
180;5;180;0;65.3799986439701;18.00378007228808;34.04326488065008;1;1.6698101747478513
181;5;181;0;55.494616717016;24.024807359820024;34.04326488065008;1;1.6698101747478513
182;5;182;0;66.6791781230788;18.56302699917201;34.04326488065008;1;1.6698101747478513
183;5;183;0;34.5002957842502;35.47196656654747;34.04326488065008;0;1.6698101747478513
184;5;184;0;38.261185492289385;33.84949735928981;34.04326488065008;0;1.6698101747478513
185;5;185;0;37.679546073687014;34.16237004696544;34.04326488065008;0;1.6698101747478513
186;5;186;0;35.50629295583449;35.331395945546774;34.04326488065008;0;1.6698101747478513
187;5;187;0;42.277409435818704;31.175718140708263;34.04326488065008;0;1.6698101747478513
188;5;188;0;39.811435126594134;33.015594507900246;34.04326488065008;0;1.6698101747478513
189;5;189;0;41.41372011824671;32.1537010465436;34.04326488065008;0;1.6698101747478513
190;5;190;0;31.829123837140944;37.30940112952827;34.04326488065008;0;1.6698101747478513
191;5;191;0;57.56984103528352;23.463077935283334;34.04326488065008;1;1.6698101747478513
192;5;192;0;52.8367761735777;24.976839106532687;34.04326488065008;1;1.6698101747478513
193;5;193;0;47.296847784976684;28.98907721576606;34.04326488065008;1;1.6698101747478513
194;5;194;0;60.68095099872413;21.78956457840831;34.04326488065008;1;1.6698101747478513
195;5;195;0;35.76616440394635;35.19160714200198;34.04326488065008;0;1.6698101747478513
196;5;196;0;40.78577335931206;31.57276479871451;34.04326488065008;1;1.6698101747478513
197;5;197;0;68.76142720860526;17.05427412071613;34.04326488065008;1;1.6698101747478513
198;5;198;0;41.56120729323201;32.07436545242892;34.04326488065008;0;1.6698101747478513
199;5;199;0;35.526512313034694;35.320519645853224;34.04326488065008;0;1.6698101747478513
200;5;200;0;48.100267043581965;28.556905779768456;34.04326488065008;1;1.6698101747478513
201;5;201;0;57.19605744401995;22.698689008239732;34.04326488065008;1;1.6698101747478513
202;5;202;0;48.17006618471292;28.519359760388326;34.04326488065008;1;1.6698101747478513
203;5;203;0;38.6872456041699;33.62031314643892;34.04326488065008;0;1.6698101747478513
204;5;204;0;37.65471022738448;34.17572962634547;34.04326488065008;0;1.6698101747478513
205;5;205;0;38.470927255429686;32.98929390823281;34.04326488065008;0;1.6698101747478513
206;5;206;0;63.76016578287279;20.133208123472542;34.04326488065008;1;1.6698101747478513
207;5;207;0;37.41805541425287;34.30302984890222;34.04326488065008;0;1.6698101747478513
208;5;208;0;39.284010841862006;32.34770372787861;34.04326488065008;0;1.6698101747478513
209;5;209;0;45.262178727861425;30.083556640767487;34.04326488065008;1;1.6698101747478513
210;5;210;0;36.03715982198052;34.752456860966184;34.04326488065008;0;1.6698101747478513
211;5;211;1;0.0;;34.04326488065008;0;1.6698101747478513
212;5;212;0;61.79540347070783;19.924297365982298;34.04326488065008;1;1.6698101747478513
213;5;213;0;66.78414546811337;18.506563468144392;34.04326488065008;1;1.6698101747478513
214;5;214;0;67.0026734981821;18.38901391783303;34.04326488065008;1;1.6698101747478513
215;5;215;0;37.86047770274456;34.06504417244891;34.04326488065008;0;1.6698101747478513
216;5;216;0;70.71707136434807;16.390982824485764;34.04326488065008;1;1.6698101747478513
217;5;217;0;37.694249709338884;33.97313681202837;34.04326488065008;0;1.6698101747478513
218;5;218;0;36.24040539480458;34.863774372084556;34.04326488065008;0;1.6698101747478513
219;5;219;0;74.27183950630929;14.312792917775814;34.04326488065008;1;1.6698101747478513
220;5;220;0;36.58018495292681;34.32517937874487;34.04326488065008;0;1.6698101747478513
221;5;221;1;0.0;;34.04326488065008;0;1.6698101747478513
222;5;222;1;0.0;;34.04326488065008;0;1.6698101747478513
