simulated_sales_data.csv.csv
;global_id;date_placed;offer_dummy;sales;price;avg_price;promo_dummy;elasticity
223;5;223;0;39.23981163158193;33.32307947797458;34.04326488065008;0;1.6698101747478513
224;5;224;1;0.0;;34.04326488065008;0;1.6698101747478513
225;5;225;0;65.37560690763038;19.264237778066533;34.04326488065008;1;1.6698101747478513
226;5;226;0;31.282725257451744;37.60331723408028;34.04326488065008;0;1.6698101747478513
227;5;227;0;46.901306039950384;28.657660695757446;34.04326488065008;1;1.6698101747478513
228;5;228;0;46.41955298268969;28.35994672690542;34.04326488065008;1;1.6698101747478513
229;5;229;0;38.92444727432624;32.60327951693819;34.04326488065008;0;1.6698101747478513
230;5;230;0;36.5779229312982;34.754949886538675;34.04326488065008;0;1.6698101747478513
231;5;231;0;43.51015905489581;30.143768211406435;34.04326488065008;1;1.6698101747478513
232;5;232;0;64.4668960718816;19.753047154473425;34.04326488065008;1;1.6698101747478513
233;5;233;0;39.140737726027254;33.37637283829032;34.04326488065008;0;1.6698101747478513
234;5;234;0;34.87512901255323;35.67090862811713;34.04326488065008;0;1.6698101747478513
235;5;235;0;38.96404835387094;32.59914129576173;34.04326488065008;0;1.6698101747478513
236;5;236;0;38.94393586022592;32.944319408077114;34.04326488065008;0;1.6698101747478513
237;5;237;0;68.36737327372103;17.654921156944884;34.04326488065008;1;1.6698101747478513
238;5;238;1;0.0;;34.04326488065008;0;1.6698101747478513
239;5;239;0;40.519981908243466;32.26034591181427;34.04326488065008;0;1.6698101747478513
240;5;240;0;33.826133505519216;35.83272888634645;34.04326488065008;0;1.6698101747478513
241;5;241;0;41.23613180015006;32.24922850325588;34.04326488065008;1;1.6698101747478513
242;5;242;1;0.0;;34.04326488065008;0;1.6698101747478513
243;5;243;0;37.577011840466376;34.21752477015045;34.04326488065008;0;1.6698101747478513
244;5;244;0;38.10970985679824;33.93097840695912;34.04326488065008;0;1.6698101747478513
245;5;245;0;37.03311029149376;34.417266886061306;34.04326488065008;0;1.6698101747478513
246;5;246;0;67.06323874315676;18.138452173085664;34.04326488065008;1;1.6698101747478513
247;5;247;0;65.00288051898748;18.24305897511044;34.04326488065008;1;1.6698101747478513
248;5;248;0;64.4329970057173;18.26863850811749;34.04326488065008;1;1.6698101747478513
249;5;249;0;39.193742184122556;32.74982307833474;34.04326488065008;0;1.6698101747478513
250;5;250;0;40.387426923448714;32.13453227929632;34.04326488065008;0;1.6698101747478513
251;5;251;0;40.14750692159271;32.01501576322846;34.04326488065008;0;1.6698101747478513
252;5;252;0;55.23312517700975;23.816717814559524;34.04326488065008;1;1.6698101747478513
253;5;253;0;41.73479037632278;31.980992472529913;34.04326488065008;0;1.6698101747478513
254;5;254;0;56.9304603564938;23.67521256897744;34.04326488065008;1;1.6698101747478513
255;5;255;0;45.618641398994555;29.051622881541135;34.04326488065008;1;1.6698101747478513
256;5;256;0;36.42029252784352;34.569943063190216;34.04326488065008;0;1.6698101747478513
257;5;257;0;66.58101608771179;17.29009859800676;34.04326488065008;1;1.6698101747478513
258;5;258;0;41.6285276749749;32.03815279541565;34.04326488065008;0;1.6698101747478513
259;5;259;1;0.0;;34.04326488065008;0;1.6698101747478513
260;5;260;0;38.174548400356805;33.561074994081366;34.04326488065008;0;1.6698101747478513
261;5;261;0;49.999518995761775;27.5352692746644;34.04326488065008;1;1.6698101747478513
262;5;262;0;43.8613408005672;30.20345980047674;34.04326488065008;1;1.6698101747478513
263;5;263;0;34.2547874848009;36.00459976880882;34.04326488065008;0;1.6698101747478513
264;5;264;0;69.7744833344454;16.898015258764662;34.04326488065008;1;1.6698101747478513
265;5;265;0;73.47523980573655;14.90732207915161;34.04326488065008;1;1.6698101747478513
266;5;266;0;64.9205969485101;19.508994553959106;34.04326488065008;1;1.6698101747478513
267;5;267;0;33.07871917960535;36.637224793468995;34.04326488065008;0;1.6698101747478513
268;5;268;0;37.1115694696525;33.72952563394543;34.04326488065008;0;1.6698101747478513
269;5;269;0;41.09166455954181;32.32693962874802;34.04326488065008;0;1.6698101747478513
270;5;270;0;39.76607516619914;33.039994320340305;34.04326488065008;0;1.6698101747478513
271;5;271;0;62.992094056760635;20.546365584247486;34.04326488065008;1;1.6698101747478513
272;5;272;0;46.74000621499394;29.288610763593084;34.04326488065008;1;1.6698101747478513
273;5;273;0;38.962498336671366;33.38489282500596;34.04326488065008;0;1.6698101747478513
274;5;274;0;35.43109220219918;34.562296979091755;34.04326488065008;0;1.6698101747478513
275;5;275;0;39.95873649173943;31.980126456439912;34.04326488065008;0;1.6698101747478513
276;5;276;0;59.67173985148817;21.390029343226168;34.04326488065008;1;1.6698101747478513
277;5;277;1;0.0;;34.04326488065008;0;1.6698101747478513
278;5;278;0;41.23746207423031;32.248512928599965;34.04326488065008;0;1.6698101747478513
279;5;279;0;38.71093168528582;32.77005210197575;34.04326488065008;0;1.6698101747478513
280;5;280;0;58.5778706330132;22.35639564983334;34.04326488065008;1;1.6698101747478513
281;5;281;0;48.554760451518675;28.312426864612217;34.04326488065008;1;1.6698101747478513
282;5;282;0;47.566253934212334;28.844159551502106;34.04326488065008;1;1.6698101747478513
283;5;283;0;73.98610917870496;14.632517675151853;34.04326488065008;1;1.6698101747478513
284;5;284;0;57.16301459686185;23.464716833039244;34.04326488065008;1;1.6698101747478513
285;5;285;0;39.11013626670254;33.23414559398708;34.04326488065008;0;1.6698101747478513
286;5;286;0;58.05645560772731;23.086670868283075;34.04326488065008;1;1.6698101747478513
287;5;287;0;35.939280435612915;34.80182736774956;34.04326488065008;0;1.6698101747478513
288;5;288;0;42.29035268905646;31.274532320602162;34.04326488065008;0;1.6698101747478513
289;5;289;0;42.5305941350009;31.218703928297238;34.04326488065008;0;1.6698101747478513
290;5;290;0;41.385375606061146;31.100639995275376;34.04326488065008;0;1.6698101747478513
291;5;291;0;60.723869373326224;21.618029398540187;34.04326488065008;1;1.6698101747478513
292;5;292;0;62.726596423595396;19.596643578248187;34.04326488065008;1;1.6698101747478513
293;5;293;0;61.03961868855874;21.27897451504152;34.04326488065008;1;1.6698101747478513
294;5;294;0;38.91151190341729;33.32550127316735;34.04326488065008;0;1.6698101747478513
295;5;295;0;68.19349827693435;16.23435556644886;34.04326488065008;1;1.6698101747478513
296;5;296;1;0.0;;34.04326488065008;0;1.6698101747478513
297;5;297;0;40.04944888503897;32.75887538742375;34.04326488065008;0;1.6698101747478513
298;5;298;1;0.0;;34.04326488065008;0;1.6698101747478513
299;5;299;0;35.825218217240746;35.08382803319263;34.04326488065008;0;1.6698101747478513
300;5;300;0;62.60631373747733;19.90206697108974;34.04326488065008;1;1.6698101747478513
301;5;301;0;37.014983838313434;34.41774755761767;34.04326488065008;0;1.6698101747478513
302;5;302;0;36.486673076673796;34.80403457088649;34.04326488065008;0;1.6698101747478513
303;5;303;0;35.871425172377734;35.13498577406742;34.04326488065008;0;1.6698101747478513
304;5;304;0;54.200926639416394;25.27526821653496;34.04326488065008;1;1.6698101747478513
305;5;305;0;61.53028853862832;21.332693000666605;34.04326488065008;1;1.6698101747478513
306;5;306;0;64.82610881540299;19.559821157544036;34.04326488065008;1;1.6698101747478513
307;5;307;0;36.12638641670294;34.190157437574044;34.04326488065008;0;1.6698101747478513
308;5;308;1;0.0;;34.04326488065008;0;1.6698101747478513
309;5;309;0;43.00804666641973;31.296088552950707;34.04326488065008;0;1.6698101747478513
310;5;310;0;36.26299954987299;34.85152352084422;34.04326488065008;0;1.6698101747478513
311;5;311;0;41.14025990670796;32.300799452566466;34.04326488065008;0;1.6698101747478513
312;5;312;0;69.84788705713282;16.321482555115985;34.04326488065008;1;1.6698101747478513
313;5;313;0;57.4792689134439;23.51179805686061;34.04326488065008;1;1.6698101747478513
314;5;314;1;0.0;;34.04326488065008;0;1.6698101747478513
315;5;315;0;39.896703477876706;32.24474446284313;34.04326488065008;0;1.6698101747478513
316;5;316;0;37.263837463714765;33.84504566563612;34.04326488065008;0;1.6698101747478513
317;5;317;0;34.15127816436327;35.91721228478053;34.04326488065008;0;1.6698101747478513
318;5;318;0;71.47478062190169;15.983399493120169;34.04326488065008;1;1.6698101747478513
319;5;319;0;52.50712665309047;26.186388985103473;34.04326488065008;1;1.6698101747478513
320;5;320;0;70.27111541298203;16.630869311932074;34.04326488065008;1;1.6698101747478513
321;5;321;0;43.03270025443089;31.282827013077025;34.04326488065008;0;1.6698101747478513
322;5;322;0;41.32038002803473;32.203910100398105;34.04326488065008;0;1.6698101747478513
323;5;323;0;34.89801135544509;35.390769162239806;34.04326488065008;0;1.6698101747478513
324;5;324;0;57.246035235114284;22.544063839803204;34.04326488065008;1;1.6698101747478513
325;5;325;0;68.45643142926883;17.60701542085735;34.04326488065008;1;1.6698101747478513
326;5;326;1;0.0;;34.04326488065008;0;1.6698101747478513
327;5;327;0;39.55639570099373;33.15278409306039;34.04326488065008;0;1.6698101747478513
328;5;328;0;65.70370969296124;19.087746300705888;34.04326488065008;1;1.6698101747478513
329;5;329;0;42.87093383432455;31.369843630272523;34.04326488065008;0;1.6698101747478513
330;5;330;0;46.66527435186523;29.328810169142784;34.04326488065008;1;1.6698101747478513
331;5;331;0;67.05511168672844;18.36080661883883;34.04326488065008;1;1.6698101747478513
332;5;332;0;63.76697610862039;19.175350215013246;34.04326488065008;1;1.6698101747478513
333;5;333;0;44.91210591434747;30.1331390988936;34.04326488065008;1;1.6698101747478513
334;5;334;0;35.589335188901835;35.286726265639594;34.04326488065008;0;1.6698101747478513
335;5;335;0;41.240497588296556;31.274534950151985;34.04326488065008;0;1.6698101747478513
336;5;336;0;37.64666061047888;34.180059637681474;34.04326488065008;0;1.6698101747478513
337;5;337;0;54.8398441711449;24.931584760837758;34.04326488065008;1;1.6698101747478513
338;5;338;0;32.970530114006436;36.69542133697766;34.04326488065008;0;1.6698101747478513
339;5;339;0;45.16316419672719;29.557499388751072;34.04326488065008;1;1.6698101747478513
340;5;340;0;51.73647352320164;26.390981244882035;34.04326488065008;1;1.6698101747478513
341;5;341;0;35.32169515715272;35.43069390845196;34.04326488065008;0;1.6698101747478513
342;5;342;0;44.525685599102275;30.077226587371886;34.04326488065008;1;1.6698101747478513
343;5;343;0;39.77585488751066;33.034733659536386;34.04326488065008;0;1.6698101747478513
344;5;344;0;41.61867575444956;31.463468757204545;34.04326488065008;0;1.6698101747478513
345;5;345;0;64.79050421649887;18.1934477624775;34.04326488065008;1;1.6698101747478513
346;5;346;0;60.49006378505932;21.892245713269716;34.04326488065008;1;1.6698101747478513
347;5;347;0;55.650877366803776;24.495317672321494;34.04326488065008;1;1.6698101747478513
348;5;348;0;64.59383573034566;19.684764381941072;34.04326488065008;1;1.6698101747478513
349;5;349;1;0.0;;34.04326488065008;0;1.6698101747478513
350;5;350;0;60.28326904600288;22.003483747929124;34.04326488065008;1;1.6698101747478513
351;5;351;0;75.56166915942231;13.785000003557805;34.04326488065008;1;1.6698101747478513
352;5;352;0;54.001378852378245;24.427886997994158;34.04326488065008;1;1.6698101747478513
353;5;353;0;40.808048609314945;32.47950096103939;34.04326488065008;0;1.6698101747478513
354;5;354;0;36.46523046038433;34.15573891901192;34.04326488065008;0;1.6698101747478513
355;5;355;0;50.43372657833274;26.27163241144695;34.04326488065008;1;1.6698101747478513
356;5;356;0;44.548625091728134;30.467387991940683;34.04326488065008;1;1.6698101747478513
357;5;357;0;65.2733710274179;18.86951853495353;34.04326488065008;1;1.6698101747478513
358;5;358;0;68.67332101175367;17.490347216415607;34.04326488065008;1;1.6698101747478513
359;5;359;0;68.37899911678505;17.64866743917817;34.04326488065008;1;1.6698101747478513
360;5;360;1;0.0;;34.04326488065008;0;1.6698101747478513
361;5;361;0;35.60170816808328;35.280070651994365;34.04326488065008;0;1.6698101747478513
362;5;362;0;58.21234625706693;23.117464606551174;34.04326488065008;1;1.6698101747478513
363;5;363;0;31.753316139925932;37.172049748178935;34.04326488065008;0;1.6698101747478513
364;5;364;0;52.317313884628675;25.71221602268443;34.04326488065008;1;1.6698101747478513
365;5;365;0;40.142412264681035;32.2365981849207;34.04326488065008;0;1.6698101747478513
366;5;366;0;40.84510440329473;31.946923039861367;34.04326488065008;0;1.6698101747478513
367;5;367;0;56.38034139021308;23.8645780876231;34.04326488065008;1;1.6698101747478513
368;5;368;0;35.56286553836148;35.300964693162776;34.04326488065008;0;1.6698101747478513
369;5;369;0;43.19032054518585;31.19804066190568;34.04326488065008;0;1.6698101747478513
370;5;370;0;70.08450934189213;16.731247555103376;34.04326488065008;1;1.6698101747478513
371;5;371;0;38.24306815945446;33.859242948113895;34.04326488065008;0;1.6698101747478513
372;5;372;0;37.383497615626055;33.893254746289486;34.04326488065008;0;1.6698101747478513
373;5;373;1;0.0;;34.04326488065008;0;1.6698101747478513
374;5;374;0;45.092132142888545;30.175027284552893;34.04326488065008;0;1.6698101747478513
375;5;375;1;0.0;;34.04326488065008;0;1.6698101747478513
376;5;376;0;39.52771508509732;33.168211832468536;34.04326488065008;0;1.6698101747478513
377;5;377;0;42.74689684330004;31.436565013851183;34.04326488065008;0;1.6698101747478513
378;5;378;0;34.844479257319485;35.687395597517565;34.04326488065008;0;1.6698101747478513
379;5;379;0;73.99151743495898;14.62960849187487;34.04326488065008;1;1.6698101747478513
380;5;380;0;35.71931742568454;35.21680684396419;34.04326488065008;0;1.6698101747478513
381;5;381;0;33.549701307684884;36.38387634502044;34.04326488065008;0;1.6698101747478513
382;5;382;0;70.31124840146447;16.60928116716511;34.04326488065008;1;1.6698101747478513
383;5;383;1;0.0;;34.04326488065008;0;1.6698101747478513
384;5;384;0;35.84101083894277;35.15134610650246;34.04326488065008;0;1.6698101747478513
385;5;385;0;30.956772879681484;37.12951679039178;34.04326488065008;0;1.6698101747478513
386;5;386;0;57.374088474855654;23.56837621415105;34.04326488065008;1;1.6698101747478513
387;5;387;0;36.36339391299214;34.87034830761391;34.04326488065008;0;1.6698101747478513
388;5;388;0;39.42382228253465;32.76784304342652;34.04326488065008;0;1.6698101747478513
389;5;389;0;37.498242602424845;34.13656784986627;34.04326488065008;0;1.6698101747478513
390;5;390;0;69.39103212532785;16.094941642877544;34.04326488065008;1;1.6698101747478513
391;5;391;0;66.95979031776642;18.412081432660305;34.04326488065008;1;1.6698101747478513
392;5;392;0;46.945578606239145;29.178030248408362;34.04326488065008;1;1.6698101747478513
393;5;393;0;32.868090650997694;36.75052508182461;34.04326488065008;0;1.6698101747478513
394;5;394;0;60.41482523533218;21.650972489627456;34.04326488065008;1;1.6698101747478513
395;5;395;0;74.96455369254912;14.106197492927114;34.04326488065008;1;1.6698101747478513
396;5;396;0;67.83814835099797;16.497723156243463;34.04326488065008;1;1.6698101747478513
397;5;397;1;0.0;;34.04326488065008;0;1.6698101747478513
398;5;398;0;74.45466038123284;14.380476858522192;34.04326488065008;1;1.6698101747478513
399;5;399;0;33.62824458308318;35.63186273732993;34.04326488065008;0;1.6698101747478513
400;5;400;0;41.282099193564235;32.22450194335818;34.04326488065008;0;1.6698101747478513
401;5;401;0;61.488273548544534;21.355293502712644;34.04326488065008;1;1.6698101747478513
402;5;402;0;31.913143161186724;36.91490027505851;34.04326488065008;0;1.6698101747478513
403;5;403;0;68.47566219622381;16.843458955724795;34.04326488065008;1;1.6698101747478513
404;5;404;0;37.471094585672795;33.88340690833638;34.04326488065008;0;1.6698101747478513
405;5;405;1;0.0;;34.04326488065008;0;1.6698101747478513
406;5;406;0;39.85577921593271;32.99174114794877;34.04326488065008;0;1.6698101747478513
407;5;407;0;43.45545451912918;31.05542106569417;34.04326488065008;0;1.6698101747478513
408;5;408;1;0.0;;34.04326488065008;0;1.6698101747478513
409;5;409;0;37.97077772284523;33.07974675671892;34.04326488065008;0;1.6698101747478513
410;5;410;0;51.81924030511445;26.556413511680073;34.04326488065008;1;1.6698101747478513
411;5;411;0;74.6549042118834;14.272762657107421;34.04326488065008;1;1.6698101747478513
412;5;412;0;38.4773052778711;33.73324324030779;34.04326488065008;0;1.6698101747478513
413;5;413;0;34.55292453841196;35.84422731419919;34.04326488065008;0;1.6698101747478513
414;5;414;0;32.91913650619043;36.723066740113126;34.04326488065008;0;1.6698101747478513
415;5;415;1;0.0;;34.04326488065008;0;1.6698101747478513
416;5;416;0;63.3622838697121;20.347234854754333;34.04326488065008;1;1.6698101747478513
417;5;417;0;39.03610692285694;33.086178996328876;34.04326488065008;0;1.6698101747478513
418;5;418;0;64.53095106559175;19.718590999336453;34.04326488065008;1;1.6698101747478513
419;5;419;0;70.77583733746675;16.35937171394979;34.04326488065008;1;1.6698101747478513
420;5;420;0;35.72183149091717;34.71582616237978;34.04326488065008;0;1.6698101747478513
421;5;421;0;36.14579507836301;34.98739802956895;34.04326488065008;0;1.6698101747478513
422;5;422;0;37.78763164532502;34.10422917443208;34.04326488065008;0;1.6698101747478513
423;5;423;0;65.27703129663527;18.457046308256718;34.04326488065008;1;1.6698101747478513
424;5;424;0;38.85598972518317;33.529543117822655;34.04326488065008;0;1.6698101747478513
425;5;425;0;40.688917241860494;32.5435835351048;34.04326488065008;0;1.6698101747478513
426;5;426;0;37.88130992348533;34.05383820413768;34.04326488065008;0;1.6698101747478513
427;5;427;0;50.88663477944939;26.03468862738192;34.04326488065008;1;1.6698101747478513
428;5;428;0;39.59357249775596;33.0316429721126;34.04326488065008;0;1.6698101747478513
429;5;429;0;36.981340775743064;34.53794529363975;34.04326488065008;0;1.6698101747478513
430;5;430;0;58.90986167265235;22.742260458087873;34.04326488065008;1;1.6698101747478513
431;5;431;0;40.55807496552884;32.613965585131346;34.04326488065008;1;1.6698101747478513
432;5;432;0;36.614751887281486;34.64124436649948;34.04326488065008;0;1.6698101747478513
