simulated_sales_data.csv.csv
;global_id;date_placed;offer_dummy;sales;price;avg_price;promo_dummy;elasticity
433;5;433;0;51.22755281693638;26.874691208771424;34.04326488065008;1;1.6698101747478513
434;5;434;1;0.0;;34.04326488065008;0;1.6698101747478513
435;5;435;0;45.22595534027184;29.718624975351542;34.04326488065008;1;1.6698101747478513
436;5;436;0;40.279294747503876;31.99319867414207;34.04326488065008;1;1.6698101747478513
437;5;437;1;0.0;;34.04326488065008;0;1.6698101747478513
438;5;438;0;34.266088697226635;35.499508933375466;34.04326488065008;0;1.6698101747478513
439;5;439;0;70.18521161788034;15.674336510423876;34.04326488065008;1;1.6698101747478513
440;5;440;0;57.797949753806556;23.340374786968454;34.04326488065008;1;1.6698101747478513
441;5;441;0;37.91577895450385;34.03529678821671;34.04326488065008;0;1.6698101747478513
442;5;442;0;64.30762015024453;18.381378223498725;34.04326488065008;1;1.6698101747478513
443;5;443;0;42.51652974824925;31.560482977241215;34.04326488065008;0;1.6698101747478513
444;5;444;1;0.0;;34.04326488065008;0;1.6698101747478513
445;5;445;0;38.89369608917923;33.50926029126618;34.04326488065008;0;1.6698101747478513
446;5;446;0;39.755568019198606;32.92954645610436;34.04326488065008;0;1.6698101747478513
447;5;447;0;70.1669931571476;16.686878256628503;34.04326488065008;1;1.6698101747478513
448;5;448;0;39.178328462484565;32.922005456340706;34.04326488065008;0;1.6698101747478513
449;5;449;0;58.813924955236644;21.662118790701648;34.04326488065008;1;1.6698101747478513
450;5;450;0;50.51855237301449;26.09351527666217;34.04326488065008;1;1.6698101747478513
451;5;451;0;33.22282602906748;36.42156693475068;34.04326488065008;0;1.6698101747478513
452;5;452;0;55.49832316371834;24.57737889790047;34.04326488065008;1;1.6698101747478513
453;5;453;0;54.50356980759756;25.112471854378082;34.04326488065008;1;1.6698101747478513
454;5;454;0;37.93020347689557;34.027537618282906;34.04326488065008;0;1.6698101747478513
455;5;455;1;0.0;;34.04326488065008;0;1.6698101747478513
456;5;456;1;0.0;;34.04326488065008;0;1.6698101747478513
457;5;457;0;62.600478521697504;20.757021535464048;34.04326488065008;1;1.6698101747478513
458;5;458;0;43.01193131914506;31.29399893917972;34.04326488065008;0;1.6698101747478513
459;5;459;0;37.10142133268094;34.47335213611783;34.04326488065008;0;1.6698101747478513
460;5;460;1;0.0;;34.04326488065008;0;1.6698101747478513
461;5;461;0;37.237505962845624;34.18551301024675;34.04326488065008;0;1.6698101747478513
462;5;462;0;34.28214897647446;35.91900285499458;34.04326488065008;0;1.6698101747478513
463;5;463;0;46.64202005784166;28.671213243509065;34.04326488065008;1;1.6698101747478513
464;5;464;0;37.72611594525668;34.13731940490662;34.04326488065008;0;1.6698101747478513
465;5;465;1;0.0;;34.04326488065008;0;1.6698101747478513
466;5;466;0;37.838712288836945;34.00178824916079;34.04326488065008;0;1.6698101747478513
467;5;467;0;37.34542888056943;34.203989920774816;34.04326488065008;0;1.6698101747478513
468;5;468;0;76.19094948603603;13.446500547035196;34.04326488065008;1;1.6698101747478513
469;5;469;1;0.0;;34.04326488065008;0;1.6698101747478513
470;5;470;0;50.634442633169535;26.105811462416145;34.04326488065008;1;1.6698101747478513
471;5;471;0;69.05408539418437;16.159827747028043;34.04326488065008;1;1.6698101747478513
472;5;472;0;65.27323322204182;19.319306140238957;34.04326488065008;1;1.6698101747478513
473;5;473;0;69.09767797777174;17.120640097172487;34.04326488065008;1;1.6698101747478513
474;5;474;0;58.7538410916315;22.826186301068056;34.04326488065008;1;1.6698101747478513
475;5;475;0;36.83869276366385;33.943420627946445;34.04326488065008;0;1.6698101747478513
476;5;476;1;0.0;;34.04326488065008;0;1.6698101747478513
477;5;477;0;33.36025235774007;36.48578381595662;34.04326488065008;0;1.6698101747478513
478;5;478;0;39.8434761081598;32.99835917670089;34.04326488065008;0;1.6698101747478513
479;5;479;0;54.86971095121498;23.585148070459287;34.04326488065008;1;1.6698101747478513
480;5;480;0;62.67009357674533;19.783890615547328;34.04326488065008;1;1.6698101747478513
481;5;481;0;51.20808150247993;26.885165124898368;34.04326488065008;1;1.6698101747478513
482;5;482;0;43.787594138327705;30.773991836992174;34.04326488065008;1;1.6698101747478513
483;5;483;0;66.08633491207368;18.204922007515993;34.04326488065008;1;1.6698101747478513
484;5;484;0;62.95090258582155;19.05698050953272;34.04326488065008;1;1.6698101747478513
485;5;485;0;32.2419150502293;36.95498161162587;34.04326488065008;0;1.6698101747478513
486;5;486;0;36.30911841802769;34.8995439216685;34.04326488065008;0;1.6698101747478513
487;5;487;0;32.937412219069465;36.71323595625499;34.04326488065008;0;1.6698101747478513
488;5;488;1;0.0;;34.04326488065008;0;1.6698101747478513
489;5;489;0;51.7014775623752;26.50942739349334;34.04326488065008;1;1.6698101747478513
490;5;490;0;31.50480468439857;37.48385733338566;34.04326488065008;0;1.6698101747478513
491;5;491;0;41.51832934897829;32.097430150645046;34.04326488065008;0;1.6698101747478513
492;5;492;0;33.06108238063543;36.42764484185101;34.04326488065008;0;1.6698101747478513
493;5;493;0;36.403866804856;33.993306711496714;34.04326488065008;0;1.6698101747478513
494;5;494;0;63.413329764674224;20.31977649165029;34.04326488065008;1;1.6698101747478513
495;5;495;0;30.872882882908247;37.75921684283681;34.04326488065008;0;1.6698101747478513
496;5;496;0;33.489089260906574;35.8257169922493;34.04326488065008;0;1.6698101747478513
497;5;497;0;36.11331038883819;34.41814472971404;34.04326488065008;0;1.6698101747478513
498;5;498;0;38.23399380180101;33.10175740987096;34.04326488065008;0;1.6698101747478513
499;5;499;0;57.900126630318184;23.038627902814692;34.04326488065008;1;1.6698101747478513
500;5;500;0;72.09751038886401;15.648423682241846;34.04326488065008;1;1.6698101747478513
501;5;501;0;50.77388738847999;27.11872474117494;34.04326488065008;1;1.6698101747478513
502;5;502;0;65.71390619958974;19.082261444742326;34.04326488065008;1;1.6698101747478513
503;5;503;0;48.00536659495784;28.357160433732144;34.04326488065008;1;1.6698101747478513
504;5;504;0;36.84808255607925;34.42169512586909;34.04326488065008;0;1.6698101747478513
505;5;505;0;43.061265051072056;30.493690807127734;34.04326488065008;0;1.6698101747478513
506;5;506;0;75.33711425038643;13.905791503710315;34.04326488065008;1;1.6698101747478513
507;5;507;0;36.08515269686218;35.02001848870634;34.04326488065008;0;1.6698101747478513
508;5;508;0;38.67465139475626;33.52372111461429;34.04326488065008;0;1.6698101747478513
509;5;509;1;0.0;;34.04326488065008;0;1.6698101747478513
510;5;510;1;0.0;;34.04326488065008;0;1.6698101747478513
511;5;511;0;48.353156388109284;28.420872755911663;34.04326488065008;1;1.6698101747478513
512;5;512;0;46.23842795713425;29.55841733549516;34.04326488065008;1;1.6698101747478513
513;5;513;0;66.78074792504111;17.00019791105067;34.04326488065008;1;1.6698101747478513
514;5;514;0;43.88766721469776;30.44257615343224;34.04326488065008;0;1.6698101747478513
515;5;515;0;66.19017606277032;18.68538555138558;34.04326488065008;1;1.6698101747478513
516;5;516;0;35.921485622352805;35.10805749680659;34.04326488065008;0;1.6698101747478513
517;5;517;0;40.047401758356344;32.88866446856658;34.04326488065008;0;1.6698101747478513
518;5;518;1;0.0;;34.04326488065008;0;1.6698101747478513
519;5;519;1;0.0;;34.04326488065008;0;1.6698101747478513
520;5;520;0;53.47080262987459;25.55826788304767;34.04326488065008;1;1.6698101747478513
521;5;521;0;39.03107205972283;33.08276161926694;34.04326488065008;0;1.6698101747478513
522;5;522;1;0.0;;34.04326488065008;0;1.6698101747478513
523;5;523;0;38.05492211280749;33.96044956755422;34.04326488065008;0;1.6698101747478513
524;5;524;0;69.5431494458871;16.846843991127137;34.04326488065008;1;1.6698101747478513
525;5;525;0;53.02147452820695;25.909713441904163;34.04326488065008;1;1.6698101747478513
526;5;526;1;0.0;;34.04326488065008;0;1.6698101747478513
527;5;527;0;34.83849761500256;35.690613213876695;34.04326488065008;0;1.6698101747478513
528;5;528;0;38.78869435434356;33.56574232109074;34.04326488065008;0;1.6698101747478513
529;5;529;0;29.851272533381618;38.373317421028744;34.04326488065008;0;1.6698101747478513
530;5;530;0;31.79509950262909;36.95035939149183;34.04326488065008;0;1.6698101747478513
531;5;531;0;72.48559607354194;14.53082609393732;34.04326488065008;1;1.6698101747478513
532;5;532;1;0.0;;34.04326488065008;0;1.6698101747478513
533;5;533;0;54.562127729467186;24.954190044240185;34.04326488065008;1;1.6698101747478513
534;5;534;1;0.0;;34.04326488065008;0;1.6698101747478513
535;5;535;0;60.6213941194304;20.62610956173952;34.04326488065008;1;1.6698101747478513
536;5;536;0;51.75325227946709;26.59190947408975;34.04326488065008;1;1.6698101747478513
537;5;537;0;58.82850901387843;22.059261678261358;34.04326488065008;1;1.6698101747478513
538;5;538;0;42.79102132978539;30.85683876118381;34.04326488065008;1;1.6698101747478513
539;5;539;0;33.530542952857566;36.39418191540401;34.04326488065008;0;1.6698101747478513
540;5;540;0;45.433607267234024;29.320108473654777;34.04326488065008;1;1.6698101747478513
541;5;541;0;38.87706082556989;33.51820865251747;34.04326488065008;0;1.6698101747478513
542;5;542;1;0.0;;34.04326488065008;0;1.6698101747478513
543;5;543;0;60.567554657459766;21.850562194679252;34.04326488065008;1;1.6698101747478513
544;5;544;0;49.595588458751656;26.651921308032218;34.04326488065008;1;1.6698101747478513
545;5;545;0;39.25055730957965;33.08892283490978;34.04326488065008;0;1.6698101747478513
546;5;546;0;37.79056395705711;34.00458338052126;34.04326488065008;0;1.6698101747478513
547;5;547;0;39.00298418450359;33.361443217333736;34.04326488065008;0;1.6698101747478513
548;5;548;0;36.738716085604054;34.302616934783615;34.04326488065008;0;1.6698101747478513
549;5;549;0;35.428343274797456;35.3733262642795;34.04326488065008;0;1.6698101747478513
550;5;550;0;40.89938213883655;32.430371266692006;34.04326488065008;0;1.6698101747478513
551;5;551;0;56.71599766405031;23.922373268212585;34.04326488065008;1;1.6698101747478513
552;5;552;0;51.119608112138415;26.932756306889505;34.04326488065008;1;1.6698101747478513
553;5;553;0;37.5273677385045;34.24422908748399;34.04326488065008;0;1.6698101747478513
554;5;554;0;45.0272309782334;29.462043910984622;34.04326488065008;1;1.6698101747478513
555;5;555;0;41.00232435307197;31.524844993567022;34.04326488065008;0;1.6698101747478513
556;5;556;0;50.06593300750479;27.499544167856325;34.04326488065008;1;1.6698101747478513
557;5;557;0;69.81474720021686;16.87635671311383;34.04326488065008;1;1.6698101747478513
558;5;558;1;0.0;;34.04326488065008;0;1.6698101747478513
559;5;559;1;0.0;;34.04326488065008;0;1.6698101747478513
560;5;560;0;59.7454580698395;22.16133792896204;34.04326488065008;1;1.6698101747478513
561;5;561;0;45.72527986875484;29.46644606923045;34.04326488065008;1;1.6698101747478513
562;5;562;0;40.61472180363136;32.583494389544136;34.04326488065008;0;1.6698101747478513
563;5;563;0;38.00634207092311;33.98658151079198;34.04326488065008;0;1.6698101747478513
564;5;564;0;33.301361012511784;36.517462366056755;34.04326488065008;0;1.6698101747478513
565;5;565;0;73.5818158406609;14.849993209370545;34.04326488065008;1;1.6698101747478513
566;5;566;0;56.51213443996115;23.91119871637349;34.04326488065008;1;1.6698101747478513
567;5;567;0;72.81950864668707;15.04253907519613;34.04326488065008;1;1.6698101747478513
568;5;568;0;49.990358954613065;27.540196600085885;34.04326488065008;1;1.6698101747478513
569;5;569;0;32.613181151205296;36.82273647050759;34.04326488065008;0;1.6698101747478513
570;5;570;0;60.13767728796697;20.874799672464885;34.04326488065008;1;1.6698101747478513
571;5;571;0;35.02685962932526;35.51784844832096;34.04326488065008;0;1.6698101747478513
572;5;572;0;66.21536385668367;18.812519745826016;34.04326488065008;1;1.6698101747478513
573;5;573;0;34.77227273968478;35.4849198526892;34.04326488065008;0;1.6698101747478513
574;5;574;1;0.0;;34.04326488065008;0;1.6698101747478513
575;5;575;0;72.30595085517757;14.011849684890903;34.04326488065008;1;1.6698101747478513
576;5;576;0;73.45709912698355;14.392482170811096;34.04326488065008;1;1.6698101747478513
577;5;577;0;38.10767821694036;33.3906318133142;34.04326488065008;0;1.6698101747478513
578;5;578;0;36.31913834159663;34.894154052417804;34.04326488065008;0;1.6698101747478513
579;5;579;0;39.29226336594494;33.29486489247961;34.04326488065008;0;1.6698101747478513
580;5;580;0;38.48644512216396;33.72832677908219;34.04326488065008;0;1.6698101747478513
581;5;581;0;36.19824086167385;34.598930018163315;34.04326488065008;0;1.6698101747478513
582;5;582;0;38.38956782396361;33.78043855090042;34.04326488065008;0;1.6698101747478513
583;5;583;0;31.185004776763442;37.05885009571728;34.04326488065008;0;1.6698101747478513
584;5;584;1;0.0;;34.04326488065008;0;1.6698101747478513
585;5;585;0;59.62199787685906;22.139046377499536;34.04326488065008;1;1.6698101747478513
586;5;586;0;39.073578487325655;32.71689975632172;34.04326488065008;0;1.6698101747478513
587;5;587;0;37.61414643573873;34.197549506684766;34.04326488065008;0;1.6698101747478513
588;5;588;1;0.0;;34.04326488065008;0;1.6698101747478513
589;5;589;0;63.59472576605557;20.22220082419954;34.04326488065008;1;1.6698101747478513
590;5;590;0;42.67305215224198;31.47628719605374;34.04326488065008;0;1.6698101747478513
591;5;591;0;56.23995244886421;24.17844522820507;34.04326488065008;1;1.6698101747478513
592;5;592;0;67.02827446331659;18.375242769398895;34.04326488065008;1;1.6698101747478513
593;5;593;0;68.81533144658506;17.02372448143433;34.04326488065008;1;1.6698101747478513
594;5;594;0;29.920582166535677;38.2467683776966;34.04326488065008;0;1.6698101747478513
595;5;595;0;32.64811983615453;36.12532986939034;34.04326488065008;0;1.6698101747478513
596;5;596;0;56.13500700340616;24.234896979117472;34.04326488065008;1;1.6698101747478513
597;5;597;0;63.898335124585685;20.05888473356207;34.04326488065008;1;1.6698101747478513
598;5;598;0;42.5911499158682;30.760951398397125;34.04326488065008;1;1.6698101747478513
599;5;599;0;38.25668646049091;33.425516797764374;34.04326488065008;0;1.6698101747478513
600;5;600;0;68.72095183577268;17.464725871901436;34.04326488065008;1;1.6698101747478513
601;5;601;0;56.32568126558342;23.045960398688347;34.04326488065008;1;1.6698101747478513
602;5;602;1;0.0;;34.04326488065008;0;1.6698101747478513
603;5;603;0;37.62304655384024;33.528030971052814;34.04326488065008;0;1.6698101747478513
604;5;604;0;43.229075137999665;30.53569217753907;34.04326488065008;0;1.6698101747478513
605;5;605;0;73.85889600822577;14.700947573956178;34.04326488065008;1;1.6698101747478513
606;5;606;0;40.142709724199044;32.739321285009765;34.04326488065008;0;1.6698101747478513
607;5;607;0;49.87959137497871;26.69821986271002;34.04326488065008;1;1.6698101747478513
608;5;608;0;59.22378549287484;21.8038622940436;34.04326488065008;1;1.6698101747478513
609;5;609;0;40.82567389680449;32.470020050888635;34.04326488065008;0;1.6698101747478513
610;5;610;0;69.29533982137306;17.00483560008836;34.04326488065008;1;1.6698101747478513
611;5;611;0;40.75514639215166;32.50795786808268;34.04326488065008;0;1.6698101747478513
612;5;612;0;74.56267072730023;14.322376450967145;34.04326488065008;1;1.6698101747478513
613;5;613;0;37.575833346941536;33.65745107475222;34.04326488065008;0;1.6698101747478513
614;5;614;0;33.83332101124767;35.9424630254924;34.04326488065008;0;1.6698101747478513
615;5;615;0;35.84523513459094;35.149073793638664;34.04326488065008;0;1.6698101747478513
616;5;616;0;48.43622512243549;28.376188820574363;34.04326488065008;1;1.6698101747478513
617;5;617;0;45.17543343127745;30.13021825484905;34.04326488065008;1;1.6698101747478513
618;5;618;0;51.728752253727436;26.60508841048252;34.04326488065008;1;1.6698101747478513
619;5;619;0;69.70226093575155;15.496957604147862;34.04326488065008;1;1.6698101747478513
620;5;620;0;39.25505116277614;33.31488190241289;34.04326488065008;0;1.6698101747478513
621;5;621;0;40.096882083141494;32.862048249466795;34.04326488065008;0;1.6698101747478513
622;5;622;1;0.0;;34.04326488065008;0;1.6698101747478513
623;5;623;0;37.73713321242345;34.13139304936904;34.04326488065008;0;1.6698101747478513
624;5;624;0;51.16740952046537;26.29483098029443;34.04326488065008;1;1.6698101747478513
625;5;625;0;70.95186973752172;15.846173379818044;34.04326488065008;1;1.6698101747478513
626;5;626;0;36.03477567997513;35.04711705212284;34.04326488065008;0;1.6698101747478513
627;5;627;0;37.11948731055065;34.19552592750319;34.04326488065008;0;1.6698101747478513
628;5;628;0;46.08401285127567;28.542290300294876;34.04326488065008;1;1.6698101747478513
629;5;629;0;48.630744663510896;28.27155380156562;34.04326488065008;1;1.6698101747478513
630;5;630;0;62.0037626556245;19.991128864285937;34.04326488065008;1;1.6698101747478513
631;5;631;0;57.85925808947708;23.307396100956684;34.04326488065008;1;1.6698101747478513
632;5;632;0;38.05962561711082;33.95791948106797;34.04326488065008;0;1.6698101747478513
633;5;633;0;57.867572275907335;23.302923773650324;34.04326488065008;1;1.6698101747478513
634;5;634;1;0.0;;34.04326488065008;0;1.6698101747478513
635;5;635;0;35.43440196851422;35.37006720080075;34.04326488065008;0;1.6698101747478513
636;5;636;0;36.80814295167503;34.63111103685218;34.04326488065008;0;1.6698101747478513
637;5;637;0;66.83221220338969;18.480707640336444;34.04326488065008;1;1.6698101747478513
638;5;638;0;62.634669910344584;20.738629467596503;34.04326488065008;1;1.6698101747478513
639;5;639;0;39.062450881561674;32.83831451062682;34.04326488065008;0;1.6698101747478513
640;5;640;0;37.10098826132352;34.47358509178627;34.04326488065008;0;1.6698101747478513
641;5;641;0;50.785484496953615;27.112486480181342;34.04326488065008;1;1.6698101747478513
642;5;642;0;39.13920743464813;32.90913435019084;34.04326488065008;0;1.6698101747478513
643;5;643;0;62.20133894730184;20.494128355016745;34.04326488065008;1;1.6698101747478513
644;5;644;0;39.66225169831418;33.09584254245535;34.04326488065008;0;1.6698101747478513
645;5;645;0;68.737067143836;17.45605720264479;34.04326488065008;1;1.6698101747478513
