simulated_sales_data.csv.csv
;global_id;date_placed;offer_dummy;sales;price;avg_price;promo_dummy;elasticity
646;5;646;0;36.21083880500576;34.952410019952865;34.04326488065008;0;1.6698101747478513
647;5;647;0;39.99685386072107;32.49523017810244;34.04326488065008;0;1.6698101747478513
648;5;648;0;39.8592240418997;32.85564843066961;34.04326488065008;0;1.6698101747478513
649;5;649;0;37.925301705524156;34.03017435563993;34.04326488065008;0;1.6698101747478513
650;5;650;0;55.413009577623676;24.623270373139242;34.04326488065008;1;1.6698101747478513
651;5;651;0;46.79097619467726;29.26119323647188;34.04326488065008;0;1.6698101747478513
652;5;652;0;65.72106633226812;18.457317377791107;34.04326488065008;1;1.6698101747478513
653;5;653;0;40.868872564602775;32.3627121975496;34.04326488065008;0;1.6698101747478513
654;5;654;0;54.38558611025433;24.418693972558764;34.04326488065008;1;1.6698101747478513
655;5;655;0;34.10334784924075;35.39945391442218;34.04326488065008;0;1.6698101747478513
656;5;656;0;69.03089145723808;17.29800463657309;34.04326488065008;1;1.6698101747478513
657;5;657;0;62.892992949167194;20.09499386462727;34.04326488065008;1;1.6698101747478513
658;5;658;0;63.70416190210392;20.163333462533167;34.04326488065008;1;1.6698101747478513
659;5;659;0;53.74475732790759;24.446329355722273;34.04326488065008;1;1.6698101747478513
660;5;660;0;57.908009583618394;23.281171930942815;34.04326488065008;1;1.6698101747478513
661;5;661;0;44.81755572192065;30.191961464705297;34.04326488065008;1;1.6698101747478513
662;5;662;0;65.94744935704882;18.33459855613787;34.04326488065008;1;1.6698101747478513
663;5;663;0;61.368637465490416;21.41964757097382;34.04326488065008;1;1.6698101747478513
664;5;664;0;73.04130140162776;14.93431173873086;34.04326488065008;1;1.6698101747478513
665;5;665;0;59.05788080029287;22.06424879066454;34.04326488065008;1;1.6698101747478513
666;5;666;1;0.0;;34.04326488065008;0;1.6698101747478513
667;5;667;0;50.905101874311555;26.784108130838742;34.04326488065008;1;1.6698101747478513
668;5;668;0;42.607726807108065;31.511426692538517;34.04326488065008;1;1.6698101747478513
669;5;669;0;55.73691906583159;24.039820460614997;34.04326488065008;1;1.6698101747478513
670;5;670;0;65.79534625900524;18.522665878498515;34.04326488065008;1;1.6698101747478513
671;5;671;0;46.14528328958295;29.10765931527758;34.04326488065008;1;1.6698101747478513
672;5;672;0;41.78634485241036;31.528144228384832;34.04326488065008;0;1.6698101747478513
673;5;673;1;0.0;;34.04326488065008;0;1.6698101747478513
